===== L1 · 两个列表「置顶 + 最近编辑在前」=====
  ✅ L1-① 菜品卡列表排序：sortList 同时按置顶与 updated_at 排序（键=card_code）
  ✅ L1-② 原料列表排序：sortList 同时按置顶与 updated_at 排序（键=id）
  ✅ L1-③ applyFilter 把结果交给 sortList（菜品卡）
  ✅ L1-④ applyFilter 把结果交给 sortList（原料）

===== L2 · 排序键必须由云函数出参带出来 =====
  ✅ L2-1 getCostCard：出参带 updated_at，且 fail-soft 退回 created_at → 0
  ✅ L2-2 getCardVersions：出参带 updated_at，且 fail-soft 退回 created_at → 0
  ✅ L2-3 getMaterial：出参带 updated_at，且 fail-soft 退回 created_at → 0

===== L3 · 置顶落在既有 shop 文档（零新建集合）=====
  ✅ L3-① 置顶校验/写库/下发三处齐备（落在既有 shop 文档）
  ✅ L3-② 集合单源里无置顶新集合（复用 shop 文档）
  ✅ L3-③ 置顶写入沿用三态语义（undefined = 不动库）—— 只改置顶不会顺手清掉别的店铺字段

===== L4 · 原料选择走独立页（搜索 + 分组）=====
  ✅ L4-① 原料走独立选择页（模板已无原生 materials picker）
  ✅ L4-② 跳转带 idx（选择页知道自己该填哪一行）
  ✅ L4-③ 选择页四件套齐全（4/4）且已在 app.json 注册
  ✅ L4-④ 选择页有搜索（onKeyword）与分组（buildGroups → groups）

===== L5 · 连续录入（防第二道覆盖第一道）=====
  ✅ L5-① 菜品卡编辑页：保存后按 isEdit 分支（编辑=回列表 / 新增=连续录入）
  ✅ L5-② 原料编辑页：保存后按 isEdit 分支（编辑=回列表 / 新增=连续录入）
  ✅ L5-③ afterSaved 清空了 card_code（不会覆盖上一条）
  ✅ L5-④ afterSaved 清空了 id（不会覆盖上一条）
  ✅ L5-⑤ 两页都有显式「返回列表」出口（不打断，也不把人困住）

===== L6 · WXML 表达式不得调方法 =====
  ✅ L6-① pages/card/index.wxml：模板 {{}} 内无方法调用（标记由 JS 预先打好）
  ✅ L6-② pages/material/index.wxml：模板 {{}} 内无方法调用（标记由 JS 预先打好）
  ✅ L6-③ pages/material/pick.wxml：模板 {{}} 内无方法调用（标记由 JS 预先打好）

===== S · 自失效护栏 =====
  ✅ S1 扫描面完整：17 个目标文件全部可读
  ✅ S2 全部 6 条判据在空输入时 fail-closed（读不到文件绝不假绿）
  ✅ S3 命中数下界：sortList ≥ 2（实 4）· 出参 updated_at ≥ 3（实 3）

===== C · 反恒真影子样本 =====
  ✅ C1 影子样本「sortList 漏置顶」判红
  ✅ C2 影子样本「等价改写的 sortList」判绿（判行为不判字面）
  ✅ C2b 影子样本「定义在调用之后」仍能定位到定义体（防 indexOf 命中调用处）
  ✅ C3 影子样本「updated_at 不退回 created_at」判红
  ✅ C4 影子样本「WXML 内调 indexOf」判红
  ✅ C5 影子样本「afterSaved 不清 card_code」判红且点名到该键
  ✅ C6 影子样本「原料回退原生 picker」判红

===== R156 列表排序/置顶·原料选择·连续录入 守卫结果：32 通过 / 0 失败 =====
