===== A. 解析器钉死样本（先证明解析器有效）=====
✅ A-① 单键表达式解析出 1 条
✅ A-② 单键候选数 = 1 且键名正确
✅ A-③ `||` 表达式候选数 = 1 + ALIASES[def.primary] 长度（= 5）
✅ A-④ 别名 def.primary 被逐个展开为 4 个键
✅ A-⑤ 非按钮行不误抓

===== B. 真实扫描（pages/ utils/ app.js）=====
   扫描文件 44 个，命中按钮引用 36 条，候选 46 个
   · pages\card\edit.js:569 confirmText = TERMS.card.delLineConfirmOk
   · pages\card\edit.js:570 cancelText = TERMS.buttons.cancel
   · pages\card\edit.js:816 cancelText = TERMS.buttons.cancel
   · pages\card\index.js:282 cancelText = TERMS.buttons.thinkAgain
   · pages\card\index.js:283 confirmText = TERMS.exp.serviceEntry
   · pages\card\index.js:310 cancelText = TERMS.buttons.cancel
   · pages\card\index.js:329 cancelText = TERMS.buttons.cancel
   · pages\card\index.js:389 cancelText = TERMS.buttons.cancel
   · pages\card\version.js:135 cancelText = TERMS.buttons.cancel
   · pages\material\index.js:240 cancelText = TERMS.buttons.cancel
   · pages\mine\index.js:99 confirmText = TERMS.exp.guideOk
   · pages\mine\index.js:110 confirmText = TERMS.buttons.thinkAgain || '知道了'
   · pages\mine\index.js:121 confirmText = TERMS.buttons.thinkAgain || '知道了'
   · pages\mine\index.js:132 confirmText = TERMS.exp.goSetting
   · pages\mine\index.js:133 cancelText = TERMS.buttons.cancel
   · pages\mine\index.js:146 confirmText = TERMS.exp.logoutTitle
   · pages\mine\index.js:147 cancelText = TERMS.exp.cancelLogout
   · pages\month\input.js:386 confirmText = TERMS.ledger.copyPrevOkBtn
   · pages\month\input.js:387 cancelText = TERMS.ledger.copyPrevCancelBtn
   · pages\pay\orders.js:98 confirmText = TERMS.buttons.gotIt
   · pages\pay\orders.js:115 confirmText = TERMS.buttons.thinkAgain
   · pages\sandbox\index.js:196 confirmText = TERMS.m2.draftClearOk
   · pages\sandbox\index.js:197 cancelText = TERMS.buttons.cancel
   · pages\shop\switch.js:164 cancelText = TERMS.buttons.thinkAgain
   · pages\shop\switch.js:165 confirmText = TERMS.exp.resetOk
   · pages\shop\switch.js:225 cancelText = TERMS.buttons.thinkAgain
   · pages\shop\switch.js:229 confirmText = TERMS.exp.deleteOk
   · utils\paywall.js:43 cancelText = def.secondary || buttons.cancel
   · utils\paywall.js:45 confirmText = TERMS.paywall.ctaShort || def.primary
   · utils\paywall.js:71 confirmText = TERMS.buttons.gotIt
   · utils\paywall.js:105 cancelText = TERMS.buttons.thinkAgain
   · utils\paywall.js:106 confirmText = TERMS.exp.serviceEntry
   · app.js:57 confirmText = TERMS.exp.updateConfirm
   · app.js:58 cancelText = TERMS.exp.updateCancel
   · app.js:118 confirmText = TERMS.exp.privacyAgree
   · app.js:119 cancelText = TERMS.exp.privacyDisagree
✅ B-① 按钮引用条数下界 ≥ 6（防引用被删光导致空跑）
✅ B-② 所有按钮表达式均可解析（无无法识别的片段）
✅ B-③ 全部按钮文案 ≤ 4 字（实际检查 36 条引用）

===== C. 反恒真（同一判据的正负互证）=====
✅ C-① 影子：6 字 / 5 字文案必须判红（证明有分辨力）
✅ C-② 影子：3 字 / 3 字文案必须判绿
✅ C-③ 影子：真实超长键 paywall.saveLimit.primary 若回到 6 字会被判红（用同长度字面量代理）
✅ C-④ 别名表防腐化：paywall.js 内 def 仍来自 TERMS.paywall
✅ C-⑤ 别名表防腐化：paywall.js 内 buttons 仍来自 TERMS.buttons

===== D. 断言数下界（防后人删断言）=====
✅ D-① 断言数 ≥ 12（累计 ✅ 13 条 / ❌ 0 条）

==== R145 showModal 按钮文案长度守卫：14 通过 / 0 失败 ====
✅ R145 通过：14 条断言全绿，36 条按钮引用文案均 ≤ 4 字
