===== 验收 1 · 表单校验（前端体验层）=====
✅ 金额负数 → 拦截
✅ 金额负数错误码 = INVALID_PARAM（全局标准码）
✅ 金额合法放行
✅ 金额空 → 拦截
✅ 必填空 → 拦截
✅ 月份格式错误 → 拦截
✅ 月份格式正确放行
✅ 百分比 >100 → 拦截
✅ 正整数（份数）→ 拦截 0
✅ 批量校验任一失败即拦
✅ 错误文案走 i18n 映射
===== 验收 2 · 防重复提交（loading.withLock 语义）=====
✅ 连点两次只执行一次  (calls=1)
✅ 执行后 loading 恢复 false
✅ 恢复后可再次执行
✅ set 生成 loading_<key> 片段
===== 验收 3 · 多店隔离 + 持久化 =====
✅ 持久化键 shop_switcher_shop_id
✅ restoreShopId 无缓存返回空串
✅ 列表仅活跃店铺（is_deleted=false 由后端过滤）
✅ 切换后 globalData.shop_id = 新店
✅ 切换后持久化

==== 批次 7 前端工具自测结果：20 通过 / 0 失败 ====
