
【⓪ 模块在场（读不到即红，不静默放行）】
  ✅ 0-① service.js 在场 —— cloudfunctions/getDishReview/service.js
  ✅ 0-② index.js 在场 —— cloudfunctions/getDishReview/index.js
  ✅ 0-③ service.js 导出 buildDishReview —— function
  ✅ 0-④ 单源依赖可 require（dishKey / utilTime）

【① 真的调生产 buildDishReview（不是读源码字面）】
  ✅ 1-① 取最新版本成本（3×900=2700，非 3×800=2400） —— totalCostFen=2700
  ✅ 1-② 毛利 = 营收 − 成本（6000−2700=3300）
  ✅ 1-③ 毛利率 = round(毛利/营收×10000)/100（55）
  ✅ 1-④ 未匹配单列、不混入明细 —— unmatched=1 ranked=1
  ✅ 1-⑤ 未匹配**不带**成本/毛利字段（无成本可算，不得造 0）
  ✅ 1-⑥ totals.qty 含未匹配（1+4=5） —— qty=5
  ✅ 1-⑦ totals.costFen/grossFen 只算已匹配（900/1100）
  ✅ 1-⑧ 同 dish_key 聚合为一行（不重复列菜）
  ✅ 1-⑨ 聚合后 qty=5 / amountFen=2500
  ✅ 1-⑩ 负毛利可表达（−2000）且负率（−80）
  ✅ 1-⑪ 营收 0 ⇒ marginPct = 0（不得 NaN/Infinity） —— marginPct=0
  ✅ 1-⑫ 营收 0 但成本照算（毛利 −200）
  ✅ 1-⑬ 排名按毛利降序（红烧肉 3300 > 米饭 800）
  ✅ 1-⑭ 空/空白 dish_key 跳过（不计入 totals、不进未匹配） —— qty=1
  ✅ 1-⑮ snapshot_month 走 UTC 单源（1790789400000 ⇒ 2026-09） —— snapshot_month=2026-09
  ✅ 1-⑯ 空输入不崩且三字段齐（反恒真：证明函数真被调到）

【② 架构：算法必须在 service.js、index.js 只做编排（防退化回内联）】
  ✅ 2-① index.js require 了 ./service —— require("./service")
  ✅ 2-② index.js 调用了 buildDishReview
  ✅ 2-③ index.js 不再内联聚合逻辑（无 `new Map()` 聚合块 / 无手写毛利率公式） —— 内联算法已清除
  ✅ 2-④ service.js **零外部依赖**（不得 require wx-server-sdk / 不得碰 db） —— 纯函数保持可测
  ✅ 2-⑤ service.js 导出 buildDishReview（module.exports）

【③ 单源：归一与月份必须来自 common（C-9/C-10 防复发）】
  ✅ 3-① service.js 不从云依赖取归一（归一由入参注入） —— deps 注入
  ✅ 3-② index.js 的归一/月份来自 common 单源
  ✅ 3-③ index.js/service.js 内不得出现本地时区的月份拼装（防 C-10 复发）

【④ 自失效护栏（扫描面一旦扫空，上面判据会恒绿）】
  ✅ 4-① index.js 非空且规模合理（> 40 行） —— 80 行
  ✅ 4-② service.js 非空且规模合理（> 60 行） —— 166 行
  ✅ 4-③ 关键锚点在场：index.js 有鉴权 + 付费墙
  ✅ 4-④ 关键锚点在场：service.js 有 5 个口径段标记

===== getDishReview 算法层守卫结果：32 通过 / 0 失败 =====
