
===== S · 扫描面（service.js 可加载 + 真样例 dump 可读） =====
  ✅ S-① service.js 可加载且导出 parseDishSalesC(function) / DISH_SHAPES.C / saleDocId —— DISH_SHAPES.C=waimai_goods（xlsx 空桩）
  ✅ S-② 真样例 dump 可读且数据行 ≥ 355（R1 表头 + R2~R355 数据） —— 355 行

===== R-C1 · 真样例复算（Σ销量/Σ销售额/行数/天数/商品数/零价行） =====
  ✅ R-C1-① 行数 = 354（单行表头 R1，数据 R2 起） —— 354 行
  ✅ R-C1-② Σ销量 = 118 —— 118
  ✅ R-C1-③ Σ销售额 = 1823.08（amountFen=182308） —— 182308 分
  ✅ R-C1-④ 天数 = 7（按 bizDate 分 7 组） —— 7 组
  ✅ R-C1-⑤ 商品数 = 51（去重） —— 51 个
  ✅ R-C1-⑥ zeroAmountQty 恰 1 条（来点辣椒吗 qty=43） —— [{"name":"来点辣椒吗","qty":43}]
  ✅ R-C1-⑦ 组日期序正确（首末 = 09-07 / 09-13） —— 2026-09-07~2026-09-08~2026-09-09~2026-09-10~2026-09-11~2026-09-12~2026-09-13

===== R-C2 · 反例（改回错写法 ⇒ 数字必须变，证明规则非恒真） =====
  ✅ R-C2-① 反例：误用「订单交易额」Σ=2974.91 ≠ 正确 1823.08（禁止订单交易额有意义） —— 2974.91 vs 1823.08
  ✅ R-C2-② 反例：网格 51×7=357 ≠ 实得 354（禁止补零有意义） —— 51×7=357 vs 354
  ✅ R-C2-③ 反例：销量列全为文本（Number.isFinite("43")=false 会误杀）⇒ 必须 toNum —— qtyAllText=true / isFinite("43")=false

===== R-C3 · 幂等（同表重导 ⇒ _id 集合逐字节相同） =====
  ✅ R-C3-① 同表重导 ⇒ _id 集合逐字节相同 —— idCount=354

===== R-C4 · 自失效护栏（扫描面非退化 + 关键锚点在场） =====
  ✅ R-C4-① 扫描面非退化：dump 行数 ≥ 355 —— 355 行
  ✅ R-C4-② 表头 18 列且含 5 白名单列 —— 18 列
  ✅ R-C4-③ 关键锚点在场：形态 C 判定不回归（detectDishShape=waimai_goods） —— waimai_goods

===== formc-parse 守卫结果：16 通过 / 0 失败 =====
