
===== A 组 · 折叠块结构（9 处，key 与文案变量必须一一对应） =====
  ✅ A0 四个源文件均可读
  ✅ A1 解析到折叠块 15 处
  ✅ A2-① 每处折叠块都有 data-key 字面量
  ✅ A2-② data-key 无重复（不会互相抢状态）
  ✅ A3 每处 guide 引用的 key ≡ 自己的 data-key
  ✅ A4 每处 body 文案变量都在 js t:{} 里有映射（含计算式映射）
  ✅ A5 每处 body 的 wx:if 都引用自己的 hintFold 键
  ✅ A5b 每处折叠块的外层容器 class 均为 hint-fold
  ✅ A6 目标 15 项全部落地

===== B 组 · handler 与状态初值（默认必须收起） =====
  ✅ B1 onToggleHintFold 存在
  ✅ B2 handler 从 dataset.key 取折叠键（与 wxml 约定一致）
  ✅ B3 handler 含取反语义（是真开关，不是假开关）
  ✅ B4 无 key 时早退（不会误翻别的折叠块）
  ✅ B5 hintFold 初值为 {} ⇒ 默认全部收起
  ✅ B6 箭头用 ASCII 单引号的 ▾/▸

===== C 组 · 样式（字号 ≥28rpx · 触控行 ≥88rpx） =====
  ✅ C1 hint-fold-guide 字号 28rpx ≥28
  ✅ C2 hint-fold-body 字号 28rpx ≥28
  ✅ C3 hint-fold-head 触控行高 88rpx ≥88

===== D 组 · 术语三处（terms 源 / specs 副本 / 页面 t:{} 映射） =====
  ✅ D1 terms.js 与 specs 副本逐字节一致
  ✅ D2-hintFoldShow hintFoldShow 在 terms 源与页面 t:{} 均登记
  ✅ D2-hintFoldHide hintFoldHide 在 terms 源与页面 t:{} 均登记

===== S 组 · 自失效护栏（扫描面非退化 + 关键锚点在场） =====
  ✅ S1 wxml 非退化（31358 字节）
  ✅ S2 折叠块数 15 ≥ 目标 15
  ✅ S3 仍保有 8 处短提示（未被一刀切折叠）
  ✅ S4 本轮断言 24 条（判据集合被改小即转红）
  ✅ S5 断言数 25 ≥ 20

===== V 组 · 负样本互证（旧写法必须被判红） =====
  ✅ V-1 旧写法（平铺 .hint）解析出 0 处折叠块 ⇒ 判据能识别退化
  ✅ V-2 合成样本能解析出 key≠guide 的不一致 ⇒ A3 会判红（判据非恒绿）
  ✅ V-3 样本 body 无 wx:if ⇒ A5 会判红（能抓「折了但永远展开」）
  ✅ V-4 cssBlock 对不存在的类返回 null（C 组不会假绿）
  ✅ V-5 剥注释有效：裸扫 4 处（含注释 2 处假实例）→ 剥后 2 处（真值）
  ✅ V-5b 无注释样本剥前剥后一致（不误伤）

===== E 组 · R234/J3 首页折叠引导条 =====
  ✅ E1 引导条头行在场且绑 onToggleGuide
  ✅ E2 body 受 `wx:if="{{guideOpen}}"` 控制（真折叠，非摆设）
  ✅ E3 收起/展开引导语随 guideOpen 切换（收起=「第一次用？看这里」）
  ✅ E4 箭头字形随 guideOpen 切换（▸/▾）
  ✅ E5 首页 t:{} 三键映射齐全（guideFoldShow/Hide/guideBody）
  ✅ E6 guideOpen 默认 false（默认收起，不占首屏）
  ✅ E7 onToggleGuide 真取反（不是恒 true/false 的死开关）
  ✅ E8 .guide-fold 无背景（不套外层卡 ⇒ 不与 body 形成双层圆角）
  ✅ E9 字号达标（引导 28rpx / 正文 28rpx ≥ 28）
  ✅ E10 触控行高 88rpx ≥ 88（AD-G2 红线）
  ✅ E11 四步正文复用 exp.guideBody 单源（不与 mine 页各写一份）
  ✅ E12 mine 页「使用指引」弹窗仍在（与首页常驻条并存，非替代）
  ✅ E13 index.wxml 非退化（4098 字节）
  ✅ E14 首页三张模块卡仍在（引导条未挤掉主入口）
  ✅ E15 引导条位于三张模块卡之后（未遮挡主入口）
  ✅ E-V1 负样本（body 无 wx:if）会被 E2 判红 ⇒ 首页判据非恒绿

===== F 组 · R234/J4 多页面句级折叠（数据驱动） =====
  ✅ F1-sandbox 目标折叠项全落地（10 处）
  ✅ F2-sandbox 无期望外的折叠块（未误改）
  ✅ F3-sandbox 10 处折叠四要素自洽（key↔guide↔body↔wx:if）
  ✅ F3b-sandbox 折叠块外层容器 class 均为 hint-fold
  ✅ F4-sandbox onToggleHintFold 在场且真取反
  ✅ F5-sandbox hintFold 默认空 map（全收起）
  ✅ F6-sandbox t:{} 两键映射齐全（hintFoldShow/Hide）
  ✅ F7-sandbox 折叠正文 28rpx ≥ 28（AD-G1）
  ✅ F8-sandbox 折叠头行 88rpx ≥ 88（AD-G2）
  ✅ F9-sandbox 仍有 7 处短提示平铺（分层两侧都守住）
  ✅ F10-sandbox 区段级折叠 3 处仍在（两级并存互不吃）
  ✅ F11-sandbox wxml 非退化（23788 字节 ≥ 8000）
  ✅ F12-sandbox 受守长提示 10 条 ≥ 5（判据集合被改小即转红）
  ✅ F13-sandbox 10 处 data-key 无重复（不会互相抢状态）
  ✅ F1-assetEdit 目标折叠项全落地（2 处）
  ✅ F2-assetEdit 无期望外的折叠块（未误改）
  ✅ F3-assetEdit 2 处折叠四要素自洽（key↔guide↔body↔wx:if）
  ✅ F3b-assetEdit 折叠块外层容器 class 均为 hint-fold
  ✅ F4-assetEdit onToggleHintFold 在场且真取反
  ✅ F5-assetEdit hintFold 默认空 map（全收起）
  ✅ F6-assetEdit t:{} 两键映射齐全（hintFoldShow/Hide）
  ✅ F7-assetEdit 折叠正文 28rpx ≥ 28（AD-G1）
  ✅ F8-assetEdit 折叠头行 88rpx ≥ 88（AD-G2）
  ✅ F9-assetEdit 仍有 2 处短提示平铺（分层两侧都守住）
  ✅ F10-assetEdit 区段级折叠 0 处仍在（两级并存互不吃）
  ✅ F11-assetEdit wxml 非退化（3995 字节 ≥ 1600）
  ✅ F12-assetEdit 受守长提示 2 条 ≥ 2（判据集合被改小即转红）
  ✅ F13-assetEdit 2 处 data-key 无重复（不会互相抢状态）
  ✅ F1-amortize 目标折叠项全落地（2 处）
  ✅ F2-amortize 无期望外的折叠块（未误改）
  ✅ F3-amortize 2 处折叠四要素自洽（key↔guide↔body↔wx:if）
  ✅ F3b-amortize 折叠块外层容器 class 均为 hint-fold
  ✅ F4-amortize onToggleHintFold 在场且真取反
  ✅ F5-amortize hintFold 默认空 map（全收起）
  ✅ F6-amortize t:{} 两键映射齐全（hintFoldShow/Hide）
  ✅ F7-amortize 折叠正文 28rpx ≥ 28（AD-G1）
  ✅ F8-amortize 折叠头行 88rpx ≥ 88（AD-G2）
  ✅ F9-amortize 仍有 1 处短提示平铺（分层两侧都守住）
  ✅ F10-amortize 区段级折叠 0 处仍在（两级并存互不吃）
  ✅ F11-amortize wxml 非退化（7105 字节 ≥ 1600）
  ✅ F12-amortize 受守长提示 2 条 ≥ 2（判据集合被改小即转红）
  ✅ F13-amortize 2 处 data-key 无重复（不会互相抢状态）
  ✅ F1-takeaway 目标折叠项全落地（2 处）
  ✅ F2-takeaway 无期望外的折叠块（未误改）
  ✅ F3-takeaway 2 处折叠四要素自洽（key↔guide↔body↔wx:if）
  ✅ F3b-takeaway 折叠块外层容器 class 均为 hint-fold
  ✅ F4-takeaway onToggleHintFold 在场且真取反
  ✅ F5-takeaway hintFold 默认空 map（全收起）
  ✅ F6-takeaway t:{} 两键映射齐全（hintFoldShow/Hide）
  ✅ F7-takeaway 折叠正文 28rpx ≥ 28（AD-G1）
  ✅ F8-takeaway 折叠头行 88rpx ≥ 88（AD-G2）
  ✅ F9-takeaway 仍有 1 处短提示平铺（分层两侧都守住）
  ✅ F10-takeaway 区段级折叠 0 处仍在（两级并存互不吃）
  ✅ F11-takeaway wxml 非退化（13064 字节 ≥ 1600）
  ✅ F12-takeaway 受守长提示 2 条 ≥ 2（判据集合被改小即转红）
  ✅ F13-takeaway 2 处 data-key 无重复（不会互相抢状态）
  ✅ F1-monthIndex 目标折叠项全落地（1 处）
  ✅ F2-monthIndex 无期望外的折叠块（未误改）
  ✅ F3-monthIndex 1 处折叠四要素自洽（key↔guide↔body↔wx:if）
  ✅ F3b-monthIndex 折叠块外层容器 class 均为 hint-fold
  ✅ F4-monthIndex onToggleHintFold 在场且真取反
  ✅ F5-monthIndex hintFold 默认空 map（全收起）
  ✅ F6-monthIndex t:{} 两键映射齐全（hintFoldShow/Hide）
  ✅ F7-monthIndex 折叠正文 28rpx ≥ 28（AD-G1）
  ✅ F8-monthIndex 折叠头行 88rpx ≥ 88（AD-G2）
  ✅ F9-monthIndex 仍有 1 处短提示平铺（分层两侧都守住）
  ✅ F10-monthIndex 区段级折叠 0 处仍在（两级并存互不吃）
  ✅ F11-monthIndex wxml 非退化（3584 字节 ≥ 1500）
  ✅ F12-monthIndex 受守长提示 1 条 ≥ 1（判据集合被改小即转红）
  ✅ F13-monthIndex 1 处 data-key 无重复（不会互相抢状态）
  ✅ F1-shopSwitch 目标折叠项全落地（1 处）
  ✅ F2-shopSwitch 无期望外的折叠块（未误改）
  ✅ F3-shopSwitch 1 处折叠四要素自洽（key↔guide↔body↔wx:if）
  ✅ F3b-shopSwitch 折叠块外层容器 class 均为 hint-fold
  ✅ F4-shopSwitch onToggleHintFold 在场且真取反
  ✅ F5-shopSwitch hintFold 默认空 map（全收起）
  ✅ F6-shopSwitch t:{} 两键映射齐全（hintFoldShow/Hide）
  ✅ F7-shopSwitch 折叠正文 28rpx ≥ 28（AD-G1）
  ✅ F8-shopSwitch 折叠头行 88rpx ≥ 88（AD-G2）
  ✅ F9-shopSwitch 仍有 0 处短提示平铺（分层两侧都守住）
  ✅ F10-shopSwitch 区段级折叠 0 处仍在（两级并存互不吃）
  ✅ F11-shopSwitch wxml 非退化（3219 字节 ≥ 1500）
  ✅ F12-shopSwitch 受守长提示 1 条 ≥ 1（判据集合被改小即转红）
  ✅ F13-shopSwitch 1 处 data-key 无重复（不会互相抢状态）
  ✅ F1-materialEdit 目标折叠项全落地（1 处）
  ✅ F2-materialEdit 无期望外的折叠块（未误改）
  ✅ F3-materialEdit 1 处折叠四要素自洽（key↔guide↔body↔wx:if）
  ✅ F3b-materialEdit 折叠块外层容器 class 均为 hint-fold
  ✅ F4-materialEdit onToggleHintFold 在场且真取反
  ✅ F5-materialEdit hintFold 默认空 map（全收起）
  ✅ F6-materialEdit t:{} 两键映射齐全（hintFoldShow/Hide）
  ✅ F7-materialEdit 折叠正文 28rpx ≥ 28（AD-G1）
  ✅ F8-materialEdit 折叠头行 88rpx ≥ 88（AD-G2）
  ✅ F9-materialEdit 仍有 1 处短提示平铺（分层两侧都守住）
  ✅ F10-materialEdit 区段级折叠 0 处仍在（两级并存互不吃）
  ✅ F11-materialEdit wxml 非退化（4751 字节 ≥ 1500）
  ✅ F12-materialEdit 受守长提示 1 条 ≥ 1（判据集合被改小即转红）
  ✅ F13-materialEdit 1 处 data-key 无重复（不会互相抢状态）
  ✅ F1-cardIndex 目标折叠项全落地（1 处）
  ✅ F2-cardIndex 无期望外的折叠块（未误改）
  ✅ F3-cardIndex 1 处折叠四要素自洽（key↔guide↔body↔wx:if）
  ✅ F3b-cardIndex 折叠块外层容器 class 均为 hint-fold
  ✅ F4-cardIndex onToggleHintFold 在场且真取反
  ✅ F5-cardIndex hintFold 默认空 map（全收起）
  ✅ F6-cardIndex t:{} 两键映射齐全（hintFoldShow/Hide）
  ✅ F7-cardIndex 折叠正文 28rpx ≥ 28（AD-G1）
  ✅ F8-cardIndex 折叠头行 88rpx ≥ 88（AD-G2）
  ✅ F9-cardIndex 仍有 0 处短提示平铺（分层两侧都守住）
  ✅ F10-cardIndex 区段级折叠 0 处仍在（两级并存互不吃）
  ✅ F11-cardIndex wxml 非退化（4840 字节 ≥ 1500）
  ✅ F12-cardIndex 受守长提示 1 条 ≥ 1（判据集合被改小即转红）
  ✅ F13-cardIndex 1 处 data-key 无重复（不会互相抢状态）
  ✅ F1-inventory 目标折叠项全落地（1 处）
  ✅ F2-inventory 无期望外的折叠块（未误改）
  ✅ F3-inventory 1 处折叠四要素自洽（key↔guide↔body↔wx:if）
  ✅ F3b-inventory 折叠块外层容器 class 均为 hint-fold
  ✅ F4-inventory onToggleHintFold 在场且真取反
  ✅ F5-inventory hintFold 默认空 map（全收起）
  ✅ F6-inventory t:{} 两键映射齐全（hintFoldShow/Hide）
  ✅ F7-inventory 折叠正文 28rpx ≥ 28（AD-G1）
  ✅ F8-inventory 折叠头行 88rpx ≥ 88（AD-G2）
  ✅ F9-inventory 仍有 1 处短提示平铺（分层两侧都守住）
  ✅ F10-inventory 区段级折叠 0 处仍在（两级并存互不吃）
  ✅ F11-inventory wxml 非退化（2366 字节 ≥ 1500）
  ✅ F12-inventory 受守长提示 1 条 ≥ 1（判据集合被改小即转红）
  ✅ F13-inventory 1 处 data-key 无重复（不会互相抢状态）
  ✅ F1-cardEdit 目标折叠项全落地（1 处）
  ✅ F2-cardEdit 无期望外的折叠块（未误改）
  ✅ F3-cardEdit 1 处折叠四要素自洽（key↔guide↔body↔wx:if）
  ✅ F3b-cardEdit 折叠块外层容器 class 均为 hint-fold
  ✅ F4-cardEdit onToggleHintFold 在场且真取反
  ✅ F5-cardEdit hintFold 默认空 map（全收起）
  ✅ F6-cardEdit t:{} 两键映射齐全（hintFoldShow/Hide）
  ✅ F7-cardEdit 折叠正文 28rpx ≥ 28（AD-G1）
  ✅ F8-cardEdit 折叠头行 88rpx ≥ 88（AD-G2）
  ✅ F9-cardEdit 仍有 0 处短提示平铺（分层两侧都守住）
  ✅ F10-cardEdit 区段级折叠 0 处仍在（两级并存互不吃）
  ✅ F11-cardEdit wxml 非退化（16975 字节 ≥ 1500）
  ✅ F12-cardEdit 受守长提示 1 条 ≥ 1（判据集合被改小即转红）
  ✅ F13-cardEdit 1 处 data-key 无重复（不会互相抢状态）
  ✅ F-V1 负样本（key≠guide≠body 条件）会被 F3 判红 ⇒ M2 页判据非恒绿
  ✅ F-V2 F13 双向互证：两不同键 ⇒ 无重复；两处同键 ⇒ 恰报 [AAA]

===== 行内提示折叠守卫结果：190 通过 / 0 失败 =====
