
===== P 前置：扫描面非退化（否则 A/B/C 会静默恒绿） =====
  ✅ P-① 两个面文件可读且非空 —— index.js 48175 字符 · index.wxml 23788 字符
  ✅ P-② wxml 里带 value 绑定的 `<input>` ≥ 6（提取器没被写窄） —— 15 个
  ✅ P-③ terms.js / bizPreset.js 可读 —— terms 64440 字符 · bizPreset 11435 字符

===== A 主判据：坪效 / 目标租金率 不得出现在输入区（R223 §3.2 落守） =====
  ✅ A-① wxml 的 input value 绑定**零**专业指标字段 —— 受检 15 个绑定
  ✅ A-② index.js（剥注释）**不得再声明**这些字段 —— 零残留（删输入也删字段）
  ✅ A-③ 不得残留孤立 handler（防"UI 删了、逻辑还在"） —— 零残留 handler
  ✅ A-④ 关键锚点 `rentRateDefault()` 在场（租金率改由系统按行规派生） —— 函数体可解析
  ✅ A-⑤ `buildPresetParam` 内 `target_rent_rate` 取自 `rentRateDefault()`（不是用户输入） —— target_rent_rate: this.rentRateDefault()
  ✅ A-⑥ 每个输入字段都已登记用途（未登记即红 ⇒ 防"填了没用的死输入"） —— 已登记 10 项 + 5 项行内明细
  ✅ A-⑦ 白名单本身非退化（条目数 ≥ 10，且与实扫绑定有交集） —— 白名单 13 项 · 命中 10 项

===== B 主判据：业态预设必须平铺（不再先问"你属于哪个大类"） =====
  ✅ B-⓪ `syncPresetOptions` 函数体**可解析**（解析不到即判红，否则 B-①/② 恒真） —— 函数体 500 字符
  ✅ B-① 函数体内**不得**按 `bizKey` 过滤选项（否则又变回两级 picker） —— 无 bizKey 过滤（6 项全给）
  ✅ B-② 选项由 `BIZ_PRESETS` 整体 `map` 得出（不是先筛后 map） —— BIZ_PRESETS.map((p) => ({ key: p.presetKey, name: this.data
  ✅ B-③ 选完预设必须回写 `bizIdx`（否则参考带停在旧业态，且零报错） —— onPreset 内有 bizIdx
  ✅ B-④ `bizKeyOfPreset` 被 require 且被调用（4 大类的映射只有一处） —— 页面引用 + 参数包导出均在位

===== C 主判据：结论先给判定（主结论卡）且判定**不自造** =====
  ✅ C-⓪ `verdictOf` 函数体可解析 —— 函数体 717 字符
  ✅ C-①a 渲染判定等级 `{{verdict.level}}`（卡片本体） —— 在场
  ✅ C-①b 渲染判定文案 `{{verdict.levelName}}`（等级要有中文） —— 在场
  ✅ C-①c 渲染卡片标题 `{{t.verdictTitle}}`（说清这张卡在答什么） —— 在场
  ✅ C-② `verdictOf` 内**不得**调用 `levelOf`（判定不自造） —— 零自造（只读引擎 level）
  ✅ C-③ `verdictOf` 内**不得**出现阈值比较（`>=` / `<=`） —— 零阈值比较
  ✅ C-④ `verdictOf` 读的是 rent 那一行（指标 key 锚定） —— 已锚 key=rent

===== D 主判据：结论与术语必须是餐饮人听得懂的话 =====
  ✅ D-① 结论四项文案**不含**「营收」这类财务书面词 —— 每月最少卖多少才不亏本 / 每天最少卖多少才不亏本 / 想赚这么多，每月要卖多少 / 想赚这么多，每天要卖多少
  ✅ D-② Tab 名是「已有铺面 / 寻找铺面」（不得退回算法词） —— 已有铺面 / 寻找铺面
  ✅ D-③ 房租指标名**带宾语**（不是光秃秃的「房租占比」） —— indNames.rent = 房租占营业额

===== V 负样本互证：旧写法喂给同一份判据，必须**转红** =====
  ✅ V-① 负样本（input 绑 revRentRate）会被 A-① 判红 —— 恰报 [revRentRate]
  ✅ V-② 负样本（按 bizKey 过滤）会被 B-① 判红 —— 已报红
  ✅ V-③ 正样本（BIZ_PRESETS 整体 map）**不误报**（防反向伤害） —— 未误报
  ✅ V-④ 负样本（verdictOf 内调 levelOf）会被 C-② 判红 —— 已报红
  ✅ V-⑤ 负样本（input 绑历史字段 pixelEffYuan）会被 A-① 判红 —— 恰报 [pixelEffYuan]
  ✅ V-⑥ 负样本（未登记的新字段 tableTurnoverYuan）会被 A-⑥ 判红 —— 已报红
  ✅ V-⑦ 正样本（已登记字段 seatsNum/avgPriceYuan/rentYuan）**不误报** —— 未误报

===== E 下界：断言数不得被悄悄删掉 =====
  ✅ E-① 断言总数 ≥ 25（首版实测 25 条：P3 + A5 + B5 + C5 + D3 + V4 + E1） —— 实际 32 条

===== M2 小白输入面守卫结果：33 通过 / 0 失败 =====
