===== A1 · 外卖组默认模式（按数据推断：细项行 >1 ⇒ 分项）=====
✅ A1 无缓存 + 单行 → 快速
✅ A1 无缓存 + 多行 → 分项
✅ A1 缓存 fast 优先于数据
✅ A1 缓存 detail 优先于数据
===== A2/A3 · 快速 4×1 与分项 4×3（平台名来自 terms）=====
✅ A2 平台清单 = terms takeaway items（4 个）  (美团外卖/淘宝闪购/京东外卖/其他外卖)
✅ A2 平台名单源：页面/工具内不出现平台字面（除 terms）
✅ A3 分项模式 4 平台行（restoreDetail 铺全）
✅ A3 每行 3 框 + 小计
✅ A3 小计自动 = goods+pack+subsidy  (150.00)
✅ A3 分项行 fixed（平台名固定不可删）
✅ A3 未填平台小计为空
===== A4 · 模式互斥 + 快照恢复 =====
✅ A4 快照回填：金额原样恢复
✅ A4 快照回填后小计重算  (92.00)
===== A5 · 粘贴提取（只提数字并求和；跳过表头/空/说明列）=====
✅ A5 提取并求和（跳表头/说明/空行；每行首个数字，末行 18.5 为真实数）  (sum=34)
✅ A5 千分位逗号正确解析  (sum=3234.56)
✅ A5 纯文字 → sum=0 且 numbers 空
===== A6 · 粘贴含「合计」行 → 弹确认标记（页面拦截，此处验证提取侧 hasTotal）=====
✅ A6 含合计行 → hasTotal=true
✅ A6 合计行不计入求和（防重复加）  (sum=30)
✅ A6 无合计 → hasTotal=false
===== A7 · 手写路径（粘贴非唯一入口：金额框直接填合计数可保存）=====
✅ A7 快速模式有 4 个金额框（手写可用）
✅ A7 分项模式金额框仍绑 onTwDetail（wx:for 模板 4 处 → 4 平台 × 4 框，手写可用）  (onTwDetail 模板 4 处)
✅ A7 buildItems 快速模式按金额行提交（非粘贴专属）
===== A8 · 自动带出（活动补贴合计 → 费用侧外卖活动补贴）=====
✅ A8 补贴合计 = 35.5  (sum=35.5)
✅ A8 营销项单源：费用营销含「外卖活动补贴」且顺序对齐  (外卖平台佣金/外卖配送服务费/外卖活动补贴/外卖配送补贴/外卖推广费/团购平台佣金/线上广告推广/宣传物料印刷/其他营销费)
✅ A8 带出实现存在（syncSubsidyCarry）
✅ A8 手改后不覆盖（twCarryLock 守卫）
===== A8b · R170 快速模式「其中商家承担补贴」带出 =====
✅ A8b 已删「快速模式直接 return」（首行不再有 takeoutMode !== detail）
✅ A8b 快速模式 subsidy 取数 = g.rows[].subsidy 求和
✅ A8b 带出结果 twCarryLock=false（不锁，跟随收入侧）
✅ A8b 真值：快速模式补贴合计 = 2069.70  (sum=2069.7)
✅ A8b 真值复算：6585.08−2069.70−158.71−577.02 = 3779.65（与分项模式一致）  (profit=3779.65)
===== A8c · R170 空值兼容（老用户不回归）=====
✅ A8c 空值守卫存在（!cur && !target 直接 return）
✅ A8c 快速模式 subsidy 全空 ⇒ 合计 0（不强制带出）  (total=0 ⇒ target=空 ⇒ 不写费用侧)
✅ A8c 模式切换搬运 subsidy（快速→分项 r.subsidy||"" / 分项→快速收进 g.rows）
===== A17b · R170 runReconcile 快速模式 subsidy 取数 =====
✅ A17b runReconcile 快速模式用 g.rows[].subsidy（非 0 参与差额）
✅ A17b 分项模式 subsidy 仍取 takeoutDetailRows（不回归）
===== A9~A12 · 配平校验（只做软提示：不阻断、不参与利润、不写入）=====
✅ A9 未填应收款 → null（跳过，不误报）
✅ A9 两侧一致（差额 0 ≤ 50）→ pass
✅ A9 差额 30 ≤ 50 → pass
✅ A10 差额 >50 → miss 且报漏填
✅ A11 差额恰等于打包费 → packaging 专项
✅ A11 专项非笼统 miss
✅ A11 差额恰等于配送服务费 → delivery（用户配送费未纳入，不判错）
✅ A12 配平不写入金额：reconcile 纯计算无副作用
✅ A12 阈值 = 50（规范默认）
✅ A12 页面提示不阻断（配平文案为软提示）
===== A13 · 平台名单源（页面/工具源码无平台字面量）=====
✅ A13 页面+工具源码不出现平台名字面（美团外卖/淘宝闪购/京东外卖/其他外卖）  (无泄漏)
===== A14 · i18n 双副本逐字一致（K11）=====
✅ A14 双副本一致
===== A15 · 门禁预检（结构）=====
✅ A15 input.wxml 含外卖模式开关
✅ A15 input.js 含粘贴处理（openPaste/onPasteExtract）
✅ A15 input.js 含配平（onRecYuan/runReconcile）
✅ A15 推广费取数路径标注存在
✅ A15 云函数逻辑零改动（仅 initDb 建库单源 + 本批授权函数豁免）
===== A16 · 账期/日期/时间/长单号不得被当金额（P1 回归）=====
✅ A16 账期 2026-09 → 不计入 sum  (sum=0)
✅ A16 日期+金额行 → 只取金额  (sum=1234.56)
✅ A16 时间 13:45 → 不计入 sum  (sum=0)
✅ A16 长单号（≥11 位）→ 不计入 sum  (sum=0)
✅ A16 中文日期 2026年9月21日 → 不计入 sum
✅ A16 正常金额不受影响（1,234.56 + 2,000）
✅ A16 ≥4 位无千分位不得被截断（4380.00）  (sum=4380)
✅ A16 ≥4 位无千分位不得被截断（1234.56）  (sum=1234.56)
✅ A16 无千分位多行（4380.00 / 5600）  (sum=9980)
✅ A16 账单两列（账期+金额）只取金额
===== A17 · 补贴带出不得因回读旧值误锁（P5 回归）=====
✅ A17 无「cur !== target ⇒ 视为手改加锁」误判
✅ A17 仍有 twCarryLock 短路（本会话手改优先）
✅ A17 回读旧值≠合计时仍会跟随更新（cur === target 才幂等返回）
===== A18 · 配平角色单源（P2/P4 回归）=====
✅ A18 reconcileRoles 三值均在营销 items 内  ({"commission":"外卖平台佣金","deliveryFee":"外卖配送服务费","deliverySubsidy":"外卖配送补贴"})
✅ A18 runReconcile 不写死中文项名
✅ A18 promoItem 单源在营销 items 内
✅ A18 promo 判断不再由文案内容驱动
===== A19 · 主题色单源（旧橘黄已全线下线，不得回流）=====
✅ A19 input.wxss 生效样式不含旧橘黄
✅ A19 粘贴面板主按钮走主色渐变（#2a4e7c → #162c49）
===== A20 · 粘贴填入值：0 是合法金额，不得被当成空（R119 回归）=====
✅ A20 粘 "0" 应变 "0.00"（原先被当空吞掉）  (0.00)
✅ A20 粘 "0
0" 应变 "0.00"
✅ A20 粘空文本不填（空串，不误填 0.00）
✅ A20 粘纯表头不填（空串）
✅ A20 千分位照旧 -> 1234.56
✅ A20 页面不再用「非零才写」三态
✅ A20 页面改走 pasteFillValue 单源
===== A21 · 快速录入汇总：合计 + 已填平台数（R119）=====
✅ A21 totalLabel / filledTpl / totalAutoHint / fastPh 四键齐备且非空
✅ A21 快速块内给出合计（twTotalLabel + takeoutSumYuan）
✅ A21 快速块内给出已填平台数（takeoutFilledText）
✅ A21 快速块内不复用分项标签 / 配平占位
✅ A21 syncTakeoutSum 按模式取数（快速读各平台 amountYuan）
✅ A21 平台金额变化即重算合计（updateRow 内联动）
✅ A21 载入后无条件算合计（不再仅分项模式才算）
✅ A21 takeoutFilledText 已在 data 声明
===== A22 · 快速框占位文案不串线（R119）=====
✅ A22 terms.fastPh 非空且不等同 recPh
✅ A22 快速金额框占位走 twFastPh
✅ A22 pasteFillValue 已从纯模块导出
✅ A22 页面映射了 twFastPh / twTotalLabel / twTotalAutoHint
===== A23 · 已填平台数文案（M ≤ 1 不显示，避免「1 / 1」噪音）=====
✅ A23 单平台（整类总额）不显示该句
✅ A23 0 个平台行同样不显示
✅ A23 双平台：1/2 正常显示
✅ A23 四平台：3/4 正常显示
✅ A23 模板缺参不抛异常（回落到空串替换）
✅ A23 页面改用 filledLabel 单源
===== A24 · 账单形态用例表（R120：换行合计不得翻倍 + 只有合计兜底填入）=====
✅ A24 用例表单源存在且 ≥24 条  (28 条)
✅ A24 全表零红（形态 → 期望填入值）  (28/28)
✅ A24 明细+换行合计（B 组）不得翻倍  (B 组 5 条)
✅ A24 明细+同行合计（A 组）排除合计后取明细和
✅ A24 只有合计（C 组）兜底填入合计值  (C 组 4 条)
✅ A24 兜底判据：无明细+有合计 ⇒ fromTotal=true
✅ A24 有明细 ⇒ fromTotal=false（不得漏掉确认弹窗）
✅ A24 合计值须真被识别（B 组 totalValue 非 null）
✅ A24 numbers 不得含合计值（翻倍根因）
✅ A24 空文本 / 纯表头不误填 0.00（null 判据不得弱化为 Number()）
✅ A24 pasteFromTotal 文案键非空  (已按合计行填入，请核对是否与明细重复)
✅ A24 页面判据走「最终能否填出值」
✅ A24 页面按 fromTotal 分流提示
===== A25 · 营销段分平台佣金小计（T1，round97）=====
✅ A25 分平台合计 = 35.5（空值 / 缺值按 0）  (sum=35.5)
✅ A25 全空 / 空数组 ⇒ 未接管（第一红线：不得清零库里已存值）
✅ A25 填 0 也算「填过」（语义与页面其它已填判据一致）
✅ A25 页面：全空即早退不碰行 + 项名走 reconcileRoles 单源
===== A26 · R162 有效订单数（qty）与补贴三项合计口径 =====
—— A26-1 qty 求和（空值按 0，0 是合法值）——
✅ A26-1 qtyTotal 求和（含空串 / 缺行 / 字符串数字）  (150)
✅ A26-1 qtyTotal 空数组 / null ⇒ 0（不得 NaN）
✅ A26-1 真值锚点：150 单 ⇒ 单均优惠前 43.90（6585.08 ÷ 150）  (43.90)
—— A26-2 perOrderYuan 边界（除零 / 零元）——
✅ A26-2 订单数为 0 / 空 ⇒ 返回空串（不得渲染 NaN）
✅ A26-2 总额 0 但订单数 > 0 ⇒ 0.00（0 元是算出来的，不是没算）
✅ A26-2 真值锚点：单均到手 25.20（3779.65 ÷ 150）  (25.20)
—— A26-3 qty 随快照 round-trip（切模式来回不得丢）——
✅ A26-3 snapshotDetail 带 qty  (150)
✅ A26-3 restoreDetail 回填 qty（非空原样回）  (150)
✅ A26-3 回填后小计仍按三框算（150 不得混进金额）  (150.00)
✅ A26-3 qty 填 0 不被当空吃掉（字符串形态，用 || 会丢）  ("0")
✅ A26-3 qty 为**数字 0** 同样不得被吃掉（falsy 形态，本条才是 M2 的靶心）  ("0")
✅ A26-3 老数据（无 qty）⇒ 空串而非 undefined
—— A26-4 qty 绝不进金额（本组最硬的一条）——
✅ A26-4 subtotalOf 只吃三框：qty 不参与小计
✅ A26-4 utils 源码里 qty 只出现在 qtyTotal/perOrderYuan/快照 四处（不得进 reconcile）
—— A26-5 页面：第 4 框 + 快速模式订单数 + 单均回显 ——
✅ A26-5 分项有第 4 框（data-field="qty" 且绑 onTwDetail）
✅ A26-5 快速模式也有订单数框（onFastQty）
✅ A26-5 订单合计 / 单均只回显（takeoutQtyTotal、takeoutPerOrder 由 syncTakeoutSum 算）
✅ A26-5 术语键齐备（ordersField/ordersPh/ordersHint/ordersTotalLabel/perOrderLabel/perOrderHint）
—— A26-6 R161-2 补贴三项合计口径（防少抄两列）——
✅ A26-6 补贴字段显示名 = 商家承担全部补贴（合计）  (商家承担全部补贴（合计）)
✅ A26-6 口径小字点名三项（活动 / 代金券 / 配送费活动）
✅ A26-6 口径小字渲染在补贴框下（twSubsidyNote 出现在补贴字段块内）
—— A26-7 R161-3 防双记边界句 ——
✅ A26-7 boundaryNote 文案存在且点名两项不可重复录入
✅ A26-7 边界句挂在展开块最上方（先于模式开关与口径句）
—— A26-8 R161-9 费用项注列名双名对照 ——
✅ A26-8 外卖配送服务费注含「配送服务费」且点出美团别名  (账单「配送服务费」列求和（美团叫「履约服务费」）)
—— A26-9 落库链路（qty 可选、不参与金额、老数据无感）——
✅ A26-9 validate 接受可选 qty 且做非负整数校验
✅ A26-9 qty 不进大类金额汇总（sum += amt 仍在，qty 不累加）
✅ A26-9 落库带 qty（saveLedger toSnake）
✅ A26-9 出参带 qty（getLedger toSnake + normalizeToCamel）  (命中 2 处)
✅ A26-9 前端 buildItems 只在合法非负整数时提交 qty
✅ A26-9 buildItems 过滤判据放宽为「金额 或 订单数」（只填订单数不得被滤掉）
✅ A26-9 回读带 qty（rebuildFromItems / restoreDetail 两处）
—— A26-10 R161-6 归月口径句（账期 3 天，按结算日导月必串月）——
✅ A26-10 periodNote 点名归月判据与 3 天账期
✅ A26-10 periodNote 说清后果（串到上个月）
✅ A26-10 页面渲染归月句（wxml 有 twPeriodNote + input.js 注入）
✅ A26-10 归月句排在口径句之后、模式区之外（两条都不在金额框内 ⇒ 不干扰输入）
✅ A26-10 归月句只是提示，不参与金额（utils/takeaway.js 里不得出现 periodNote）
—— A26-11 R161-4 补贴框防多填（平台承担部分不得抄进来）——
✅ A26-11 口径小字同时防「少抄」与「多填」两侧
✅ A26-11 多填侧说清后果（不进商家到手，填了会多扣）
—— A26-12 R164 配平式修正（补贴被抵消 ⇒ 恒定误报）——
✅ A26-12 补贴填**正数**：expected = 真实到手 3779.65（status=pass，不得误报漏填）  (expected=3779.650000000001 status=pass)
✅ A26-12 补贴填**负数**：同一个正确答案（符号无关 —— 客户按账单抄负数也不该算错）  (expected=3779.65 status=pass)
✅ A26-12 改前行为已证伪：只减一次补贴 ⇒ expected 会多出一个补贴额（2069.70）
✅ A26-12 真漏填补贴仍要报 miss（修公式不得把漏填检测一起修没）
✅ A26-12 源码级：reconcile 内补贴取绝对值参与扣减（防回退到只减一次）
—— A27 R166 配平/带出文案不得回退到已证伪的旧说明 ——
✅ A27-1 recCalcHint 不得残留旧算法描述「外卖收入 − 活动补贴」（该式已被 R164 真值证伪）  (估算方式：先从您填的三项里还原出「优惠前总额」，再依次扣掉补贴、佣金、配送服务费、配送补贴，与您抄的账单应收款比对。)
✅ A27-2 recCalcHint 必须说清「还原优惠前总额」这一步（两步走的第①步，缺了它等式就不成立）  (估算方式：先从您填的三项里还原出「优惠前总额」，再依次扣掉补贴、佣金、配送服务费、配送补贴，与您抄的账单应收款比对。)
✅ A27-3 autoCarryHint 不得再写「配平相抵」（修好后配平已不依赖费用侧那一行，留着会诱导重复记账）  (分项录入的「商家承担全部补贴（合计）」已自动带到费用 · 营销 · 外卖活动补贴，不用手抄第二遍；可手动修改。)
✅ A27-4 费用项注「外卖活动补贴」引用的是**新字段名**（R161-2 已改名，旧名两边对不上号）  (收入侧「商家承担全部补贴（合计）」自动带出（可手改）)

==== R85 外卖段自测：161 通过 / 0 失败 ====
