
===== P 前置：两个面文件可读 / 关键函数体可解析 =====
  ✅ P-① 两个面文件可读且非空 —— index.js 48175 字符 · index.wxml 23788 字符
  ✅ P-② `applyRefAmount` 函数体**可解析**（解析不到即判红 —— 否则 A 段会静默变绿） —— 函数体 190 字符
  ✅ P-③ wxml 里 `<input>` 数 ≥ 6（扫描面没有被写窄） —— 15 个

===== A 主判据：参考金额只改 placeholder，绝不写进用户输入值 =====
  ✅ A-① `applyRefAmount` 函数体（剥注释后）**零 `yuan`** —— 零 yuan（只动 ph）

===== B 主判据：wxml 输入框的 value 只能绑「用户自己填」的字段 =====
  ✅ B-① 全部 input 的 value 绑定都在用户值白名单内（零越界） —— 15 个全部合规
  ✅ B-② 至少解析到 6 个 value 绑定（防提取器失效 ⇒ B-① 变恒真） —— 实际 15 个

===== C 正向要求：参考值确实有出口，且仍是"只写 ph" =====
  ✅ C-① `applyRefAmount` 体内确实写 `ph`（防函数被掏空 ⇒ A-① 恒真） —— 含 ph
  ✅ C-② 参考值仍有出口：terms 单源含 `refAmtPh` 键 —— miniprogram/i18n/terms.js::m2.refAmtPh
  ✅ C-③ `refAmtPh` 的**值非空**（挡"键在值空" —— A14 实证此处原本是缺口） —— 值须为非空字符串字面量
  ✅ C-④ 页面已把参考值提示文案映射进 t（`refAmtCard`） —— pages/sandbox/index.js 的 t 块

===== D 自失效护栏：四件工具各带正负样本互证 =====
  ✅ D-① 剥注释器：行注释被剥、字符串字面量被保留（URL 不得被切坏） —— const a = 1; ⏎const s = "http://x/yuan";
  ✅ D-② 剥注释器：块注释被剥、代码保留 —— ⏎const b = 2;
  ✅ D-③ 判别器正负样本互证：只改 ph ⇒ 不命中 / 动 yuan ⇒ 命中 —— 正样本=false 负样本=true
  ✅ D-④ bodyOf 锚**定义**不锚调用（`this.applyRefAmount(` 不得被当成定义） —— 取到 22 字符（全文 95）
  ✅ D-⑤ value 提取器 + 白名单正负样本互证（用户值 ⇒ 通过 / 参考值 ⇒ 越界） —— 用户值 2 通过 · 参考值「{{item.ph}}」越界=true

===== E 下界：断言数不被悄悄删小 =====
  ✅ E-① 本守卫断言数 ≥ 13（删掉判据即转红） —— 含本条共 16 条

===== M2 参考值不预填守卫结果：16 通过 / 0 失败 =====
