===== 1. cardToOut 映射契约 =====
✅ card_code / version / name 原样
✅ 🔴 calc_mode 2 → "B"（BOM 两层模式）
✅ calc_mode 1 → "A"（单层）
✅ calc_mode 缺省 → "A"（默认单层）
✅ 字段重命名：aux_cost → aux_fen
✅ 字段重命名：price_list → price_fen（售价 24.38 元 = 2438 分）
✅ 字段重命名：total_cost → total_cost_fen（宫保锚点 975 分）
✅ 金额一律整数分
✅ 批次产出 batch_output 保留 null 语义（单份卡可为 null）
✅ batch_output 缺省 → null（不误判为 0）
✅ loss_rate 缺省 → 0
✅ version 缺省 → 1（只 INSERT 模型下的首版）
✅ lines 初始为空数组（明细另行装配，防重复装配）
✅ 未知字段不外泄（出参键集固定）  (keys=21)
===== 2. lineToOut 映射契约 =====
✅ material_id/name/quantity 原样
✅ 🔴 net_unit_cost 为**万分快照**（4480 = 4 位小数精度，非分）
✅ 字段重命名：line_net_cost → line_net_cost_fen（单份 448 分锚点）
✅ 缺字段 → 0（不产生 undefined）
===== 3. 🔴 跨函数同口径（getCardVersions ≡ getCostCard）=====
✅ [doc0] cardToOut ≡ getCostCard.cardToOutput（逐字段 21 项）
✅ [doc1] cardToOut ≡ getCostCard.cardToOutput（逐字段 21 项）
✅ [doc2] cardToOut ≡ getCostCard.cardToOutput（逐字段 21 项）
✅ [doc3] cardToOut ≡ getCostCard.cardToOutput（逐字段 21 项）
✅ [line0] lineToOut ≡ getCostCard.lineToOutput（逐字段）
✅ [line1] lineToOut ≡ getCostCard.lineToOutput（逐字段）
===== 4. 入参面 =====
✅ 合法入参放行
✅ card_code 缺失 → 拒（本函数按 card_code 查历史）
✅ card_code 空串 → 拒
✅ shop_id 缺失 → 拒
✅ event 为 null → 拒
✅ 支持 { input: {...} } 包裹层
✅ 错误码 = INVALID_PARAM（全局标准码）
===== 5. 静态形状守卫 =====
✅ 顺序：resolveAuth → assertShopOwner → validateInput
✅ 按 shop_id + card_code 双条件查（防跨店串号）
✅ 🔴 版本倒序（b.version − a.version）
✅ 🔴 明细按 sort_order 升序（与录入顺序一致）
✅ 明细按 cost_card_row_id 关联（每版各装配自己的明细）
✅ 🔴 只读：无 update/remove/set 调用（版本不可改写）
✅ 出参带 card_code 回显（前端可校验）

==== getCardVersions 自测结果：38 通过 / 0 失败 ====
