===== CSV 转义 =====
✅ 普通值原样
✅ 含逗号 → 引号包裹
✅ 含引号 → 双写引号
✅ 含换行 → 引号包裹
✅ null/undefined → 空串
===== 验收 8 · 订单 CSV 字段完整 =====
✅ 含 UTF-8 BOM（Excel 打开中文不乱码）
✅ 首行 = 表头 9 字段  (﻿order_no,user_id,amount_fen,plan_id,plan_name,status,channel,paid_at,created_at)
✅ 数据行数与金额分完整
✅ 中文套餐名正确转义
✅ 每行 9 列（字段完整）
===== §2.9 角色控权（index.js 内联逻辑对照）=====
✅ super 可导出全量(entitlements)
✅ op 导出全量 → 拒绝
✅ op 可导出订单明细(orders)
===== 权益 CSV（全量导出，仅超管）=====
✅ 权益 CSV 4 字段 + BOM

===== R49 · 分页累取到耗尽（fetchAllPages，service.js）=====
✅ 不足一页 → 全部取到（3 条）
✅ 1500 条 → 分页取尽（无静默截断）
✅ 分页命中：页1 skip=0/limit=1000，页2 skip=1000/limit=1000（+ R63 探针 skip=1500/limit=1）  (hits=[[0,1000],[1000,1000],[1500,1]])
✅ 恰好 2000 条（上限内）→ 取尽
✅ 超过安全上限 → 抛 HARD_CAP_EXCEEDED（响亮失败）
✅ 注入 maxPages=2 且数据不断 → 响亮失败
✅ 空集合 → 0 条

===== R63 · 短页探针 + 形态守卫（fetchAllPages / makePagedQuery / asRows）=====
✅ R63-① 首页短页（50/1000）→ 探针确证未耗尽，仍取尽 1300 条（旧逻辑只取 50）  (len=1300)
✅ R63-② 探针不跳不重：id 连续 0..1299
✅ R63-③ 平台单次上限 300 条 ⇒ 页数用尽时响亮失败 HARD_CAP_EXCEEDED（不静默返回部分）  (HARD_CAP_EXCEEDED)
✅ R63-④ 形态 {}(无 data) → 抛 SYSTEM_ERROR（不静默当空 ⇒ 不被当成"取尽"）
✅ R63-⑤ 形态 {data:"oops"}(非数组) → 抛 SYSTEM_ERROR
✅ R63-⑥ 形态 {data:[...]} → 正常返回数组
✅ R63-⑦ 形态 {data:[]} → 返回 []（空 ≠ 异常）
✅ R63-⑧ asRows(null/undefined) → []（无数据不是异常）
✅ R63-⑨ asRows(非数组非 null) → 抛 SYSTEM_ERROR

==== adminExport R49 子测：30 通过 / 0 失败 ====
✅ R51-① where=null → 无 where() 调用（只有 skip/limit/get）  (calls=skip:0,limit:1000)
✅ R51-① where=null → skip/limit 顺序正确  (calls=skip:0,limit:1000)
✅ R51-② where 对象 → 调用 .where(cond) 且条件透传  (calls=where:{"is_deleted":false,"user_id":"u1"},skip:0,limit:1000)
✅ R51-③ 全量路径不产生空 where({})  (calls=skip:0,limit:1000)

==== adminExport 批次 6/7 自测结果：34 通过 / 0 失败 ====
