===== A 投入与固定成本 =====
✅ A1 建店总投入 = 660,000（66000000分）  (=66000000分)
✅ A2 月摊销 = 17,000（1700000分）  (=1700000分)
✅ A3 不含摊销固定 = 21,000（2100000分）  (=2100000分)
✅ A4 固定成本合计 = 38,000（3800000分）  (=3800000分)
🔍 [变异回验] 固定成本合计：期望±1分均判红，±1 分鉴别力 = ✅

===== B 变动成本率与边际贡献 =====
✅ B1 食材成本率 = 100 − 65 = 35%  (=35%)
✅ B2 挂钩费率合计 = 15%  (=15%)
✅ B3 综合变动成本率 = 35 + 15 = 50%  (=50%)
✅ B4 边际贡献率 = 0.5  (=0.5)
✅ B5 红警 = false

===== C 四个核心结果 =====
✅ C1 🏆 保本月营业额 = 76,000（7600000分）  (=7600000分)
🔍 [变异回验] 保本月营业额：期望±1分均判红，±1 分鉴别力 = ✅
✅ C2 🏆 保本日均 = 2,533.33（253333分）  (=253333分)
🔍 [变异回验] 保本日均：期望±1分均判红，±1 分鉴别力 = ✅
✅ C3 🏆 目标利润月营收 = 106,000（10600000分）  (=10600000分)
🔍 [变异回验] 目标利润月营收：期望±1分均判红，±1 分鉴别力 = ✅
✅ C4 目标利润日均 = 3,533.33（353333分）  (=353333分)
✅ C5 回本周期 = 660,000 ÷ 15,000 = 44 月  (=44月)

===== D 餐饮指标对照（分母=保本营业额 76,000）=====
✅ D1 指标条数 = 6（毛利率/房租/人工/能耗/管理/平台）  (=6)
✅ D2 房租占比 = 12,000 ÷ 76,000 = 15.8%  (=15.8%)
✅ D3 房租参考带（正餐·二三线）= 8%~15%  (=8%~15%)
✅ D4 房租超带上限 ⇒ level=warn  (=warn)
✅ D5 房租命中 M1.6 警戒线 15%（15.8 > 15）  (警戒线=15 命中=true)
✅ D6 人工占比 = 9.2%（7,000 ÷ 76,000）  (=9.2%)
✅ D7 人工低于参考带下限 ⇒ level=good  (=good)
✅ D8 人工未命中警戒线 20%  (命中=false)
✅ D9 菜品毛利率 = 65%（**用户直填值直接对照** —— round111 起不再换算成成本率）  (=65%)
✅ D10 毛利率 65% 达带上限（正餐 55~65）⇒ level=good · gain 方向越高越好  (=good)
✅ D11 毛利率未命中 M1.6 警戒线 55%（gain 方向判"低于"才命中 ⇒ 65 不命中）  (警戒线=55 命中=false)
✅ D12 平台费率 = 15% 超参考带上限 10% ⇒ level=bad  (=15% / bad)
✅ D13 未填的能耗项占比 = null（未填 ≠ 0 元，前端渲染「—」而不编造 0%）  (=null)
✅ D14 🔴 方向分区：毛利率 50%（正餐带 55~65）⇒ warn，**不是 good**  (50⇒warn / 65⇒good)
✅ D15 🔴 人工带四业态 = 快餐16~20 / 正餐17~22 / 火锅14~18 / 茶饮14~18（[D4] 警戒线派生 · round113）  (fastfood:16~20 dining:17~22 hotpot:14~18 cafe:14~18)
✅ D17 🔴 labor 的 lo ≤ 本仓警戒线 20%（否则"优秀"与"命中警戒"会同时成立）  (fastfood:lo16 dining:lo17 hotpot:lo14 cafe:lo14)
✅ D16 四业态毛利率带（快餐58~68 / 正餐55~65 / 火锅52~67 / 茶饮62~72 · [D5] 校准）  (fastfood:58~68 dining:55~65 hotpot:52~67 cafe:62~72)

===== E 城市层级只调「有据可依」的项 =====
✅ E1 正餐·一线 房租带 = 9.6%~18%（×1.2）  ({"lo":9.6,"hi":18,"coef":1.2})
✅ E2 正餐·县城 房租带 = 6%~11.3%（×0.75）  ({"lo":6,"hi":11.3,"coef":0.75})
✅ E3 正餐·一线 人工带 = 19.6%~25.3%（[17,22]×1.15 · 17×1.15 的浮点边界由 check_indicator_ref C-④ 钉死）  ({"lo":19.6,"hi":25.3,"coef":1.15})
✅ E4 毛利率带**不随城市变**（一线采购贵但售价同步高）  (一线 65 / 县城 65)

===== F 红警与边界（不编造数据）=====
✅ F1 综合变动率 90+95=185% ⇒ red_alert=true  (=185%)
✅ F2 红警下保本月营业额 = null
✅ F3 红警下目标月营收 = null
✅ F4 红警下指标对照 = 空数组（不基于无效分母编造）
✅ F5 目标利润 = 0 ⇒ 回本周期 = null（不做除零编造）  (=null)
✅ F6 目标利润 = 0 ⇒ 目标月营收 = 保本月营收  (7600000 / 7600000)
✅ F7 无建店投入 ⇒ 月摊销 = 0、固定合计 = 21,000  (0 / 2100000)
✅ F8 空入参不崩且全零

===== G 参考带预览 bands_preview（round113：填表页"行业参考"的数据源）=====
✅ G1 标准工况返回 6 项参考带（与用户填了什么无关）  (=6 项)
✅ G2 预览带 ≡ indicators 的带（同一 bandOf 单源，不允许两套数）  (rent 8~15 / labor 17~22)
✅ G3 预览带含方向（grossMargin=gain / 其余 cost）—— 前端据此选"偏高/偏低"文案表  (gm=gain rent=cost labor=cost)
✅ G4 预览带带出警戒线（与 M1.6 并列展示，不互覆盖）  (rent=15 labor=20 gm=55)
✅ G5 🔴 红警时预览带仍在（红警=算不出保本点，不等于"没有行业参考"）  (6 项)
✅ G6 空入参也给默认业态（dining）的参考带，不崩

===== H 参考金额反算（round114 · 预计月营业额锚点）=====
✅ H1 填了预计营业额 ⇒ 反算 4 项（房租/人工/水电气/管理费）  (=4 项)
✅ H2 房租参考金额 = 100,000 × 11.5% = 11,500（1150000分）  (=1150000分)
✅ H3 人工参考金额 = 19,500（1950000分）  (=1950000分)
✅ H4 能耗/管理 = 4,000 / 7,500（固定项 key=utility，指标 indKey=energy —— 双键各归其位）  (utility=400000/energy manage=750000)
✅ H5 🔴 未填营业额（0）⇒ 空数组，不编造 0 元
✅ H6 🔴 pct 与 fen 自洽（fen == 营业额 × pct%，客户拿计算器可复算）  (rent:11.5%→1150000 labor:19.5%→1950000 utility:4%→400000 manage:7.5%→750000)
✅ H7 城市系数生效：一线人工 22.5% ⇒ 2,250,000 分（22.45% 先定标再算金额）
✅ H8 🔴 红警时参考金额仍在（红警=算不出保本点，不等于"我没有参考"）

===== I 入参契约（round114 · 补测：此前 validate 零自测覆盖）=====
✅ I1 🔴 空 fixed_items 必须放行（否则"没填就先看行业参考"整条路走不通 —— round114 修）  (error=null)
✅ I2 空表单的 clean 可跑 service 且不崩（参考区间照常下发）
✅ I3 预计月营业额缺省 = 0（选填；前端不传也不报错）
✅ I4 预计月营业额非整数分 ⇒ 拒（放宽非空 ≠ 放宽格式）
✅ I5 fixed_items 的 key 越白名单 / 重复 ⇒ 仍拒（放宽非空 ≠ 放宽内容）

==== calcSandbox M2 v2 自测结果：66 通过 / 0 失败 ====
