
===== S1 前提守卫（扫描面非空 —— 防"目录写错 ⇒ 恒绿"） =====
  ✅ S1-① 活文档面 39 个 .md ≥ 20
  ✅ S1-② 受检小节标题 814 个 ≥ 300
  ✅ S1-③ 活文档面全部可读（无读取失败）

===== A1 硬判据：小节标题说 STALE / 同节正文说已闭环（活文档面） =====
  ✅ A1-① 活文档面 0 条标题/正文状态矛盾（39 个 .md 全扫）

===== A2 正负样本互证（判据在同一实现上必须能红、也必须能绿） =====
  ✅ N1-① 正样本（标题说待修 + 正文说已修复）⇒ 命中 1 条（守卫有信号，非恒绿）
  ✅ N2-① 负样本 a（真·待办，正文无闭环）⇒ 0 命中（不误杀）
  ✅ N2-② 负样本 b（闭环词落在 ~~划删段~~ 内）⇒ 0 命中（划删豁免生效）
  ✅ N2-③ 负样本 c（标题自带闭环标记）⇒ 0 命中（自洽放过）
  ✅ N3-① 负样本 d（一级文档主标题含"待办"）⇒ 0 命中（一级不参与，防误报本文件自身）

===== A3 自失效护栏（证明本守卫的判据真被跑到过） =====
  ✅ S2-① 判据为纯函数 scanText(text)，真实扫描与样本共用同一实现
  ✅ S2-② 5 组样本全部如期（1 红 / 4 绿）⇒ 规则被完整触发，非空转

===== W 弱面：review/ 历史档案里的同型分布（只明示，不判红） =====
  ⚠️ review/NOTE_2026-09-19_round39-realcloud-get.md:103 「## 5. 待办（本件未闭合）」/ 正文 "已闭环"
  ⚠️ review/NOTE_2026-09-28_round163-归月口径与美团接数准备.md:171 「## 附：更正一条待办 —— 「A 组四项优化」其实已在 round156 落地」/ 正文 "已落地"
  ⚠️ review/REVIEW_2026-09-15_round2-verify.md:32 「## §1 待办（R12 起顺延上一份编号）」/ 正文 "已闭环"
  ⚠️ review/ROADMAP_2026-09-30_下一步总览.md:239 「### B 线 · 投喂 InsCode（**通道已就绪，可开工**；按优先级排队）」/ 正文 "已落地"
  · 弱面共 4 条 / 扫 260 个档案文件 —— 档案里的"待办清单部分已闭环"属正常形态，只提示不判红
  ✅ W-① 弱面扫描完成：4 条明示（弱面只提示、不判红）

===== 状态陈述矛盾守卫结果：12 通过 / 0 失败 =====
