===== R149 · 单位换算守卫（采购单位 / 用量单位）=====
  ✅ L1 utils/units.js 导出齐全（9 个符号，倍率单源在位）
  ✅ L2 倍率行为正确（8 例含 0.7 千克浮点回归）
  ✅ L2 换单位换算正确（5 例，含空值/零值不炸）
  ✅ L2 采购单位建议换算系数正确（6 例）
  ✅ L2 无通用换算的单位返回 null（5 例：不替老板瞎猜）
  ✅ L2 明细行单位枚举取自单源 units.QTY_UNITS
  ✅ L2 采购单位建议池取自单源 units.PURCHASE_UNITS
  ✅ L3 五个页面文件均未自抄倍率表（L3 扫描面 5 个文件）
  ✅ L4 onQtyUnit 换单位时确实换数 —— 换标签 + 换数
  ✅ L5 buildCalcLines 提交前归一为基准单位(克) —— 统一走 toBase() 归一
  ✅ L5 doSave 提交前归一为基准单位(克) —— 统一走 toBase() 归一
  ✅ L6 明细行露出换算关系（spec_hint 占位 + specHintOf 定义 + 调用三者齐备）
  ✅ L7 原料档案页可点选采购单位并自动带出建议换算系数
  ✅ S1 扫描面完整（5/5 个页内文件在位，改小扫描面即转红）
  ✅ S2 归一调用命中 2 处 ≥ 2（防判据被删光后"扫了空集"）
  ✅ C1 影子样本「只换标签不换数」被判红（判据有分辨力）—— 函数体里既没有 convertQtyText(...) 也没有 factorOf(...) ⇒ 只换标签不换数，成本会差倍率
  ✅ C2 影子样本「换标签 + 换数」被判绿（不假红）
  ✅ C2b 语义等价改写（走 factorOf）保持判绿 ⇒ 判据判**行为**不判文本
  ✅ C3 函数体切分器自检通过（onQtyUnit 主体 584 字符）

===== 单位换算守卫结果：19 通过 / 0 失败 =====
