===== ① 快照构建 + 宫保鸡丁成本（total_cost 整数分）=====
✅ 快照明细含净料单位成本快照（5 行）  (len=5)
✅ 鸡胸肉快照 net_unit_cost=333（万分，非 ID 关联）
✅ 🏆 落库 total_cost = 975（整数分）  (=975)

===== ② 快照隔离（改原料价后旧版快照与成本不变）=====
✅ 改价后**新**取到的鸡胸肉净料成本=444
✅ **旧版快照**仍保留 333（快照隔离，不自动联动）
✅ 🏆 改价后旧成本卡仍 = 9.75（975分）  (=975分)
✅ 新卡（同步最新价）→ 12.08（1208分）  (=1208分)

===== ③ 循环引用预检（命中即拒、不入库）=====
✅ A→B，保存 B 引用 A → BOM 判环
✅ 半成品引用自身 → 判环
✅ Cards 不入库判定：拒绝即不落库（此处仅判定不产生任何写）  (Controller 判环命中即 fail(BOM_CYCLE_DETECTED)，无 INSERT（🔒 R71：原为恒真断言）)

===== ④ 版本 / 虚拟半成品（每份成本）=====
✅ 虚拟半成品（单位=份，换算=1）每份成本 4.48 → 万分44800  (net=44800)

===== ⑤ 入参校验 =====
✅ 合法成本卡放行
✅ qty 为字符串 → INVALID_PARAM
✅ 模式 B 缺 batch_output → INVALID_PARAM
✅ 命令式：name 为空 → INVALID_PARAM

===== ⑥ R81 · mode 白名单（入口 + 引擎双层）=====
✅ 入口：mode="b" → INVALID_PARAM（不得静默兜底 A）  (实际=INVALID_PARAM)
✅ 入口：mode=2 → INVALID_PARAM（不得静默兜底 A）  (实际=INVALID_PARAM)
✅ 入口：mode="C" → INVALID_PARAM（不得静默兜底 A）  (实际=INVALID_PARAM)
✅ 入口：mode="" → INVALID_PARAM（不得静默兜底 A）  (实际=INVALID_PARAM)
✅ 入口：mode 缺失 → INVALID_PARAM（不得静默兜底 A）
✅ 入口反向：mode='A' 放行
✅ 入口反向：mode='B' + batch_output 放行
✅ 引擎：mode="b" → 抛 INVALID_PARAM  (实际=INVALID_PARAM)
✅ 引擎：mode=2 → 抛 INVALID_PARAM  (实际=INVALID_PARAM)
✅ 引擎：mode="C" → 抛 INVALID_PARAM  (实际=INVALID_PARAM)
✅ 引擎：mode="" → 抛 INVALID_PARAM  (实际=INVALID_PARAM)
✅ 引擎：mode 缺失 → 抛 INVALID_PARAM
✅ 引擎反向：mode='A' 不抛
✅ 引擎反向：mode='B' 不抛

===== M3.22（批次 A1）· judgeCardQuota 写侧配额判定 =====
✅ ① 活跃逻辑卡数 4（额度 5）⇒ 放行
✅ ② 活跃逻辑卡数 5（额度 5）⇒ 超免费额
✅ ③ 活跃逻辑卡数 2000 ⇒ 超硬上限
✅ ④ 版本不计：judgeCardQuota 只认 activeCount（card_code 去重后大小），无版本维度  (activeCount=4 即 4 个逻辑卡号，无论各卡多少版本)
✅ ④ 出参含 free_limit/hard_limit 供前端取用
✅ 缺 limits ⇒ 抛 SYSTEM_ERROR

==== saveCostCard 批次 3/A1 自测结果：35 通过 / 0 失败 ====
