
===== A0 实算单源（真跑 verify_seed_data.js，不抄字面量） =====
  ✅ A1-① 实跑可解析（fail-closed） —— 48 通过 / 0 失败
  ✅ A1-② 实跑失败数为 0（验收锚点当前全绿）

===== A2 扫描面（index ∪ 工作树 · CJK 不得被转义跳过） =====
  ✅ A2-① 无 CJK 八进制转义路径（坑⑪） —— git ls-files 5885 条
  ✅ A2-② 扫描面非空（路径写错即零覆盖，非恒真） —— 52 个 .md（工作树补 1 个）

===== A3 唯一声明处 ≡ 实算 =====
  ✅ A3-① 唯一声明处恰 1 处 —— specs/dev-specs/core/14_种子数据与验收脚本规范.md:29
  ✅ A3-② 声明可解析出通过/失败数（fail-closed） —— 声明 48 通过 / 0 失败
  ✅ A4-① 声明通过数 ≡ 实算 —— 声明 48 / 实跑 48
  ✅ A4-② 声明失败数 ≡ 实算 —— 均为 0

===== A5 全仓当前态引用 ≡ 实算 =====
  ✅ A5-① 引用面命中 ≥3（扫描面/句式写错即零命中，非恒真） —— 4 处
  ✅ A5-② 全部 4 处当前态引用 ≡ 实算 48/0
  ✅ A6-① HIST 排除面生效（确有历史/非当前态陈述被放行，非恒真） —— 5 处：specs/dev-specs/★知识存储点_2026-09-10.md:38, specs/dev-specs/★知识存储点_2026-09-10.md:841, specs/dev-specs/★知识存储点_2026-09-10.md:853, specs/dev-specs/★知识存储点_2026-09-10.md:853, specs/dev-specs/★知识存储点_2026-09-10.md:858
     [HIST 放行] specs/dev-specs/★知识存储点_2026-09-10.md:38 「94/94 全绿」 —— - **一键校验入口（改完必跑）**：`node verify_all.js`（仓库根；串 **142** 个套件 = 门禁 A–L + `verify_seed_data` 48
     [HIST 放行] specs/dev-specs/★知识存储点_2026-09-10.md:841 「79/79 全绿」 —— - ✅ **R38 已清（round 15 裁决 / round 16 验收）：① 索引由单列唯一 `idx_card_code(card_code)` 改为复合唯一 `idx_c
     [HIST 放行] specs/dev-specs/★知识存储点_2026-09-10.md:853 「66/66 全绿」 —— - **套件数会漂**：`verify_all.js` 增删套件后必须同步头部注释里的数量（现 **142**；2026-09-17 由 41 → 45（新增 batch7 四组自
     [HIST 放行] specs/dev-specs/★知识存储点_2026-09-10.md:853 「94/94 全绿」 —— - **套件数会漂**：`verify_all.js` 增删套件后必须同步头部注释里的数量（现 **142**；2026-09-17 由 41 → 45（新增 batch7 四组自
     [HIST 放行] specs/dev-specs/★知识存储点_2026-09-10.md:858 「88/88 全绿」 —— 前 16 例同族病均为数字漂移，本例为**时态**漂移；含 5 组正负样本互证 + 2 道自失效护栏）** → **83（round78：新增 `tools/check_incom
  ⚠️ 弱面（锚点不就近，只明示不判红，可能是子集/另一口径）16 处：
     BATCH0_DELIVERY.md:5 写 20/0（最近锚点 Infinity 字符） —— > 自测：本机 `node cloudfunctions/common/__tests__/batch0_selfcheck.js` → **20 通过 / 0 失败 + 1 待办
     BATCH0_DELIVERY.md:45 写 20/0（最近锚点 Infinity 字符） —— 合计：20 通过 / 0 失败（待办 1 项不计入失败）
     BATCH1_DELIVERY.md:16 写 20/0（最近锚点 Infinity 字符） —— | 批次 0 自测**现场实测** | `node cloudfunctions/common/__tests__/batch0_selfcheck.js` → **20 通过 /
     BATCH2_DELIVERY.md:14 写 20/0（最近锚点 Infinity 字符） —— | 批次 0 地基在库且冻结 | `node cloudfunctions/common/__tests__/batch0_selfcheck.js` → **20 通过 / 0 
     BATCH2_DELIVERY.md:55 写 42/0（最近锚点 Infinity 字符） —— **42 通过 / 0 失败，EXIT=0**。判据为**整数分严格相等**（无容差）。
     SMOKETEST_RUNBOOK.md:265 写 21/21（最近锚点 Infinity 字符） —— 实例：批次 0 生成方自测 21/21 全绿，仍掩盖 A1/A2 两个真 bug（mock 契约与平台不符）。
     specs/dev-specs/core/13_上线前查缺补漏_决策与待办总览.md:138 写 4/4（最近锚点 Infinity 字符） —— 还原后 `saveCostCard` 35/35、`calcBom` 40/40、`syncCostCard` 4/4 全绿（随实现更新）；套件 64/64、门禁 A–L RC=0
     specs/dev-specs/core/开发规范v1.2_ModuleM2增量_多方案存储与并排对比.md:289 写 24/0（最近锚点 Infinity 字符） —— ## 十 锚点（**生产引擎实跑 · 24 通过 / 0 失败 · RC=0**）

===== A7 口径单源不扩散 =====
  ✅ A7-① 仅 core/14 一处自称本口径单源

===== 验收自检通过数口径守卫结果：12 通过 / 0 失败 =====
