===== R101 · 功能页面清单口径守卫 =====
  ✅ Q1-① 提审材料存在且非空 —— specs/dev-specs/上线材料_提审材料包_v1.md · 11224B
  ✅ Q1-② app.json 可解析且 pages 为数组 —— 24 条
  ✅ Q1-③ 定位到 §4「功能页面清单」锚点 —— 命中
  ✅ Q1-④ 扫描面 .md 数 ≥ 20（排除 review/，路径写错即红） —— 42 个
  ✅ Q2-① 语义标记「页面全集口径」可解析出数字（fail-closed） —— 命中 1 处：24
  ✅ Q2-② 「唯一声明处」在提审材料内恰 1 行 —— 1 行
  ✅ Q3 声明 N=24 ≡ app.json::pages 实算 24 —— 声明 24 / 实算 24
  ✅ Q4-① 解析到 §4 表格登记行（含反引号路径） —— 24/24 行
  ✅ Q4-② app.json 每条页面都在 §4 登记（漏登记 = 审核材料缺页） —— 24 条全覆盖
  ✅ Q4-③ §4 每条登记都在 app.json 里（材料写了不存在的页 = 死条目） —— 24 条全部有效
  ✅ Q4-④ 登记行无重复路径 —— 24 行 / 24 唯一
  ✅ Q5-① §4 每行四字段（#/路径/用途/审核是否必看）非空 —— 24 行齐全
  ✅ Q5-② §4 序号列连续 1..N —— 1..24
  ✅ Q6 当前态全集陈述全部 ≡ 24（强锚点面共 4 处） —— 4 处一致
  ⚠️ 弱面（无全集锚点，`N 页` 只明示不判红，避免误杀分页页数/子集页数）7 处：
     specs/dev-specs/core/13_上线前查缺补漏_决策与待办总览.md:79 写 15 —— | `adminExport` / `exportData` | **60s** | 对齐 `core/06:410` 铁律；1500 条 ≈ 15 页往返 |
     specs/dev-specs/core/开发规范v1.2_ModuleM2增量_多方案存储与并排对比.md:226 写 1 —— ### 6.2 新增页面 `pages/sandbox/list`（**1 页**，页内两视图）
     specs/dev-specs/★知识存储点_2026-09-10.md:173 写 14 —— - **队列五项正确已全清**（A6b / R91 / AD G1–G8 / **R86** / 14 页走查）⇒ 按 §6 纪律**不擅自开工**中优先级项（
     specs/dev-specs/★知识存储点_2026-09-10.md:219 写 15 —— `common/auth.js::resolveAuth`，无注册页）＋ 5 步走查路径 ② 15 页功能清单 ③ 类目/服务范围声明文案草稿
     specs/dev-specs/★知识存储点_2026-09-10.md:348 写 7 —— 覆盖 `app.wxss` / `app.json` 导航栏 / `app.js`+`utils/paywall.js`+各页 `confirmColor` /
     specs/dev-specs/★知识存储点_2026-09-10.md:451 写 14 —— G2 grep 15 命中经人工判读均为 spacer / min-height 合规）/ R86 按 round50 结论**不再回读** / 14 页走查已
     specs/dev-specs/上线材料_提审材料包_v1.md:95 写 24 —— 静态自检（2026-09-19 首过 / 2026-09-21 / 2026-09-25 / 2026-09-27 / 2026-09-30 / 2026-10
  ✅ Q7 排除面前提：确有子集/历史类陈述被放行（证明排除面没打错） —— 6 行
  ✅ Q8 当前态陈述命中数 ≥ 4（正则/扫描面失效即零命中假绿） —— 4 处
  ✅ Q9 唯一声明处不扩散（其它 .md 不得再自称单源） —— 仅提审材料一处

===== 功能页面清单口径守卫结果：17 通过 / 0 失败 =====
