✅ S1 经营参考利润 = 9,160（916000分）  (=916000)
✅ S1 全要素真实利润 = 9,160（口径锁，库存关无倒轧）  (=916000)
✅ S2 真实消耗 = 23,000（倒轧）  (=2300000)
✅ S2 经营参考仍 = 9,160（口径锁：开库存也不改用倒轧）  (=916000)
✅ 🏆 S2 全要素真实利润 = 3,476.67（347667分）  (=347667)
✅ S2 两利润差异 = 5,683.33（568333分）  (=568333)
✅ 装修 2026-12 摊销 = 3,333.33  (=333333)
✅ 🏆 装修末月 2028-12 尾差倒挤 = 3,333.45（333345分）  (=333345)
✅ 合法月度账放行
✅ 明细 amount_fen 为字符串 → INVALID_PARAM
✅ 明细 amountFen 并存 → INVALID_PARAM（R30）
✅ month 非 YYYY-MM → INVALID_PARAM

===== A2 · 二级细项 sub_items（云函数汇总大类金额，前端不计算）=====
✅ A2 形态A（sub_items）放行
✅ A2 大类金额 = Σ 细项（8,000+25,000=33,000 元 → 3,300,000 分）  (=3300000)
✅ A2 细项原样保留（含 subItem 名称）
✅ A2 带 sub_items 时前端大类 amount_fen 不采信（以细项汇总=500 元）  (=50000)
✅ A2 sub_item 超 20 字 → INVALID_PARAM
✅ A2 sub_items 金额为字符串 → INVALID_PARAM
✅ A2 空 sub_items → 大类 0 元且放行
✅ A2 旧形态（单行 amount_fen）仍放行（回归）

===== A1 · S1 费用四大类（运营/人工/营销/其他）经 sub_items 汇总后引擎锚点 =====
✅ A1 运营大类汇总 = 10,300（1030000分）  (=1030000)
✅ A1 人工大类汇总 = 15,000（1500000分）  (=1500000)
✅ A1 营销大类汇总 = 7,240（724000分）  (=724000)
✅ A1 其他大类汇总 = 300（30000分）  (=30000)
✅ A1 🏆 全部费用合计 = 32,840（3284000分）
✅ A1 营销团购/外卖佣金分列（两个独立细项不合并）
✅ A1 🏆 经营参考 = 9,160（收入64,000 − 费用32,840 − 消耗22,000）

==== saveLedger 批次 4/8 自测结果：27 通过 / 0 失败 ====
