===== 验签（fail-closed + 可注入）=====
✅ 未注入验签器 → 拒绝（fail-closed）
✅ 注入假验签器通过 → 放行
✅ 注入假验签器拒绝 → 丢弃
✅ 验签器抛异常 → 视为失败（不吞异常放行）
===== 有效期累加（续费）=====
✅ 未过期续费：原 expire_at + 30 天（累加）
✅ 已过期续费：从当前时刻起算 +30 天
✅ 无记录续费：从当前时刻 + 30 天
===== 回调幂等（transaction_id 全局）=====
✅ 首次回调：处理成功、非重复
✅ 首次回调后 expire_at = now+30d
✅ 流水写入 1 条
✅ 重复回调：duplicated=true（幂等命中）
✅ 重复回调：不再插入流水、不重复更新权益  (flows=1)
✅ 新交易（续费）：累加 30+90 天  (expire=10368000000)
✅ 缺 transaction_id → 抛 INVALID_PARAM
===== 入参校验 =====
✅ 合法（回调报文）
✅ 空 event → INVALID_PARAM

==== payCallback 批次 5 自测结果：16 通过 / 0 失败 ====
