===== S · 扫描面（fail-closed）=====
✅ S-① 函数目录数 ≥ 40（扫描面非退化）  (实测 46 个目录 / 46 个有 index.js)
✅ S-② 契约文档存在  (specs/dev-specs/core/10_云函数清单与接口契约.md)
✅ S-② 契约文档行数 ≥ 100（没读成空/半截文件）  (196 行)
✅ S-③ A 类（用户鉴权）函数数 ≥ 25（扫描面非退化）  (实测 A=31 / B=9 / C=6)
✅ S-④ 锚点函数（getShopContext / saveCostCard / getLedger）都在 A 类  (三个锚点全在)

===== A · 三分穷尽（每个函数必有归类）=====
✅ A-① 每个函数都落进 A/B/C 之一（无"未分类"）  (46 个全部归类)
✅ A-② C 类（免鉴权）数量 ≥ 4（扫描面非退化）  (实测 6 个：adminInit / adminLogin / initDb / payCallback / payExpireNotify / smokeTest)

===== B · 免鉴权函数必须逐条登记 =====
✅ B-① C 类全部登记在 PUBLIC_FNS（新增免鉴权函数必须补登记）  (6 个全部登记)
✅ B-② 每条登记都有 why（≥12 字，说明为什么不需要鉴权）  (6 条全有)
✅ B-③ 登记表无陈旧键（每条目录必须真实存在）  (6 条全在)
✅ B-④ 反向：「已带鉴权却仍登记为免鉴权」⇒ 红（登记表不得腐化）  (无过期登记)

===== C · 定时/探针类必须自带来源校验 =====
✅ C-① 必须自保的登记项数 ≥ 2（定时 + 探针）  (实测 2 项：payExpireNotify / smokeTest)
✅ C-② 每个必须自保的函数都真的判了来源（OPENID 后 return 拒绝）  (2 个已判)
✅ C-③ 解析器自证：判了来源的样本 ⇒ true
✅ C-④ 解析器自证：只取 OPENID 不拒绝的样本 ⇒ false

===== D · 自失效护栏 =====
✅ D-① 断言数 ≥ 15（实测 17 的保守下沿）  (本段之前 15 条)
✅ D-② 扫描面文件数 ≥ 40（防"扫空 ⇒ 全绿"）  (实测 46 个 index.js)

==== R215 云函数公开面守卫：17 通过 / 0 失败 ====
