  ✅ L1-① 扫描面非空且无八进制转义（CJK 路径不得被静默跳过） —— 5388 个文件 / 转义 0
  ✅ L1-② 工作树补面逐根达下界（补面被扫空即转红） —— specs=42 ＋未入库 0 个
  ✅ L1-③ 回环：index 内 specs/*.md 均能由工作树扫描复现（根路径写错即转红） —— index 42 个全部复现
  ✅ L2-① 单源 plan_free.limits 可解析（fail-closed，配置种子） —— shop=1 / cost_card=20 / hard_shop=200 / hard_card=2000
  ✅ L2r 反向断言：checkQuota/service.js 剥注释后零额度字面量（防硬编码复发） —— 零命中（额度只由 limits 入参注入）
  ✅ L2r-② 前提：反向断言对象存在且非空（防读空导致零命中假绿） —— 959 字符
  ✅ L3-① 免费额 < 硬上限（同 scope） —— M1 1<200 / M3 20<2000
  ✅ L3-② 四个额度均为正整数 —— OK
  ✅ L10 plan_free 在种子清单中恰 1 处（两行则"读哪行"不确定） —— 1 处
  ✅ L4-① 语义标记「商业化额度口径（唯一声明处）」恰 1 处 —— 1 处
  ✅ L4-② 声明处四个数 ≡ 单源实算 —— M1 1 / M3 20 / 硬上限 200·2000
  ✅ L1-② 文件级排除面前提：确有 OBSOLETE 历史版被排除（证明排除没打错） —— 1 个文件
  ✅ L5 当前态免费额陈述全部 ≡ 单源实算（M1/M3 强面） —— 13 处一致（M1=1 / M3=20）
  ✅ L6 硬上限陈述 ∈ {200, 2000}（≡ 单源） —— 12 处一致（200/2000）
  ✅ L7 排除面前提：确有历史/演进类陈述被放行（证明排除面没打错） —— 295 行
  ✅ L8 强面命中数 ≥ 4（正则/扫描面失效即零命中假绿） —— 13 处
  ✅ L9 唯一声明处不扩散（其它 .md 不得再自称本口径单源） —— 仅 specs/dev-specs/商业化方案_v1.4_融合版.md 一处
  ✅ L11-① 弱面补口·命中数 ≥ 3（正则/文件改动导致零命中即判红，防"补口本身失效"） —— 4 处（声明处文件内）
  ✅ L11-② 声明处文件内「免费档 M3 张数」陈述全部 ≡ 单源实算（round118 登记的弱面缺口） —— 4 处全部 ≡ 20
  ⚠️ 弱面（无类别锚点，`N 张/个/套` 只明示不判红，避免误杀无关计数）29 处：
     specs/PRODUCT_PLAN.md:274 写 7 —— - 备份：云开发自动备份（免费版 7 天）+ 定时云函数导出；关系型库每日快照。
     specs/dev-specs/core/04_核对清单.md:55 写 20 —— - [ ] 免费版 20 张限额（按 `shop_id` 统计、按 `card_id` 去重）**读配置**（未硬编码）
     specs/dev-specs/core/04_核对清单.md:64 写 20 —— - [ ] 免费版 **M3 20 张**限额**读配置**（`feature_permissions.plan_free.limits`）；**M2 无数量限制**（不受 `su
     specs/dev-specs/core/06_工程治理与运维规范.md:187 写 7 —— | **自动** | 云开发数据库自动备份 | 云开发托管 | 免费版 7 天 |
     specs/dev-specs/core/09_统一错误码表.md:63 写 2 —— | `BOM_DEPTH_EXCEEDED` | BOM 嵌套过深 | 依赖超过 2 层业务上限（检测冗余 5 层） | `ERR.BOM_DEPTH` |
     specs/dev-specs/core/12_云开发配额与成本测算.md:1 写 2026 —— # 店算 · 微信云开发配额与成本测算（2026 版）
     specs/dev-specs/core/12_云开发配额与成本测算.md:3 写 2026 —— > **用途**：上线前评估云开发资源是否够用、月成本多少、何时该升级。数据来自微信云开发官方配额/计费文档（2026）。
     specs/dev-specs/core/12_云开发配额与成本测算.md:8 写 1 —— ## 1. 云开发各档配额（官方 2026）
  ✅ L12-① 单源 limits 键名 ⊆ 白名单（防同义键扩散 / 手滑写错键名） —— 4 个键全部 ∈ {shop, cost_card, hard_shop, hard_card}
  ✅ L12-② 前提：键名解析命中数 ≥ 4（正则/单源结构变动即零命中假绿） —— 4 个
  ✅ L13-① 计数循环可从两处源码实跑（结构变动即判红，防零命中假绿） —— 读侧 ok | 写侧 ok
  ✅ L13-② 两处口径一致 = 2（草稿排除 + 版本去重 + 空号排除） —— 读侧=2 | 写侧=2
  ✅ L13-③ 存量兼容：无 calc_status 的老行必须计入（写成 === 'calculated' 会让老用户额度清零） —— 读侧=2 | 写侧=2
  ✅ L13-④ 全草稿 ⇒ 计数 0（草稿真不占额度，而非判定没接上） —— 读侧=0 | 写侧=0

===== 商业化额度口径守卫结果：25 通过 / 0 失败 =====
