
===== A0 扫描面（工作树递归，不依赖 git index） =====
  ✅ A0-① 扫描面非空：1255 个文件待扫

===== A1 口径声明在场（app.wxss 头部；不在即本守卫失效） =====
  ✅ A1-① 头部声明「旧橘黄已全量下线」在场
  ✅ A1-② 头部声明品牌墨蓝在场

===== A2 生效样式不得出现旧橘黄（去注释后扫全仓） =====
  ✅ A2-① 全仓生效样式零命中旧橘黄（1255 个文件）

===== A3 前提护栏（证明 A2 不是"扫了空集所以全绿"） =====
  ✅ A3-① 实扫文件 1255 ≥ 30（扫描面被改小即转红）
  ✅ A3-② app.wxss 品牌色出现 17 次 ≥ 10（下界非空）
  ✅ A3-③ EXTS 覆盖全部必需扩展名（.wxss .wxml .json .js）
  ✅ A3-④ 四类扩展名计数均达下界（.wxss:25/5 .wxml:24/5 .json:328/20 .js:878/20）

===== A4 正负样本互证（证明判据本身有效，不是恒真/恒假） =====
  ✅ A4-① 正样本：注释里的旧橘黄被正确忽略（不误报）
  ✅ A4-② 负样本：生效样式里的旧橘黄被抓到（不错漏）
  ✅ A4-③ wxml 注释里的色值被正确忽略

===== A5 深色模式已移除（明令退役却零守卫 ⇒ 同款根因） =====
  ✅ A5-① 头部退役声明「深色模式：已移除」在场
  ✅ A5-② 声明前提成立：page 背景显式写死 #f5f6f8（不随系统切）
  ✅ A5-③ 全仓生效代码零命中 prefers-color-scheme（深色模式未回流）
  ✅ A5-④ 正样本：注释里的 prefers-color-scheme 被忽略（不误报）
  ✅ A5-⑤ 负样本：生效的 @media 深色块被抓到（不错漏）

==== 主题色单源守卫结果：16 通过 / 0 失败 ====
