
===== A0 · 扫描面登记（.wxml 工作树递归） =====
  ✅ A0-① 扫描面 .wxml 文件数  (25 个（下界 12）)
  ✅ A0-② 含 val-input 的文件数  (8 个（下界 4）)
  ✅ A0-③ 扫描面含关键页 pages/month/input.wxml

===== A1 · 金额框不得与按钮同层（同层 = 同行 = 被挤窄） =====
  ✅ A1 全仓 val-input 与 button 同父的块数 = 0  (0 处（59 个金额框全过）)

===== A2 · 外卖字段两行结构不变量（head = 标签 + 粘贴） =====
  ✅ A2-① 分项字段容器 tw-field ≥ 3（每平台三框）  (4 个)
  ✅ A2-② 每个字段都有 head（两行结构没被合并回一行）  (head=4 / field=4)
  ✅ A2-③ 粘贴按钮在 head 内（而非与金额框同层）

===== A3 · 前提护栏（防扫描面被改小而恒真） =====
  ✅ A3-① val-input 实例数  (59 个（下界 24）)
  ✅ A3-② button 实例数  (98 个（下界 36）)
  ✅ A3-③ 空白输入下判定函数不抛异常且判无冲突

===== A4 · 正负样本互证（证明判定函数不是恒真 / 不误杀） =====
  ✅ A4-① 正例（金额框与按钮同层）必判冲突
  ✅ A4-② 负例（两行结构）必判无冲突
  ✅ A4-③ 无金额框的块不误报
  ✅ A4-④ 非 val-input 的输入框与按钮同层不误杀（细项名 + 删除键是合法设计）
  ✅ A4-⑤ 注释里写的示例结构不计入判定

==== 金额框同行守卫：15 通过 / 0 失败 ====
