===== E-A 实跑单源（cloudfunctions/common/entitlement.js）=====
  ✅ E-A① 单源可加载且导出齐备（PAID_FEATURES/isPaid/hasFeature/loadExpireAt） —— PAID_FEATURES, isPaid, loadExpireAt, hasFeature, nowUtc
  ✅ E-A② isPaid(0) === false（无权益记录 = 免费） —— false
  ✅ E-A③ isPaid(null / undefined) === false（空值不得被当成付费）
  ✅ E-A④ 过期（NOW-1）=== false
  ✅ E-A⑤ 未过期（NOW+1）=== true
  ✅ E-A⑥ 注入 now 生效：同一 expireAt 配不同 now ⇒ 结论翻转
  ✅ E-A⑦ 付费能力清单 ≥3 且含 export / m3_combo / m3_takeaway —— [export, m3_combo, m3_takeaway, m3_dishreview]
  ✅ E-A⑧ 开放默认：未登记能力恒解锁（不因漏登记而锁死用户） —— true
  ✅ E-A⑨ 等号边界：isPaid(NOW, NOW) === false（严格大于 ⇒ 到期时刻即失效）
===== E-B 实跑配额判定（cloudfunctions/checkQuota/service.js）=====
  ✅ E-B① 配额单源可加载且导出 checkQuota —— checkQuota, ERROR_CODES
  ✅ E-B② 第 20 张（used=19）不触发免费墙 —— hit_free_limit=false
  ✅ E-B③ 第 21 张（used=20）触发免费墙（阈值翻转点） —— hit_free_limit=true
  ✅ E-B④ 硬上限：used=1999 未触顶 / used=2000 触顶
  ✅ E-B⑤ 缺 limits ⇒ 抛 SYSTEM_ERROR（fail-closed，不静默放行） —— code=SYSTEM_ERROR
  ✅ E-B⑥ 缺该 scope 的额度值 ⇒ 抛（不回落字面量兜底）
  ✅ E-B⑦ 影子：判定对 used 单调翻转（19→20），证明判据有分辨力
===== E-C 链路在场（穷尽分类）=====
  ✅ E-C① 免费额度唯一真相源：checkQuota 读 feature_permissions.plan_free.limits
  ✅ E-C② 写侧真拦截：saveCostCard 超限即 fail（不靠前端拦）
  ✅ E-C③a 扫描面非退化：扫描到的 .js 数 ≥ 100（防遍历失效 ⇒ 零命中假绿） —— 933 个
  ✅ E-C③b 到期判定单源不扩散（除 common/entitlement.js 外无手写「到期比较」） —— 全仓 0 处手写（判定一律走 isPaid）
  ✅ E-C④ 续费链路在场：payRenew 存在且写 expire_at
  ✅ E-C⑤ 后台调权在场：adminGrantEntitlement 写 expire_at + 审计留痕
  ✅ E-C⑥ 查询出参含 is_active / days_left，且判定走单源 isPaid
  ✅ E-C⑦ 到期提醒链路在场：payExpireNotify 存在
  ✅ E-C⑧ 前端免费额度触发键 saveLimit 在场（额度打满能弹墙）
===== E-D 自失效护栏 =====
  ✅ E-D① 扫描面下界：cloudfunctions 目录 ≥ 30（防遍历失效） —— 49 个目录
  ✅ E-D② 关键目录全部在场（锚点在场，防路径打错） —— 10 个齐备
  ✅ E-D③ 断言数下界 ≥ 24（实测 27 的保守下沿，防断言行被删） —— 本条之前已累计 ✅ 27 条
R213 权益链路：免费额度阈值/到期判定/续费/后台调权四段均已机器可判。

===== R213 会员权益链路守卫结果：28 通过 / 0 失败 =====
