===== R154 · 列表查询条数上限守卫（云函数默认 100 条截断） =====
  ✅ L1 cloudfunctions/common/dataAdapter.js 声明 LIST_LIMIT=1000（>默认 100 且 ≤平台硬上限 1000）
  ✅ L2 list() 带 .limit(LIST_LIMIT) —— list 带 .limit(LIST_LIMIT)
  ✅ L2 listIncludingDeleted() 带 .limit(LIST_LIMIT) —— listIncludingDeleted 带 .limit(LIST_LIMIT)
  ✅ L3 47 份 cx_dataAdapter.js 内容一致且都带 .limit(LIST_LIMIT)（单源同步在位）
  ✅ L4 全仓云函数集合查询均已带显式上限（含 .doc() 单条取已正确豁免）
  ✅ L5 2 个本地替身均已实现 limit(n)（calcAmortize/selftest.js、__tests__/batch0_selfcheck.js）
  ✅ L6 listAll() —— listAll 分页取全三要素齐备（skip 变量 + 循环 + limit + 总量护栏）
  ✅ L7 三处「读该店全部成本卡」均走 listAll（getCostCard / checkQuota / saveCostCard）—— 无截断回归
  ✅ S1 扫描面完整（云函数侧 289 个含数据库访问的文件，缩到 <200 即转红）
  ✅ S2 集合取数命中 565 处 ≥ 30（防"扫了空集所以全绿"）
  ✅ S3 替身注册 2 个 ≥ 2（新增替身不实现 limit 即转红，删到 1 个也转红）
  ✅ C1 影子样本「裸 .get()」被判红 —— 集合查询没写 .limit() ⇒ 云函数端默认只返 100 条，第 101 条起静默消失
  ✅ C2 影子样本「.limit(LIST_LIMIT)」判绿（正常写法不受伤）
  ✅ C3 等价改写（.limit(1000) 字面量）判绿 ⇒ 判据判**有没有上限**不判常数名
  ✅ C4 单条取数（.doc(id).get()）正确豁免 —— 它不存在截断问题
  ✅ C5 解析器自检通过（注释剥离后仍能识别真代码里的裸 .get()）
  ✅ C6 影子替身「缺 limit」被判红（判据有分辨力）—— 替身没有实现 limit(n) ⇒ 链式调用会 TypeError，且本地测不出平台默认上限的差异
  ✅ C7 影子替身「带 limit」判绿（正常替身不受伤）
  ✅ C8 影子样本「listAll 退化成只取一页」被判红（判据有分辨力）—— listAll 缺 .skip(变量) / 循环 / 总量护栏常量（*CAP*） ⇒ 退化成"只取一页"或"无限拉取"
  ✅ C9 等价改写「while 版分页取全」判绿（正常写法不受伤）
  ✅ C10 影子样本「用 list 读全店成本卡」被判红（判据有分辨力）—— 用 list() 读「该店全部成本卡」⇒ 总版本数 > 1000 时静默丢卡
  ✅ C11 影子样本「走 listAll」判绿（正常写法不受伤）

===== 列表查询条数上限守卫结果：22 通过 / 0 失败 =====
