
========== S1 · 基础双利润（2026-07，库存关/摊销关） ==========
✅ S1-收入合计=64,000  | 实际=64000.00  预期=64000.00
✅ S1-费用合计=32,840  | 实际=32840.00  预期=32840.00
✅ S1-毛利(仅扣食材)=42,000  | 实际=42000.00  预期=42000.00
✅ S1-毛利率=65.625%  | 实际=65.63  预期=65.63
✅ S1-经营参考利润=9,160  | 实际=9160.00  预期=9160.00
✅ S1-全要素真实利润=9,160（两口径相等）  | 实际=9160.00  预期=9160.00

========== S2 · 库存+摊销（2026-08，口径锁验证） ==========
✅ S2-真实消耗(倒轧)=23,000  | 实际=23000.00  预期=23000.00
✅ S2-经营参考利润=9,160（仍用直接填22,000，不改用倒轧）  | 实际=9160.00  预期=9160.00
✅ S2-全要素真实利润=3,476.67  | 实际=3476.67  预期=3476.67
✅ S2-两利润差异=5,683.33  | 实际=5683.33  预期=5683.33

========== S2 · 当月摊销合计（3 条资产并行） ==========
✅ S2-当月摊销合计=4,683.33  | 实际=4683.33  预期=4683.33

========== 2-R · 专业模式重算连锁（改 2026-07 期末 5,000→3,000） ==========
✅ 2-R-改后 2026-08 全要素=5,476.67  | 实际=5476.67  预期=5476.67
✅ 2-R-历史快照 2026-07 原值仍保留（概念项：旧记录不覆盖）  | 实际=true  预期=true

========== S2b · 摊销边界（中途终止 / 自然到期） ==========
✅ 旧空调 2026-01 摊销=333.33  | 实际=333.33  预期=333.33
✅ 旧空调 2026-08(终止当月仍摊)=333.33  | 实际=333.33  预期=333.33
✅ 旧空调 2026-09(终止次月=0)  | 实际=0.00  预期=0.00
✅ 旧空调 2027-01=0  | 实际=0.00  预期=0.00
✅ 旧空调 残值转处置损失=9,333.36  | 实际=9333.36  预期=9333.36
✅ 招牌 2026-01 摊销=500  | 实际=500.00  预期=500.00
✅ 招牌 2026-12(到期当月仍摊)=500  | 实际=500.00  预期=500.00
✅ 招牌 2027-01(到期次月=0)  | 实际=0.00  预期=0.00

========== S3 · 宫保鸡丁（单份，损耗5%，辅料0.5/份，售价28） ==========
✅ 宫保鸡丁 单品原材料总成本=975分(整数)  | 实际=975.00  预期=975.00
✅ 宫保鸡丁 单品毛利=18.25  | 实际=18.25  预期=18.25
✅ 宫保鸡丁 毛利率=65.18%  | 实际=65.18  预期=65.18
✅ 宫保鸡丁 倒推售价(目标毛利60%)=24.38  | 实际=24.38  预期=24.38

========== S3 · 红油底料（批量预制，损耗0%，辅料2整批，产出10） ==========
✅ 红油底料 整批总成本=4480分(整数)  | 实际=4480.00  预期=4480.00
✅ 红油底料 单份半成品成本=448分(整数)  | 实际=448.00  预期=448.00

========== S3 · 麻辣香锅（单份，引用红油底料虚拟原料，损耗3%） ==========
✅ 麻辣香锅 单品原材料总成本=1235分(整数)  | 实际=1235.00  预期=1235.00
✅ 麻辣香锅 单品毛利=25.65  | 实际=25.65  预期=25.65
✅ 麻辣香锅 毛利率=67.50%  | 实际=67.50  预期=67.50

========== S3 · 循环引用拦截（A→B→A） ==========
✅ 循环引用被拦截（detectBomCycle=true）  | 实际=true  预期=true

========== S3 · 快照不联动 + 手动刷新（3-R） ==========
✅ 成本卡快照不联动（旧卡仍 9.75）  | 实际=9.75  预期=9.75
✅ 快照纪律锁定：鸡胸肉 netCost==netCostPerGram(15,500,90)  | 实际=0.03  预期=0.03
✅ 快照纪律锁定：花生米 netCost==netCostPerGram(10,500,100)  | 实际=0.02  预期=0.02
✅ 快照纪律锁定：干辣椒 netCost==netCostPerGram(20,500,100)  | 实际=0.04  预期=0.04
✅ 快照纪律锁定：葱姜蒜 netCost==netCostPerGram(5,500,100)  | 实际=0.01  预期=0.01
✅ 快照纪律锁定：调料油 netCost==netCostPerGram(10,500,100)  | 实际=0.02  预期=0.02
✅ 刷新净料单位成本=netCostPerGram(20,500,90)=0.0444（4位小数纪律锁定，整数严格）  | 实际=true  预期=true
✅ 手动同步后 v2 总成本=1208分(整数)  | 实际=1208.00  预期=1208.00
✅ 手动同步后 v2 总成本=12.08（v1=9.75 保留可回溯）  | 实际=12.08  预期=12.08

========== S4 · 选址盈利沙盘（M2） ==========
✅ S4-固定成本合计=21,300  | 实际=21300.00  预期=21300.00
✅ S4-综合变动成本率=45%  | 实际=45.00  预期=45.00
✅ S4-边际贡献率=55%  | 实际=55.00  预期=55.00
✅ S4-保本月营业额=38,727.27  | 实际=38727.27  预期=38727.27
✅ S4-保本日均=1,290.91（÷30）  | 实际=1290.91  预期=1290.91
✅ S4-目标利润月营收=66,000  | 实际=66000.00  预期=66000.00
✅ S4-目标利润日均=2,200  | 实际=2200.00  预期=2200.00
✅ S4-无红警  | 实际=false  预期=false

==============================
验收自检结果：48 通过 / 0 失败  （误差红线 ≤ 0.01 元）
==============================
