判据：金额锚点 = 整数分严格相等（无容差）；比率锚点 = ±0.01

| # | 场景 | 指标 | 预期 | 实际 | 是否通过 |
|---|---|---|---|---|---|
| 1 | S1 | 收入合计 | 64000元(分:6400000) | 64000 | ✅ 通过 |
| 2 | S1 | 费用合计 | 32840元(分:3284000) | 32840 | ✅ 通过 |
| 3 | S1 | 菜品毛利 | 42000元(分:4200000) | 42000 | ✅ 通过 |
| 4 | S1 | 菜品毛利率(%) | 65.63% | 65.63 | ✅ 通过 |
| 5 | S1 | 🟢经营参考利润 | 9160元(分:916000) | 9160 | ✅ 通过 |
| 6 | S1 | 🔵全要素真实利润 | 9160元(分:916000) | 9160 | ✅ 通过 |
| 7 | S2 | 本期真实消耗 | 23000元(分:2300000) | 23000 | ✅ 通过 |
| 8 | S2 | 🟢经营参考利润 | 9160元(分:916000) | 9160 | ✅ 通过 |
| 9 | S2 | 🔵全要素真实利润 | 3476.67元(分:347667) | 3476.67 | ✅ 通过 |
| 10 | S2 | 两利润差异 | 5683.33元(分:568333) | 5683.33 | ✅ 通过 |
| 11 | 2-R | 本期真实消耗 | 21000元(分:2100000) | 21000 | ✅ 通过 |
| 12 | 2-R | 🔵全要素真实利润 | 5476.67元(分:547667) | 5476.67 | ✅ 通过 |

[断言A] 口径锁：S2 经营参考利润 = 916000 分（应 = 916000；若为 816000 说明误用倒轧 23,000）= ✅ 锁成立
[断言B] 差异自洽（经营参考 − 全要素真实 === 差异）：✅ S1/S2/2-R 三场景均成立

S1 系统汇总收入=64000元 、费用=32840元（均 Service 逐项累加，非前端传合计）
S2 真实消耗=23000元 、直接填消耗=22000元
S2 毛利率展示=64.06% （全精度 64.0625%）
===== 入参对抗（validate）=====
[入参 A1] 标量 100（整数分）→ 放行 → OK ✅
[入参 A2] 标量 0 → 放行 → OK ✅
[入参 A3] 标量字符串 "100" → 拒 → INVALID_PARAM ✅
[入参 A4] 标量字符串 "0" → 拒 → INVALID_PARAM ✅
[入参 A5] 标量小数 100.5 → 拒 → INVALID_PARAM ✅
[入参 A6] 标量负数 -1 → 拒 → INVALID_PARAM ✅
[入参 A7] 标量布尔 true → 拒 → INVALID_PARAM ✅
[入参 A8] 标量数组 [] → 拒 → INVALID_PARAM ✅
[入参 A9] 标量对象 {} → 拒 → INVALID_PARAM ✅
[入参 A10] 标量 NaN → 拒 → INVALID_PARAM ✅
[入参 A11] 标量 Infinity → 拒 → INVALID_PARAM ✅
[入参 A12] 标量 undefined → 默认 0（设计：可省） → OK ✅
[入参 A13] 标量 null → 默认 0（设计：可省） → OK ✅
[入参 B1] 库存 opening_fen 数字 → 放行 → OK ✅
[入参 B2] 库存 opening_fen 字符串 → 拒 → INVALID_PARAM ✅
[入参 C1] 明细 {amount_fen:100} → 放行 → OK ✅
[入参 C2] 明细 {amount_fen:"100"} → 拒 → INVALID_PARAM ✅
[入参 C3] 明细只传 amountFen（缺 snake）→ 拒 → INVALID_PARAM ✅
[入参 C4] 明细 amount_fen 与 amountFen 并存且相等 → 拒（R30 收紧，原为放行） → INVALID_PARAM ✅
[入参 C5] 明细 amount_fen 与 amountFen 并存且不等 → 拒 → INVALID_PARAM ✅
[入参 C6] 明细 {} 空对象 → 拒 → INVALID_PARAM ✅
[入参 C7] 明细 {amount_fen:100.5} → 拒 → INVALID_PARAM ✅
[入参 D1] 错误信息点名字段（amortize_fen） → OK ✅

✅ 12/12 锚点 + 2 项自洽断言 + 23 条入参对抗用例（validate）全数通过（判据：金额=整数分严格相等）
