===== A1 · 费用四大类（运营/人工/营销/其他）+ 营销含佣金分列 =====
✅ 费用四大类含运营(operation)
✅ 费用四大类含人工(labor)
✅ 费用四大类含营销(marketing)
✅ 费用四大类含其他(other)
✅ 营销细项含外卖平台佣金
✅ 营销细项含团购平台佣金（分列不合并）
✅ 营销佣金分列（两独立词条）
✅ 旧费用分类(房租租金/人员工资/水电物业)已移除

===== A2 · 二级细项（前端 UI + 后端契约）=====
✅ input.js 有 incomeGroups/expenseGroups 组模型
✅ input.js 有 rows/showRows 细项行模型（折叠取首行 / 展开全量）
✅ input.js 有 buildItems（提交 sub_items，前端不汇总）
✅ input.wxml 有 sub_item 输入与 addRow/delRow
✅ input.wxml 用 group-head 展开/收起
✅ saveLedger validate 接受 sub_items
✅ validate 云函数汇总大类金额（不采信前端大类值）
✅ validate 限制 sub_item ≤20 字
✅ saveLedger 落库转 snake_case（amount_fen/sub_items）
✅ getLedger 兼容旧格式并返回 snake_case（含 inventory）

===== B1 · 摊销年月 picker（round107：随表单搬到 assetEdit 独立页）=====
✅ 开始月用 picker mode=date fields=month
✅ 终止月用 picker mode=date fields=month
✅ assetEdit.js 有 onMonthPick 处理

===== C1 · mine 页 版本/客服/免责声明 =====
✅ mine 页有版本号 cell（关于）
✅ mine 页有意见反馈 cell（AD-16 客服入口）
✅ mine 页有免责声明 cell + 弹窗
✅ disclaimer 词条被引用（不再是幽灵）

===== D1 · result 下钻明细 =====
✅ result 营业收入行可点下钻
✅ result 费用合计行可点下钻
✅ result 有展开明细面板（大类→细项）
✅ result.js 有 buildDetail/toggleDrill（前端仅格式化展示）

===== E1 · 录入页引导文案 =====
✅ input 收入引导 incomeHint 渲染
✅ input 费用引导 expenseHint 渲染
✅ 收入口径=权责发生制（语义级：有权责锚点 且 无收付实现制框架）

===== F1 · 术语统一 + 幽灵清理 =====
✅ 总费用→费用合计（两页统一）
   幽灵词条 14 条已清: ✅

===== G · 堂食录入模式（2026-09-21 李老师拍板 · 方案 A 严格互斥）=====
✅ G1 堂食渠道数 = 7  (实际 7)
✅ G1 含 银行卡/POS刷卡（李老师要求新增）
✅ G1 含 团购/代金券核销（不单列老板会以为钱少了）
✅ G1 微信 / 支付宝已拆分为两项
✅ G1 旧合并项「微信支付宝」已消失
✅ G2 互斥开关两个选项（fast / detail）
✅ G2 开关绑定 onPickDineMode
✅ G2 选中态由 dineMode 唯一决定（不存在两个数据源）
✅ G3 「添加渠道」按钮保留（李老师硬要求）
✅ G3 添加按钮在分项模式分支内（未被模式开关吃掉）
✅ G3 添加按钮仍绑定 addRow
✅ G4 合计是只读文本（不可手填）
✅ G4 合计不是输入框
✅ G4 合计由 syncDineSum 自动相加
✅ G5 有 onPickDineMode 切换方法
✅ G5 有 decorateDineRows（预设渠道固定不可编辑）
✅ G5 模式只存本地、不动后端契约
✅ G6 标注：储值充值不算收入
✅ G6 标注：团购钱结算在平台
✅ G6 口径：收回挂账的回款不算营收
✅ G7 口径句收进折叠块（引导行 + 按需展开）
✅ G7 有 onToggleScope 且默认收起（scopeOpen 初值 false）
✅ G7 引导语走 i18n（页面不写死文案）
✅ G7 口径句未退回「常展开」形态
✅ G8 渠道行拆两行（行①名字+× / 行②金额）
✅ G8 一行三列已废（渠道名不再与金额抢宽度而竖排）
✅ G8 金额框不在行①（名字行不含金额）
✅ G8 渠道名不竖排（nowrap + 省略号）
✅ G8 金额框占满行②（flex 1 + width auto）
✅ G8 × 触控高度仍 88rpx（李老师要求「变小」≠ 下调 min-height，G2 硬约束）

===== G9 · 分项→快速→分项 round-trip 不丢值（2026-09-21 李老师反馈）=====
✅ G9 数据层有 dineDetailRows 快照字段
✅ G9 切到快速前先把分项行快照进 dineDetailRows
✅ G9 切回分项优先恢复快照（非空则原样恢复，不重铺首行）
✅ G9 仅从未填过分项才走「总额铺首行」旧逻辑

===== G10 · 堂食渠道全集常在 + 单一装配口（2026-09-21 李老师「挂账/团购不见了」）=====
✅ G10a 装配模块导出 normalizeDineRows
✅ G10a 渠道清单来自 terms.js（≥7 条）  (实际 7 条)
✅ G10a 清单含李老师点名的挂账与团购
✅ G10b 后端只回传部分渠道时仍补齐全集  (7/7)
✅ G10b 缺失的挂账被补回（空行）
✅ G10b 缺失的团购被补回（空行）
✅ G10b 金额按名回填不错位（微信=2000 / 储值卡=30）
✅ G10b 顺序按 terms 不打乱
✅ G10c 自定义渠道保留在末尾
✅ G10c 自定义行 fixed=false（可编辑可删）
✅ G10c 预设行 fixed=true（名称不可改）
✅ G10d 无名无额的空行被丢弃（不占位）
✅ G10d 刚添加的空行(custom)放行（点了有反应）
✅ G10f 幂等：normalize(normalize(x)) === normalize(x)
✅ G10e round-trip 后渠道全集 + 数值俱在
✅ G10g decorateDineRows 转调唯一装配口
✅ G10g 页面 require 了装配模块
✅ G10h 页面不写死任何渠道名（清单只认 terms.js）
✅ G10i 保存只提交填了金额的行（空渠道不落库）
✅ G10k 新增行带 custom 标记（点了「添加渠道」立刻出现空行）
✅ G10j 预设行不给删除键（× 只对自定义行）
✅ G11a 别名表存在且够用（≥8 条）  (17 条)
✅ G11c 别名指向的都是真实预设渠道（不许写错渠道名）  (全部命中)
✅ G11c 别名不指向自己（防原地打转）
✅ G11a 归并后行数 = 预设渠道数（不再多出重复行）  (7/7)
✅ G11a 「现金」并入「现金收款」（2000.00）
✅ G11a 「美团」并入「团购/代金券核销」（50000.00）
✅ G11a 金额一分不丢（归并后合计 = 52000）
✅ G11b 归并后没有非预设行（页面不会出现重复渠道）
✅ G11b 不在别名表的自定义渠道原样保留（不被吞）
✅ G11b 同渠道「正式行 + 别名行」相加（100+200=300）
✅ G11b 归并幂等（再归并一次结果不变）
✅ G11b 页面把别名表真的传进装配口（不传 = 归并静默失效）
✅ G11d 非堂食预设行标 fixed=true（预设有清单，删了会自己回来）
✅ G11d 非堂食自定义行 fixed=false（可改名可删）
✅ G11d 非堂食行装配也走唯一入口（不再各自拼装）
✅ G11d 两个 WXML 分支的 × 只受「至少留一行」护栏约束（预设行也可删）
✅ G11d 反向腿：预算行的 × 已不再带 !r.fixed（防被改回去）
✅ G11d 堂食渠道的 × 仍带 !r.fixed（那里的预设渠道确实会被补回，与 G10j 同口径）
✅ G11d 预设行名以纯文本渲染（不可编辑）
✅ R102-① 装配口挂了两个只读派生字段（unusedText / mkPlatAfterRi）
✅ R102-② 未用预设项只读计算：堂食排除在外 + 清单取自 g.items（不写死）
✅ R102-③ 提示行两段都有（费用 + 收入非堂食），文案走 terms 单源前缀
✅ R102-④ 提示行点击直开预设面板（onOpenPresetPick 三处：两段提示 + 费用添加按钮）
✅ R102-⑤ 小计块已移出「段末操作区」（group-ops 首 300 字符内不含 mk-plat）
✅ R102-⑥ 小计块改为按 g.mkPlatAfterRi 在**行循环内**定位（紧跟佣金行）
✅ R102-⑦ 佣金行定位走单源（reconcileRoles.commission），页面零硬编码项名



===== A5 · 快速模式轻量自查（T3′，round97）=====
✅ A5-① 自查文案在位且非空
✅ A5-② 方法在位且接线 ≥3 处（定义 + 合计变化 + 费用行变化）
✅ A5-③ 页面渲染 + data.t 映射（页面零硬编码）
✅ A5-④ 判据不读分项快照/补贴合计（方法体非空且零依赖）

===== A4 · 费用细项「预设项选择」入口（T4b，round97）=====
✅ A4-① 三条文案均在位且非空
✅ A4-② 费用侧「+ 添加细项」接预设选择入口
✅ A4-③ 三个处理函数均在位（打开 / 选中 / 加行）
✅ A4-④ 弹层渲染文案与清单（页面零硬编码）
✅ A4-⑤ 三条文案已在 data.t 里映射（否则 wxml 取到空串）

===== A6 · 营销段「分平台佣金小计」（T1，round97）=====
✅ A6-① 五条文案均在位且非空
✅ A6-② 五条文案已在 data.t 里映射（否则 wxml 取到空串）
✅ A6-③ 小计区只挂营销类且随展开显示（页面零硬编码）
✅ A6-④ 小计输入接 onMkByPlat 并传下标
✅ A6-⑤ 三个处理函数均在位（输入 / 清空 / 汇总）
✅ A6-⑥ 接管时该行转只读（两个来源不打架）+ 只回显不入库（buildItems 不含小计）

===== A7 · 库存期初结转 / 命名一元化 / 静默清零（round103）=====
✅ A7-① getLedger 出参库存经转换产出 snake_case（不再裸透传 DB 文档）
✅ A7-② 期初结转：未保存过的月份取上月期末，并回带来源标记
✅ A7-③ 库存页按契约读 snake_case（三个框都能预填）
✅ A7-④ 期初三态落位（自动结转只读 / 差异提示 / 两条修正腿）
✅ A7-⑤ 月度录入页不再回带库存（契约 inventory? 可选，风险源已移除）
✅ A7-⑥ 月度录入页盘点摘要行也按契约读 snake_case
✅ A7-⑦ saveLedger 缺省入参不得覆盖库内库存（防静默清零）
✅ A7-⑧ 期初结转新增文案已在 data.t 里映射（否则 wxml 取到空串）

===== A8 · 子页返回后摘要必须重读（round104）=====
✅ A8-① 录入页 onShow 触发摘要重读（否则「去填库存盘点」下面那行恒为旧值）
✅ A8-② 摘要重读真去后端取数（不是本地重算 / 读缓存）
✅ A8-③ 首次 onShow 不重复取数（_shown 门闩，防 onLoad 后再打一次云）
✅ A8-④ 库存摘要算法单源（load 与刷新共用一份，防两处漂移）
✅ A8-⑤ 刷新**不得**重建 groups（否则用后端值覆盖本页未保存的草稿）
✅ A8-⑥ 库存页 onShow 也触发期初刷新（改完上月期末返回，只读期初必须跟着变）
✅ A8-⑦ 期初刷新真去后端取数 + 会更新只读态金额
✅ A8-⑧ 期初刷新**绝不**覆盖用户可编辑的采购 / 期末两格（防丢草稿）

===== A9 · 一次性投入入口 / 弹窗底色 / 留存数据（round106）=====
✅ A9-① 扫描面 WXSS 不得用 inset 简写（round107 真因：简写被丢 ⇒ 遮罩丢定位 = 「透明窗口」）  (已全部四向展开（扫了 5 个文件）)
✅ A9-② 摊销表单在 assetEdit 独立页，且摊销页底部弹层（.mask/.sheet）不得复活（弹层 × 键盘 = 死结）
✅ A9-③ 录入页**不得**再持有一次性金额状态位（round107：改由台账逐笔登记 ⇒ 前端不留标量）
✅ A9-④ 录入页提交**不得**再传 lump_sum_fen，且 saveLedger 代码面不得再收该入参（入参已退休）
✅ A9-⑤ 一次性投入金额走 saveAsset 台账（mode=lump），不再是 saveLedger 的标量入参
✅ A9-⑥ 后端出参含留存三字段（已摊期数 / 剩余未摊 / 摊完月）
✅ A9-⑦ 剩余额由引擎逐月累加（调 amountForMonth），不是另起一套公式
✅ A9-⑧ 前端**不得**重算摊销（出现后端内部字段名 total_value 即说明在本地算）
✅ A9-⑨ 摊销页留存文案来自术语表（页面零硬编码：函数体内不得出现中文字面量）  (方法体 564 B／中文字面量 无)
✅ A9-⑩ 录入页「一次性投入」段给两行摘要（本月一次算清 / 本月分月摊，对利润的影响可见）
✅ A9-⑪ 按钮文案不绑「采购」单词语义  (文案 = 再投一笔)
✅ A9-⑫ 行为级：第 12 月 ⇒ 已摊 12/24、剩余 12,000,000 分  ({"paid_months":12,"total_periods":24,"paid_fen":12000000,"remaining_fen":12000000,"end_month":"2027-12"})
✅ A9-⑬ 行为级：末月剩余恰好 0（尾差倒挤后正好摊完，不外溢成负数）  ({"paid_months":24,"total_periods":24,"paid_fen":24000000,"remaining_fen":0,"end_month":"2027-12"})
✅ A9-⑭ 行为级：起摊前 ⇒ 已摊 0、剩余 = 原值  ({"paid_months":0,"total_periods":24,"paid_fen":0,"remaining_fen":24000000,"end_month":"2027-12"})
✅ A9-⑮ 一次性投入在【参考利润 + 真实利润两式都减】且两利润差异公式不破（三副本一致）  (三副本一致)
✅ A9-⑯ 摊销与一次性投入**可共存**（一次算清不被归 0；摊销只进真实利润；三副本一致）  (三副本一致)
✅ A9-⑰ 开关关掉 ⇒ 摊销**不计入利润**（effAmort=0、真实利润 +摊销额；参考利润不随开关变；三副本一致）  (三副本一致)

===== 门禁预检 =====
✅ K11 双副本逐字一致
✅ 建库单源文件仍在（仅存在性；逐项一致性比对在 R121 tools/check_expense_item_seed.js）

==== 批次 8b 功能补齐自测：178 通过 / 0 失败 ====
