
===== A 摊销资产必须有删除入口（前端放开 + 文案分流 + 后端归档锁） =====
  ✅ A1-① 删除键对两类资产都开（条件不含 lump）：wx:if="{{mode === 'edit' && !readOnly}}"
  ✅ A2-① onLoad 按 kind 分流 t.fDelete / t.confirmDelete
  ✅ A3-① onDelete 无 lump 早退，且使用分流文案
  ✅ A4-① 两套删除文案都在且互不相同（amort≠lump）
  ✅ A5-① 摊销删除有跨月归档锁（定义 1 处 + 调用 ≥1 处）

===== B 摊销页必须有明确出口（看结果 / 回首页），且跳转目标真实存在 =====
  ✅ B1-① wxml 含 goResult（看结果）与 goHome（回首页）两个出口
  ✅ B2-① goResult → /pages/month/result；goHome 有 navigateBack + redirectTo 兜底
  ✅ B3-① 出口解析出的 2 个跳转目标均已在 app.json::pages 注册（/pages/month/result , /pages/month/index）

===== C 外卖分组真折叠（内容块读 expanded + 折叠态有摘要 + 摘要与合计同源同模式） =====
  ✅ C1-① 外卖内容块的 wx:elif 条件含 takeaway && g.expanded（真折叠）
  ✅ C2-① 两态分支都在且展开态在前（摘要分支共 2 个 takeaway 分支）
  ✅ C3-① 折叠态摘要取 takeoutFoldRows + takeoutAnyFilled（空态占位判据在场）
  ✅ C4-① syncTakeoutFold 已定义且在 syncTakeoutSum 内被调用
  ✅ C5-① syncTakeoutFold 按两种模式分流取数（快速 groups.rows / 分项 takeoutDetailRows）
  ✅ C6-① 折叠状态有记忆键、onToggleGroup 会存、load 会应用，且读不到时默认**折叠**

===== D 板块一级区隔（一级标题字号必须与二级标题拉开量级，且有竖条断点） =====
  ✅ D1-① 一级 .sec 40rpx > 二级 .g-label 30rpx / .cm-sub 30rpx，且 ≥40rpx
  ✅ D2-① .sec::before 渐变竖条在场
  ✅ D3-① 未用圈码编号做区隔（避开与「核算机制」段内 ①② 的冲突）

===== S 自失效护栏（证明上面这些判据不是恒真/恒假） =====
  ✅ S1-① 锚点文件 11 个全部可读（扫描面非空）
  ✅ S2-① 删除键判据：旧写法（写死 lump）判红、新写法判绿
  ✅ S2-② 折叠判据：旧写法（内容块不读 expanded）判红、新写法（两态分支 + 摘要）判绿
  ✅ S2-③ 折叠判据：两分支顺序反了判红（摘要分支抢在展开分支前）
  ✅ S2-④ 层级判据：同字号（30/30）判红、拉开（40/30）判绿
  ✅ S3-① cssBlock 解析有效（合成样本三处字号均解析得出）
  ✅ S2-⑤ bodyOf 锚定义不锚调用（调用在前、定义在后时仍取到定义体）
  ✅ S4-① 真实 input.wxml 扫出 2 个 takeaway 分支（elifConds 有效）
  ✅ S5-① 本轮断言 25 条 ≥ 20（判据集合被改小即转红）

===== 流程出口与折叠守卫结果：26 通过 / 0 失败 =====
