===== 入参校验（validate，纯函数）=====
✅ 合法 create 通过
✅ create 缺 name → INVALID_PARAM
✅ 非法 op → INVALID_PARAM
✅ rename 缺 target_shop_id → INVALID_PARAM
✅ name 超长（21 字）→ INVALID_PARAM
✅ name 逐步退到上限内即通过（边界成对）
✅ delete 不需要 name 也通过
✅ name 首尾空格被 trim（不写进库）
✅ 全空格 name 视为空 → INVALID_PARAM
✅ 缺 client_request_id ⇒ 空串（不炸）
✅ OPS 恰好三个（create/rename/delete 不多不少）

===== 新建额度判定（decideCreate，注入值驱动）=====
✅ used=0 / free_limit=1 ⇒ 放行  (free=1)
✅ used=1 / free_limit=1 ⇒ 拦（第 2 家触发付费墙）  (free=1)
✅ 同一 used=1 在 free_limit=3 下放行（正负互证：结论随注入值变）
✅ 达 hard_shop ⇒ hit_hard_limit
✅ 未达 hard_shop 时不误报硬上限
✅ 缺 limits ⇒ 抛 SYSTEM_ERROR（响亮失败，不静默放行）
✅ limits 缺 shop 键 ⇒ 抛 SYSTEM_ERROR

===== 删除边界（decideDelete）：只要还有活跃店就允许删，删光 = 释放额度 =====
✅ 2 家 ⇒ 允许删且剩 1 家
✅ 1 家 ⇒ 允许删且剩 0 家（R208：免费额度随之释放，可再建）  (remaining=0)
✅ 3 家 ⇒ 允许删且剩 2 家
✅ 0 家（异常态）⇒ 不允许删（fail-closed，避免幽灵删除）

===== 构造：确定性 _id 与文档形状 =====
✅ 同 (user, crid) ⇒ 同 _id（幂等由构造保证的基石）  (shop_u_1_crid_abc)
✅ 不同 crid ⇒ 不同 _id
✅ 不同 user ⇒ 不同 _id
✅ 无 crid ⇒ 空串（调用方退化为 genId，不做幂等约束）
✅ 文档 _id ≡ id ≡ shop_id（三键同值，防「业务主键≠_id」重演）
✅ 文档 is_deleted=false（新建即可见）
✅ 文档带 created_at/updated_at
✅ 重命名补丁只含 name + updated_at（不顺手清备注/业态）
✅ 重命名补丁值正确

===== index.js 源码形状（含 wx-server-sdk，只能静态断言）=====
✅ 目标店字段用 target_shop_id（api.js 会注入当前店 shop_id，不能拿它当目标）
✅ rename/delete 都先做归属校验（assertShopOwner）
✅ 归属校验失败即返回（判据用 .error，与 auth.js 返回形状一致）
✅ 删除走软删 da.softDelete（绝不物理删除）
✅ 无物理删除调用（collection.remove 零命中）
✅ 写库主键优先用 _id（owner.data._id）
✅ 写库 0 行必 fail-loud（stats.updated 判据 ≥ 2 处：rename + delete）
✅ 创建额度计数走 countActive（软删不占额）
✅ 三个 op 都留痕（writeAudit ≥ 3 处）
✅ 幂等：rename/delete 走 findPriorResult + shopKey
✅ create 幂等：撞 _id 即回读（isDuplicateKeyError）
✅ 额度真相源读 feature_permissions 而非硬编码数字
✅ 三个 op 的错误码语义在场（FREE_LIMIT_EXCEEDED / HARD_CAP_EXCEEDED / INVALID_PARAM）
✅ 鉴权是本函数第一条业务动作（resolveAuth 在 validateInput 之前）
✅ 源码里归属校验只写一次（rename/delete 共用一段，不是两段各写一遍）  (1 处调用)

==== manageShop R194 自测结果：46 通过 / 0 失败 ====
