  ✅ C1-① 扫描面非空且无八进制转义（CJK 路径不得被静默跳过） —— 3331 个文件 / 转义 0
  ✅ C1-③ 工作树补面非空（路径写错即零覆盖，非恒真） —— 工作树 945 个 / 其中 index 外 0 个
  ✅ C2-① 云函数目录集可解析（fail-closed） —— 46 个目录
  ✅ C2-② 小程序端源码扫描面可解析（fail-closed） —— 115 个文件
  ✅ C1-② 隐私政策文档可读 —— specs/dev-specs/上线材料_隐私政策_v1.md
  ✅ C3-① 唯一声明处恰 1 处 —— 命中 1 处
  ✅ C3-② 声明可解析出收集项数（fail-closed） —— 声明 7 项
  ✅ C8-① 表格行解析成功（fail-closed） —— 7 行
  ✅ C4-① 声明数 ≡ 表格行数 —— 声明 7 / 表格 7
  ✅ C8-② 引用行扫描面有效（确有引用行被扫到） —— 1 处
  ✅ C4-② 引用行数字 ≡ 声明数 —— 1 处引用均为 7 项
  ✅ C5 表内每个标识符型「代码出处」≡ 云函数目录 或 ∈ 白名单 —— 6 个云函数 token + 白名单全部合法
  ✅ C8-③ 「不收集」零命中声明 ≥ 2 条（列错位即零命中假绿） —— [getPhoneNumber, getLocation, chooseImage]
  ✅ C7 「不收集」点名的 API 在小程序端零命中（说"不收集"却真调了 = 谎报） —— 3 条零命中声明全部成立
  ✅ C6 小程序端出现的隐私 API 必须已登记（表内收集 或 显式零命中） —— 命中 2 个（chooseAvatar, chooseMessageFile）均已登记
  ✅ C8-④ 序号连续 1..N 且无重号 —— 1..7
  ✅ C8-⑤ 云函数 token 命中 ≥ 4（列错位即零命中假绿） —— 6 个
  ✅ C8-⑥ 表格字段无空（信息项 / 代码出处） —— 无空字段
  ✅ C9 唯一声明处不扩散（其它 .md 不得再自称本口径单源） —— 仅 specs/dev-specs/上线材料_隐私政策_v1.md 一处
  ✅ C8-⑦ 弱面扫描面有效（确有「N 项 / N 个文件」陈述被扫到） —— 9 处
  ⚠️ 弱面（与声明不符，只明示不判红，可能是子集/另一口径/历史快照）8 处：
     specs/dev-specs/core/03_写码提示词.md:10 写 6（声明 7） —— 把下面 `===== 提示词开始 =====` 到 `===== 提示词结束 =====` 之间的内容**整段复制**，粘贴给写码 AI，并**同时上传以下 6 个文件**：
     specs/dev-specs/core/03_写码提示词.md:36 写 6（声明 7） —— 我已上传 6 个文件，请**全部读完**再开始：
     specs/dev-specs/core/外卖核算_专项核对.md:194 写 13（声明 7） —— - 证据包：`review/evidence/r161_waimai/`（13 个文件）、`review/evidence/r163_waimai/`、`review/eviden
     specs/dev-specs/★知识存储点_2026-09-10.md:38 写 675（声明 7） —— - **一键校验入口（改完必跑）**：`node verify_all.js`（仓库根；串 **134** 个套件 = 门禁 A–L + `verify_seed_data` 48
     specs/dev-specs/★知识存储点_2026-09-10.md:607 写 6（声明 7） —— **R71 恒真断言**（`check(name, true, ...)` 条件为字面量真值 ⇒ **永远通过、零验证**）：R66「段内零断言计数」与 R69「收尾完整性」**都
     specs/dev-specs/★知识存储点_2026-09-10.md:853 写 52（声明 7） —— - **套件数会漂**：`verify_all.js` 增删套件后必须同步头部注释里的数量（现 **134**；2026-09-17 由 41 → 45（新增 batch7 四组自
     specs/dev-specs/★知识存储点_2026-09-10.md:867 写 6（声明 7） —— - ⑥ **R71 恒真断言**（`tools/check_selftest_shape.js`）—— 假绿的**第五个面**：`check(name, true, ...)` 条
     specs/dev-specs/上线材料_隐私政策_v1.md:102 写 52（声明 7） —— - 「收集项」逐条来自代码扫描（本轮已扫 `pages/` `utils/` `app.js` 共 52 个文件），**非编写者主观描述**。

===== 隐私收集项清单口径守卫结果：20 通过 / 0 失败 =====
