R208 · 店铺生命周期守卫（删除释放额度 / 删空不死锁 / 入口不藏）
目标 cloudfunctions/manageShop/service.js / cloudfunctions/manageShop/index.js / cloudfunctions/getShopContext/index.js / pages/shop/switch.js / pages/shop/switch.wxml / pages/shop/switch.wxss / miniprogram/i18n/terms.js

----- S 扫描面护栏（非退化 + 关键锚点在职）-----
  ✅ S-① 7 份目标文件全部读到且非空
  ✅ S-② 剥注释后均达下界（防读空 ⇒ 零命中假绿）
  ✅ S-③ service.js 确实是店铺判定单源（含 decideCreate + decideDelete 定义）
  ✅ S-④ getShopContext 确实是上下文云函数（含 getWXContext + 读 shop 集合）

----- A 删除配额语义（实跑纯函数，判行为不判字面）-----
  ✅ A-① service.js 可被独立 require（纯函数依赖闭合）
  ✅ A-② 只有 1 家店 ⇒ 允许删除（免费档不得被锁死）
  ✅ A-③ 2 家 ⇒ 允许删且剩 1 家
  ✅ A-④ 0 家（异常态）⇒ 仍 fail-closed 不许删（防幽灵删除）
  ✅ A-⑤ 剩余数口径自洽（remaining = active - 1，不为负）

----- B 删空不死锁（getShopContext 必须区分「从未建店」与「主动删空」）-----
  ✅ B-① 用 listIncludingDeleted 探测历史店铺（含软删，只有它才能分辨"删空"）
  ✅ B-② everHad 判据在位（有历史店 ⇒ 视为主动删空）
  ✅ B-③ 存在 no_shop:true 的早退分支（不再强塞一个「我的店铺」）
  ✅ B-④ autoProvision（defaultShopId 插入）必须在 everHad 早退之后，不得先于它裸跑
  ✅ B-⑤ 正常返回路径也带 no_shop（false），出参契约不缺键
  ✅ B-⑥ 不再无条件宣称「无就自动建档」（头注已更正）

----- C 入口不得藏（⋯ 收纳 ⇒ 行内按钮）-----
  ✅ C-① 店铺行不再有「⋯」收纳入口，也不再走 actionSheet（低频 ≠ 可藏）
  ✅ C-② 删除入口是行内**显式按钮**（事件绑 onDeleteTap）
  ✅ C-③ 改名入口同为行内按钮（事件绑 onRenameTap）
  ✅ C-③b 两个按钮必须能阻断冒泡（catchtap），否则点删除会连带切店跳页
  ✅ C-④ 不再有「最后一家不给删」的前端拦截（length < 2 之类）
  ✅ C-⑤ 删到列表为空时，就地展开新建输入引导（mode 置 create）
  ✅ C-⑥ 删到一家不剩时必须复位 shop_id（切空串），否则后续请求带失效 id ⇒ 全站报错
  ✅ C-⑦ 删除确认仍是二次确认 + 红色危险键（破坏性操作不许一键即删）
  ✅ C-⑧ 行内按钮**自身**规则块守触控 ≥88rpx（不是靠文件里别处同名值过关）
  ✅ C-⑨ 行内按钮**自身**规则块守字号 ≥28rpx（同⑧，收进块内判）

----- D 文案口径与实现对齐（不许留过期承诺）-----
  ✅ D-① terms 不再出现「至少要保留一家店铺」这类过期承诺
  ✅ D-② 删除确认仍明说「不再占用店铺额度」（与 decideDelete 放开语义一致）
  ✅ D-③ 删最后一家时有专门的后果文案（deleteLastHint：会清空 + 额度会释放）
  ✅ D-④ 存在零店铺空态引导文案（noShopHint）

===== 店铺生命周期守卫结果：29 通过 / 0 失败 =====
