===== R132 · M3.14/M3.15 派生层守卫（组件分类 + 多规格）=====
  ✅ L1-① specDerive 导出齐全（13 个符号，派生层单源在位）
  ✅ L1-② 聚合入口导出齐备（8 个符号，与 genId 教训同款护栏）
  ✅ L1-③ 3 个受管函数的 cx_specDerive.js ≡ 单源（逐字节）
  ✅ L2-① 全仓 service.js 零内联 deriveSpec（引擎段干净）
  ✅ L2-② 3 份引擎副本源码零命中 line_kind/spec_key（规格是入参变换，不是引擎能力）
  ✅ L3-① 旧锚点未漂：基础份 material_total_fen 876 / unit_cost_fen 975（规格改动没碰主口径）
  ✅ L3-② A-d 恒等：系数全 1 ⇒ 派生结果与原入参逐字节相同 —— 逐字节恒等（全 1 / 压力样本 / 空系数表 三条腿全中）
  ✅ L3-③ A-d 恒等（引擎侧）：全 1 派生喂引擎 ⇒ 975/876 与原值逐项相等
  ✅ L3-④ A-e 半份锚点：用量/辅料/567/1253/68.85 五项全中
  ✅ L3-⑤ 反例坐实「半份按 50% 定价会掉毛利」：59.5% < 全份 65.18%（65% 定价才是正的）
  ✅ L4-① calcBom/validate 保留 line_kind 并落入清洗后的行
  ✅ L4-② calcBom/index 走单源派生 + 返回 spec_results + 基础 unit_cost_fen 仍取基础份
  ✅ L4-③ saveCostCard 落 specs_json 快照 且 total_cost 仍 = 基础份算法结果（规格成本零污染）
  ✅ L4-④ getCostCard 出参带 specs + line_kind（编辑-保存往返不丢字段）
  ✅ L5-① 双副本 terms.lineKind 键集 ≡ 后端 LINE_KINDS（5 键：aux/main/pack/season/semi）
  ✅ L5-② 双副本 terms.specLabel 键集 ≡ 后端 SPEC_PRESETS（half/per100g/small，页面只送键不送系数）
  ✅ L5-③ 三个页面文件均未自抄规格系数（3 个文件，系数只有服务端一份）
  ✅ S1-① 引擎副本 3 份 ≥ 3（扫描面被改小即转红）
  ✅ S1-② 页面扫描面完整（3/3 个文件在位）
  ✅ S2 断言数下界：本轮通过 19 条 ≥ 18（删掉整段判据会跌破下界）
  ✅ C1 影子「一律 round」被判否（恒等判据有分辨力）—— 压力样本下 lines 与原入参不逐字节相同
  ✅ C2 影子「忽略 line_kind」被判否（半份锚点有分辨力）—— 缩放后用量 = [100,25,5,15,10]
  ✅ C3 影子「系数缺省 0」被判否 —— 空系数表下 lines 与原入参不逐字节相同（缺配须按 1）
  ✅ C4 正样本互证：真派生同时通过恒等与半份两条判据（判据不恒假）

===== 多规格派生层守卫结果：24 通过 / 0 失败 =====
