首页 UI（v3）冻结条款守卫


===== S 自失效护栏 =====
  ✅ S-① 五个被检文件全部读到了
  ✅ S-② 锚点在场且唯一：class="hero ovh"
  ✅ S-② 锚点在场且唯一：async loadRefProfit(
  ✅ S-② 锚点在场且唯一：.hero {
  ✅ S-② 锚点在场且唯一：.money {

===== A 头卡 hero（纯色 / 可伸缩 / 店名截断 / 空态不显示金额） =====
  ✅ A-① .hero 规则体取得到
  ✅ A-② 头卡底色是**纯色**（大面积背景用渐变纯属装饰，v1 的渐变已被评审否掉）
  ✅ A-③ 头卡底色仍用品牌墨蓝
  ✅ A-④ 头卡用 **min-height**（固定高度 + 长店名 ⇒ 挤压净利数字，这是红队实测出来的）
  ✅ A-⑤ 店名必须截断（overflow:hidden + ellipsis）
  ✅ A-⑥ 取得到「空态分支」代码块
  ✅ A-⑦ 🔴 空态分支**不渲染任何金额**（不得出现货币符号插值）
  ✅ A-⑧ 空态必须有出口按钮文案（否则新用户进来没路走）
  ✅ A-⑨ CTA 文案不叫「记一笔」（会被理解成记当日流水，点进去却是月度科目 ⇒ 觉得被骗）
  ✅ A-⑩ 六个 hero 术语键全部取到值（少一个 ⇒ 页面上就是空白按钮/空白标签）

===== B 数据口径（当月来源 / 利润字段 / 三态防抖） =====
  ✅ B-① 当月用 ui.nowMonth() 取（不硬编码月份 ⇒ 跨月不会停在旧月份）
  ✅ B-② 利润取 getLedger 的 operation_ref_profit_fen（与月度结果页 netRef **同字段**，不在这里另算）
  ✅ B-③ **三态**标志在 data 里（未确定 ≠ 无数据，否则老用户每次进首页先闪一帧空态）
  ✅ B-④ 取数失败**静默降级**（这块只是装饰性总结，不该弹第二个 toast 制造噪音）

===== C 模块卡与入口保全 =====
  ✅ C-① 模块入口仍绑 M1 月度（goMonth）
  ✅ C-① 模块入口仍绑 M2 开店盈亏（goSandbox）
  ✅ C-① 模块入口仍绑 M3 菜品毛利（goCard）
  ✅ C-② 🔴 店铺切换入口仍在（它是原「当前店铺卡」**唯一**的功能，改版时最容易被吃掉）
  ✅ C-③ 店铺设置入口仍在（无 tabBar 替代入口，删了就少一条路）
  ✅ C-④ 三张模块卡都带 `.ovh`（8rpx 竖条超出圆角会冒尖角）
  ✅ C-⑤ 🔴 模块卡**不用颜色区分**（红绿已绑定涨跌语义，当模块色会被读成盈亏）

===== D 全局单源（金额等宽 / 圆角防溢出） =====
  ✅ D-① app.wxss 的 .money 含 tabular-nums（金额小数点对齐，治"看着乱"最便宜的一招）
  ✅ D-② app.wxss 的 .ovh 含 overflow:hidden（**单源**，页面不自造第二份）
  ✅ D-③ 原料列表卡自己也带了 overflow（左侧 8rpx 色条 + 20rpx 圆角 = 尖角溢出现场）

===== 首页 UI（v3）守卫结果：29 通过 / 0 失败 =====

