判据：金额锚点 = 整数分严格相等（无容差，单位：分；括号内为元）

--- 用例 A · 边界（旧空调提前报废 2026-08 / 招牌自然到期）---
✅ 旧空调 2026-01 当月即摊(推断①)  (=33333分)
✅ 旧空调 2026-08 终止当月仍摊(推断②)  (=33333分)
✅ 旧空调 2026-09 次月起停(推断④)  (=0分)
✅ 🔵 旧空调残值(报废 2026-08)=9,333.36  (=933336分=9333.36元)
🔍 [变异回验] 旧空调残值：期望±1分均判红，判据有 ±1 分鉴别力 = ✅
✅ 招牌 2026-12 到期当月仍摊(推断③)  (=50000分)
✅ 招牌 2027-01 次月起停(推断④)  (=0分)
✅ 🔵 招牌已摊合计=6,000.00(尾差被末月吸收)  (=600000分=6000元)
🔍 [变异回验] 招牌已摊合计：期望±1分均判红，判据有 ±1 分鉴别力 = ✅

--- 用例 B · 多资产并行 + 尾差倒挤 ---
✅ 2026-08 三资产合计=4,683.33  (=468333分=4683.33元)
🔍 [变异回验] 2026-08 三资产合计：期望±1分均判红，判据有 ±1 分鉴别力 = ✅
✅ 2026-02 仅装修在摊(加盟费/冰柜未开始)=3,333.33  (=333333分=3333.33元)
✅ 🔴 装修末月 2028-12 尾差倒挤=3,333.45(非 3,333.33)  (=333345分=3333.45元)
🔍 [变异回验] 装修末月尾差倒挤：期望±1分均判红，判据有 ±1 分鉴别力 = ✅
✅ 装修 2029-01 起=0  (=0分)
✅ 装修自然到期无残值  (=0分)
✅ 装修全程累计=120,000.00(等于原值)  (=12000000分)
✅ 装修共 36 期(2026-01~2028-12, 含两端)  (rows=36)

--- 尾差倒挤鉴别力（base×N 对照，不依赖生产代码开关）---
✅ 装修末月确实走了尾差倒挤（≠ base，=3,333.45）  (末月=333345分, base=333333分)
✅ 真实全程累计=12,000.00（末月倒挤保证）  (=12000000分)
✅ 若漏做倒挤累计=11,999,988（与真实不一致 → 判据有鉴别力）

--- 输出对接批次 1（total_amount_fen + details 结构）---
✅ details 含 3 条资产明细  (len=3)
✅ details 金额为分整数 + 命名 amount_fen  (sum=468333分)
✅ details 金额之和 === total_amount_fen
✅ 冰柜 2026-08 in_period=true(2026-06已开始)
✅ 旧空调 in_period=false 于 2026-09(提前停)

--- 月份工具（统一经批次 0 utilTime 往返）---
✅ addMonths("2026-01", 11) = "2026-12"
✅ addMonths("2026-12", 1) = "2027-01"
✅ addMonths("2028-12", 1) = "2029-01"(预告) 
✅ formatMonthIndex(parseMonthIndex("2026-08")) 往返一致
✅ MONTH_RE 拒非法月 "2026-13"
✅ MONTH_RE 拒坏格式 "2026-1"

--- validate 纪律（金额键字段非 JSON number → INVALID_PARAM，点名）---
✅ [V] 合法调用 → OK 
✅ [V] month 传坏 "2026-08-01" → INVALID_PARAM   点名: month 必须是 YYYY-MM（如 2026-01）
✅ [V] shop_id 缺失 → INVALID_PARAM   点名: shop_id 必须是非空字符串
✅ [V] 带 assets（含非法字段）被忽略 → 仍 OK → OK 

--- R32 回归：docToAsset 守卫 start_month / total_months / terminate_month ---
✅ docToAsset 合法资产放行
✅ docToAsset start_month="bad" → 抛 INVALID_PARAM 并点名
✅ docToAsset total_months=字符串"36" → 抛 INVALID_PARAM 并点名
✅ docToAsset total_months=0 → 抛 INVALID_PARAM 并点名
✅ docToAsset terminate_month="bad" → 抛 INVALID_PARAM 并点名
✅ docToAsset terminate_month="2026-13" → 抛 INVALID_PARAM 并点名
✅ docToAsset total_value 缺失（R34：唯一校验路径也须响亮失败） → 抛 INVALID_PARAM 并点名

--- R35/R36 回归：docToAsset total_value 必须 JSON number、asset_id 必须非空字符串 ---
✅ docToAsset total_value=null（静默当 0 元资产） → 抛 INVALID_PARAM 并点名
✅ docToAsset total_value="" → 抛 INVALID_PARAM 并点名
✅ docToAsset total_value=true → 抛 INVALID_PARAM 并点名
✅ docToAsset total_value=[] → 抛 INVALID_PARAM 并点名
✅ docToAsset total_value="100" 数字字符串 → 抛 INVALID_PARAM 并点名
✅ docToAsset total_value=100（整数分）放行
✅ docToAsset total_value=0（0 元资产合法）放行
✅ docToAsset asset_id 缺失 → 抛 INVALID_PARAM 并点名
✅ docToAsset asset_id=数字 → 抛 INVALID_PARAM 并点名
✅ docToAsset asset_id="" 空串 → 抛 INVALID_PARAM 并点名
✅ docToAsset asset_id="R36ok" 正常放行

--- DataAdapter 软删过滤（读台账自动排除 is_deleted=true）---
✅ 台账列表仅返回活跃资产(is_deleted=false)  (len=1)
✅ 软删资产不进入列表(业务层无需过滤)
✅ Controller 读台账=da.list(...) 同路径(软删天然排除)  (index.js 经 da.list 取台账（🔒 R71：原为恒真断言）)

==== calcAmortize 批次 2 自测结果：57 通过 / 0 失败 ====
