R209 · 月份选择器守卫（picker 下标 ≠ 值 / 历史月必须能选 / 同类写法不许退化）
目标 pages/month/index.js / pages/month/index.wxml / cloudfunctions/getLedger/validate.js / pages/**/*.wxml

S · 扫描面护栏
  ✅ S-① 四份目标文件在位（月历 js / wxml / 后端 validate / pages 目录）
  ✅ S-② 月历 js 剥注释后长度达下界（≥3000 字符，防读空）
  ✅ S-③ 能抽出 onMonthChange 函数体（抽不出 ⇒ 不许静默放行）
  ✅ S-④ 全仓 wxml 扫描面非退化（≥20 个文件，防扫空恒绿）

A · 根因修复（实跑抽取出的 handler，判行为不判字面）
  ✅ A-① 选中下标 1 ⇒ 传给 loadMonth 的是 months[1]「2026-09」，不是数字 1
  ✅ A-② 传给 loadMonth 的值类型必须是 string（后端只认 YYYY-MM 字符串）
  ✅ A-③ 重复选中当前月 ⇒ 不发起请求（不重拉、不闪 loading）
  ✅ A-④ 越界下标 ⇒ 不发起请求（fail-closed，不许把 undefined 透给后端）
  ✅ A-⑤ 会同步更新 monthIndex（picker 高亮跟随，不然再点开停在旧项）

B · 后端口径实跑（require 生产 getLedger/validate.js）
  ✅ B-① 历史月份「2026-09」后端直接放行（证明产品从没限制选历史月）
  ✅ B-② month 传数字 ⇒ INVALID_PARAM（这正是前端「填写有误」的来源）
  ✅ B-③ month「2026-13」越界 ⇒ 拒
  ✅ B-④ month「202609」形态错 ⇒ 拒

C · 全仓同类回归（picker mode="selector" 的 handler 必须用下标取数组）
  ✅ C-① 扫描面非退化：命中 ≥10 个 selector picker（半仓扫描靠不住）
  ✅ C-② 全部 17 处都用下标取数组元素（无裸传 detail.value）
  ✅ C-③ 关键锚点在场：月历页的 onMonthChange 落在扫描面内（否则这条回归形同虚设）

D · UI 一致（picker 选中项不被 WXML 表达式绑架）
  ✅ D-① wxml 的 picker value 用 monthIndex 变量（不再写 months.indexOf(...) 表达式）
  ✅ D-② js data 里声明 monthIndex 初值（picker 打开就有正确高亮）
===== 月份选择器守卫结果：18 通过 / 0 失败 =====
