===== R151/R152 · 单位池 / 计量族 / 单价单位 / chips 收放与手改 守卫 =====
  ✅ L1 计量族单源导出齐全（6 个符号）
  ✅ L1 三族基准词齐备（weight→克，volume→毫升，count→个）
  ✅ L2 familyOf 判定正确（12 例含未知单位兜底）
  ✅ L2 baseWordOf 三族返回正确词（4 例）
  ✅ L2 isCrossFamily 真值表正确（8 例，重量↔体积不计跨族）
  ✅ L2 priceToBase 折算正确（6 例含零/负/空值）
  ✅ L3 两池逐项一致（16 项）（用量池 ≡ 采购池，构造上不可能漂移）
  ✅ L3 整包采买口径可表达（件/箱/桶 + 公斤/千克 均在池里）（池 16 项）
  ✅ L3 倍率表 QTY_FACTOR 覆盖全部 16 项
  ✅ L3 族表 UNIT_FAMILY 覆盖全部 16 项
  ✅ L3 重量/体积族倍率自洽（7 例：斤500 两50）
  ✅ L4 原料档案页换算系数基准词取自单源（baseWordOf + matConvertOf）
  ✅ L4 原料档案页 wxml 使用动态换算系数标签
  ✅ L4 原料列表页 spec_line —— 基准单位词来自 units.baseWordOf，无写死「克」
  ✅ L4 手工行净料成本 —— 单价先折算到基准单位再进公式
  ✅ L4 手工行单价单位齐备（price_unit + onManualPriceUnit + 枚举取自单源）
  ✅ L4 手工行 wxml 有单价单位 picker（可自由选 元/斤、元/个…）
  ✅ L4 跨族判据取自单源 units.isCrossFamily
  ✅ L4 跨族提示落到界面（unit_warn 占位 + unitWarnOf 调用齐备）
  ✅ L4 术语表口径已中性化（matConvert + matConvertOf + matConvertHintOf(u,f,w) + unitCrossWarn）
  ✅ L4 chips 默认收起（不占屏，▾ 可随时展开）
  ✅ L4 pickUnit 选完自动收起 chips
  ✅ L4 手改保护在位（convertTouched 守着换算系数与「值+单位」二元组的赋值）
  ✅ L4 换算系数提示带「可手改」可见信号（术语双副本一致）
  ✅ L4 换算系数为句子式组合行（数值 + 单位 picker，块内无写死单位）
  ✅ L4 删行按钮挪到行尾（在录入方式之后，不再是红叉）
  ✅ L4 删行有确认（confirmText 在 4 字上限内）
  ✅ L4 删除确认键「删除」≤4 字（术语双副本一致）
  ✅ L4 单位格有独立底色，页面 3 处套用
  ✅ L4 用量与单位同一排（3 处 qty-wrap，无独立单位标签行）
  ✅ L4 卡片页兜底单位取自 units.BASE_UNIT（无写死「克」）
  ✅ L4 换右侧单位时保住物理量并回写 convert_factor
  ✅ L4 右侧值经 units.toBase 折算回 convert_factor
  ✅ L4 术语表有 matPriceOf（单价标签可带采购单位）（术语双副本一致）
  ✅ L4 convert_factor 无静默兜底（无效值走显式报错）
  ✅ L4 convUnitIndex 无字面量写法，4 处取自 units.QTY_UNITS.indexOf（与显示单位同源）
  ✅ S1 扫描面完整（9/9 个文件在位，改小扫描面即转红）
  ✅ S2 baseWordOf 调用命中 9 处 ≥ 2（防判据被删光后"扫了空集"）
  ✅ C1 影子样本「spec_line 写死克」被判红（判据有分辨力）—— spec_line 的基准单位词不来自 units.baseWordOf ⇒ 页面自写了一份口径
  ✅ C2 影子样本「走 baseWordOf」被判绿（不假红）
  ✅ C3 影子样本「两池长度不等」被判红 —— 两池长度不等：用量 2 / 采购 3
  ✅ C4 影子样本「单价不折算」被判红 —— 没有走 units.priceToBase ⇒ 非「元/克」的单价会被当成元/克，成本差倍率
  ✅ C5 影子样本「页面自写族判据」被判红 —— 跨族判据没走 units.isCrossFamily ⇒ 页面自写族表会与单源漂移
  ✅ C6 函数体切分器自检通过（manualNetUnitWan 主体 189 字符）
  ✅ C7 影子样本「chips 默认展开」被判红 —— 出现 unitChipsOpen: true ⇒ 14 项 chips 会展开占屏
  ✅ C8 影子样本「选完不收起」被判红 —— pickUnit 选完不收起 chips（要用户再点一次 ▾）
  ✅ C9 影子样本「手改值会被冲掉」被判红 —— convert_factor 赋值未受 convertTouched 保护 ⇒ 手改值会被建议值冲掉
  ✅ C10 影子样本「带手改保护」被判绿（不假红）
  ✅ C11 影子样本「提示无手改信号」被判红 —— 换算系数提示缺「可手改」信号 ⇒ 老板以为那是系统死值
  ✅ C12 函数体切分器自检通过（pickUnit 主体 605 字符）
  ✅ C13 影子样本「换算系数退回裸 input」被判红 —— 换算系数不是组合行（缺 conv-wrap）⇒ 又退回孤零零一个框
  ✅ C14 影子样本「组合行里写死「克」」判红且命中写死分支 —— conv-wrap 块内写死了单位词（第二份口径）
  ✅ C15 影子样本「红叉还在」被判红 —— 红「×」删行按钮还在（被读成"取消录入方式"）
  ✅ C16 影子样本「删除按钮排在录入方式之前」被判红 —— 删除按钮不在录入方式之后（语义又打架了）
  ✅ C17 影子样本「删行无确认」被判红 —— delLine 没有二次确认 ⇒ 误触直接删掉一整行
  ✅ C18 影子样本「单位格无底色」被判红 —— .unit-pick 没有底色 ⇒ 数字与单位视觉上仍是一段
  ✅ C19 影子样本「用量与单位拆两行」被判红 —— qty-wrap 只有 0 处（档案行/手工行没都合并 ⇒ 用量与单位又拆成两行）
  ✅ C20 影子样本「写死克兜底」被判红 —— wxml 仍有写死兜底「克」（页面存了第二份单位口径）
  ✅ C21 真实源码片段判绿（不假红）—— 换算系数为句子式组合行（数值 + 单位 picker，块内无写死单位）
  ✅ C22 术语表真实 delLineConfirmOk 判绿（不假红）—— 删除确认键「删除」≤4 字
  ✅ C23 函数体切分器自检通过（delLine 主体 770 字符）
  ✅ C24 影子样本「换单位不保物理量」被判红 —— onConvUnit 没走 units.convertQtyText ⇒ 换单位会静默改掉物理量
  ✅ C25 影子样本「值不折算回克数」被判红 —— onConvQty 没走 units.toBase ⇒ 「值×单位」没折算回克数（落库口径会漂）
  ✅ C26 影子样本「单价标签不带单位」被判红 —— 缺 matPriceOf（单价标签不带采购单位 ⇒ 「195」是元/件还是元/斤全靠猜）
  ✅ C27 影子样本「保存静默兜底」被判红 —— convert_factor 仍在静默兜底（清空的值会被悄悄换成建议值）
  ✅ C28 真实 onConvUnit 判绿（不假红）
  ✅ C29 真实 onSave 判绿（不假红）
  ✅ C30 函数体切分器自检通过（onConvUnit 主体 348 字符）
  ✅ C31 函数体切分器自检通过（onSave 主体 2077 字符）
  ✅ C32 影子样本「多行块写法的手改保护」被判绿（不假红）
  ✅ C33 影子样本「右侧值未受手改保护」判红且命中 convQty 分支 —— convQty 赋值未受 convertTouched 保护 ⇒ 手改值会被建议值冲掉
  ✅ C34 影子样本「convUnitIndex 写死 0」判红且命中字面量分支 —— convUnitIndex 初值写成字面量 ⇒ 展开时的高亮项与格子显示的单位不一致
  ✅ C35 影子样本「派生索引 + 合法的 convUnitIndex: i」判绿（不误伤事件索引）
  ✅ C36 影子样本「池里没有『件』」判红且点名 —— 采购单位池缺 件、桶、公斤 ⇒ 整包采买（一件 N 公斤 / 一箱 N 个）在 chips 上无处落
  ✅ C37 影子样本「整包口径齐备」判绿（不假红）

===== 单位池 / 计量族 / 单价单位守卫结果：75 通过 / 0 失败 =====
