===== openid 打码（防敏感泄露）=====
✅ 长 openid → 前6后4 + ****（中间打码）  (oXk3m5****A1b2)
✅ 打码不泄露完整 openid
✅ 空 openid → 空串
===== 档位判定（解耦铁律：只读 expire_at）=====
✅ expire_at 有效 → paid
✅ expire_at 过期 → free
✅ 无权益(0) → free
✅ 判定不依赖 plan_id、且走单源 isPaid（无手写到期比较）  (index.js：tier 仅由 expire_at 决定，判定走 common/entitlement.js::isPaid（R71/R213）)

===== R53 · 店铺列表分页累取（A 类加固，service.fetchShopsAll 真实实现）=====
✅ R53-① 20 家店 → 全部取到（旧 limit(20) 恰好取尽，分页同样取尽）
✅ R53-② 150 家店（>20）→ 分页取尽，无静默截断  (len=150)
✅ R53-② 分页命中：第 2 页 skip=100（+ R63 探针 skip=150/limit=1）  (hits=[{"skip":0,"limit":100},{"skip":100,"limit":100},{"skip":150,"limit":1}])
✅ R53-③ 店铺数超过安全上限 → 抛 HARD_CAP_EXCEEDED（响亮失败）
✅ R53-④ 无店铺 → 0 家

===== R63 · 短页探针 + 形态守卫（service.makeShopPageQuery / asRows 真实实现）=====
✅ R63-① 首页短页（5/100）→ 探针确证未耗尽，仍取尽 105 家（旧逻辑只取 5 家）  (len=105)
✅ R63-② 探针不跳不重：id 连续 0..104
✅ R63-③ 平台单次上限 30 条 ⇒ 页数用尽时响亮失败 HARD_CAP_EXCEEDED（不静默返回部分）  (HARD_CAP_EXCEEDED)
✅ R63-④ 形态 {}(无 data) → 抛 SYSTEM_ERROR（不静默当空）
✅ R63-⑤ 形态 {data:null} → 抛 SYSTEM_ERROR
✅ R63-⑥ 形态 {data:[...]} → 正常返回数组
✅ R63-⑦ 形态 {data:[]} → 返回 []（空 ≠ 异常）
✅ R63-⑧ asRows(null/undefined) → []（无数据不是异常）
✅ R63-⑨ asRows(非数组非 null) → 抛 SYSTEM_ERROR

==== adminQueryUser 批次 6/7 自测结果：21 通过 / 0 失败 ====
