# R232 形态C 判定守卫 —— 判得出 C + 不误判 A（v1.7 C-1：真样例列名是「销量」不是「商品销量」）

===== ① 真样例判定（fail-closed · 数据缺失即红，不许静默跳过） =====
  ✅ 1-① 形态C 逐格 dump 在场（缺失则本守卫失去意义） —— review/evidence/r232_formc_sample/formc_cells.txt
  ✅ 1-② 形态A 逐格 dump 在场（用于不误判反例） —— review/evidence/r226_sales_sample/dish.txt
  ✅ 1-③ 生产 service.js 可加载 —— loaded
  ✅ 1-④ 🔴 生产 detectDishShape(形态C真矩阵) === waimai_goods（收窄回只看「商品销量」即红） —— waimai_goods
  ✅ 1-⑤ 生产 detectDishShape(形态A真矩阵) === dish_sales（不得被误判成 C） —— dish_sales

===== ② 自失效护栏（样本有效性 —— 防止本守卫恒绿） =====
  ✅ 2-① 形态C 真表头含「销量」 —— ✓
  ✅ 2-② 🔴 形态C 真表头**不含**「商品销量」（正是 v1.6 判不出的原因 ⇒ 样本有区分力） —— ✓
  ✅ 2-③ 形态C 真表头含「商品名称」+「销售额」（C-1 的三个必要条件齐备） —— 商品名称 ✓ / 销售额 ✓

===== ③ 不误判（构造表 · 三条边界） =====
  ✅ 3-① 最小表（仅含「销量」、无「商品销量」）⇒ 判出 waimai_goods —— waimai_goods
  ✅ 3-② 同表但 R2 含「销售方式」⇒ **不得**判 C（区分项生效） —— null
  ✅ 3-③ 旧列名「商品销量」的表同样判出 C（向后兼容） —— waimai_goods
  ✅ 3-④ 缺「销售额」⇒ **不得**判 C（精度条件生效） —— null

===== ④ 条款落地（规范件在场 · 禁用「订单交易额」不得被删） =====
  ✅ 4-① v1.7 形态C 订正规范在场 —— specs/dev-specs/core/开发规范v1.7_ModuleM3增量_M3.33形态C订正.md
  ✅ 4-② 规范 §5.2 明文「严禁取用」订单交易额（整单口径 ⇒ 重复计钱） —— ✓
  ✅ 4-③ 规范红线 R232-1 明文禁止订单交易额作为 amount —— ✓

===== 形态C 判定守卫结果：15 通过 / 0 失败 =====
