===== ① 旧锚点回归（正算 · M2.10 标准工况，证明引擎未漂）=====
✅ 建店总投入 = 660000 元 · =66000000分
✅ 月摊销 = 17000 元 · =1700000分
✅ 不含摊销固定合计 = 21000 元 · =2100000分
✅ 含摊销固定合计 = 38000 元 · =3800000分
✅ 综合变动成本率 = 50% · =50%
✅ 保本月营收 = 76000 元 · =7600000分
✅ 目标月营收 = 106000 元 · =10600000分
✅ 回本周期 = 44 个月 · =44
✅ 无红警 · =false

===== ②-A 正算 param_json 往返（snake → clean → calcSandbox ≡ 首次）=====
✅ 往返后出参 === 首次出参（逐字段 JSON 全等）

===== ②-B 反推 param_json 往返（目标月利润 20000 / 客单 45 / 毛利率 60 / 座位 20 / 30 天 / 租金率 12%）=====
✅ 反推往返后 reverse 块 === 首次（逐字段 JSON 全等）
✅ 目标月营收 R = 100000 元 · =10000000分
✅ 房租上限 = 12000 元 · =1200000分
✅ 日均客流 = 74.07 · =74.07
✅ 翻台 = 3.70 · =3.7
✅ 面积上限 = 300 ㎡ · =300

===== ③-1 反例 · param_json 写成 camelCase ⇒ 目标月营收崩成 null（命名口径有鉴别力）=====
✅ camel 写法下目标月营收为 null（不是 10600000） · =null
✅ camel 写法 ≠ 正确 snake 写法（证明有鉴别力，不是恒真） · snake=10600000 / camel=null

===== ③-2 反例 · 反推漏字段 ⇒ 派生量 null（证明必须存全量 14 字段）=====
✅ 漏 seats ⇒ 翻台非有限值（分母 0，不编造） · =Infinity
✅ 漏 pixel_eff_fen ⇒ 面积上限为 null（坪效 ≤0 不编造） · =null

===== ④ 边界 · 边际贡献率 ≤ 0（红警）⇒ R 与全部派生量 null（不编造）=====
✅ 红警触发 · =true
✅ R = null · =null
✅ 派生量全 null

===== ⑤ 副本保真（savePlan/service.js ≡ calcSandbox/service.js md5 相等 + ENGINE_VERSION 同值）=====
✅ 两文件可读且 md5 相等 · e7e2aec94a201edd9c07dbaa497e5ab6
✅ ENGINE_VERSION 两处同值 · savePlan=m2-1.2.0 / calcSandbox=m2-1.2.0

===== savePlan 自测：25 通过 / 0 失败 =====
