===== T-a · 佣金基数（商品总价，不含打包费）=====
✅ T-a 商品总价 2500、c=6%、保底 130 ⇒ 佣金 150 分  (got 150)
✅ T-a 基数不含打包费（商品总价 2500 而非含打包费的 2700）  (got 162（2500→150 vs 2700→162）)
===== T-b · 实收 / 利润 / 到手率 =====
✅ T-b 实收 1800（P=2700 − s300 − 佣金150 − d450）  (got 1800)
✅ T-b 单均利润 365（1800 − Cf1275 − Cp160）  (got 365)
✅ T-b 到手率 66.67%  (got 66.67)
✅ T-b 到手率 <70% ⇒ 软提示触发条件成立
===== T-c · 挂牌价反算 =====
✅ T-c 反算 P* = 2963 分（目标到手利润 800）  (got 2963)
✅ T-c 顾客支付 3163（P*2963 + 打包费200）  (got 3163)
✅ T-c 佣金 178（round(2963×6%)）  (got 178)
✅ T-c 实收 2235（3163 − s300 − 佣金178 − d450）  (got 2235)
✅ T-c 到手率 70.66%  (got 70.66)
===== T-d · rate / fixed 两模式 =====
✅ T-d rate 模式 = 150（max(150,130)）  (got 150)
✅ T-d fixed 模式 = 200（直接取固定金额）  (got 200)
✅ T-d fixed 模式下保底 min 不生效（fixed=100、min=130 ⇒ 100 而非 max 130）  (got 100)
===== T-e · 补贴拆分等价 =====
✅ T-e s_user+s_merchant 都商家承担时，与单 s 算术等价（实收一致）  (single=1800 split=1800（补贴合计 300）)
===== T-f · 承担方未选 fail-closed =====
✅ T-f 承担方未选（payer=null）⇒ 补贴不计入（subsidy=300 而非 800）  (got 300)
✅ T-f 承担方=platform ⇒ 不计入商家成本（subsidy=300）  (got 300)
✅ T-f 承担方=merchant ⇒ 计入（subsidy=800）  (got 800)
✅ T-f 未选 vs 商家承担实收差一个补贴额（500）  (none=1800 merchant=1300)
===== T-g · 隔离（输出不含 M1 月度字段）=====
✅ T-g 输出对象不含任何 M1 月度字段（month/ledger/monthly...）  (cash+accrual 仅 *_fen / receipt_rate)
✅ T-g 两套口径分别持有 profit_fen（不混进同一总数）

============================================================
===== M3.17 外卖单均自测结果：21 通过 / 0 失败 =====
