===== 注入值驱动（正负互证：同一 activeCount 在不同 limits 下结论不同）=====
✅ activeCount=3 在 cost_card=5 下不超限  (free=5)
✅ activeCount=3 在 cost_card=2 下超限（正负互证）  (free=2)
✅ 判定随注入值变化（同一 activeCount 两结论不同）
✅ activeCount=5 在 cost_card=5 下 hit_free_limit（第 6 张触发）  (free=5)
✅ activeCount=4 在 cost_card=5 下未超限（放行）
✅ shop 0 家不超限 / 1 家超限（free_limit=1 注入）
===== 硬上限（注入值驱动）=====
✅ cost_card 达 hard_card=2000 命中硬上限
✅ shop 达 hard_shop=200 命中硬上限
✅ cost_card 100 仅超免费额、未触硬上限
===== 缺配置 ⇒ 响亮失败（不静默放行）=====
✅ 不传 limits ⇒ 抛 SYSTEM_ERROR
✅ limits=null ⇒ 抛 SYSTEM_ERROR
✅ limits 缺 hard_card ⇒ 抛 SYSTEM_ERROR（缺任一额度即响亮失败）
===== 维度：不同用户各自独立（scope 独立）=====
✅ 不同用户各自独立计数
===== 软删不占额（DataAdapter 层语义）=====
✅ 活跃数按 DataAdapter 过滤后传入（Service 不重复处理软删）
===== 入参校验 =====
✅ 合法 scope=shop
✅ 非法 scope=m2 → INVALID_PARAM
✅ 缺 scope → INVALID_PARAM

==== checkQuota 批次 5/A1 自测结果：17 通过 / 0 失败 ====
