===== 1. 入参面（shop_id 可选）=====
✅ 不传 shop_id → 放行且归一空串（取默认店铺）
✅ event 为 null → 拒（event 必须是对象）
✅ shop_id 传空串 → 归一空串（等同缺省）
✅ shop_id 非字符串 → 归一空串（不报错，按缺省处理）
✅ shop_id 合法 → 原样回传
✅ client_request_id 回传
✅ 支持 { input: {...} } 包裹层
✅ 错误码 = INVALID_PARAM（全局标准码）
===== 2. switchesFromRows（行组 → 开关布尔）=====
✅ 空行组 → 两开关均 false（缺行即关）
✅ undefined 行组 → 两开关均 false（不抛）
✅ 双开 → true/true
✅ 库存关/摊销开 → false/true（不串键）
✅ enabled 非布尔（1）→ truthy 化 true
✅ 行缺 enabled 字段 → false（不抛）
✅ 未知 switch_key 不污染出参
✅ 出参仅两枚键（不多带行原文）
===== 3. 跨函数常量守卫（读侧 ≡ 写侧）=====
✅ inventory 键读≡写
✅ amortize 键读≡写
✅ 键名 = inventory_switch
✅ 键名 = amortize_switch
===== 4. 静态形状守卫 =====
✅ 顺序：resolveAuth → validateInput（本函数无 shop 越权判定，按 user_id 取店）
✅ 按 user_id 取店（非按前端传入 shop_id 直读）
✅ 🔴 首店自动建档：复用单源 defaultShopId(userId)（确定性 _id，幂等由构造保证）
✅ 🔴 建档落 user_id
✅ 🔴 撞唯一键后必须回读（不得直接返回假 shop_id）
✅ 🔴 回读仍为空 ⇒ fail-closed（SYSTEM_ERROR，不猜）
✅ 新建标记 is_new_shop 回传（前端可提示）
✅ 开关行经 service 映射（不内联 find）
✅ 前提：出参区切片非空（─── ⇒ 零命中假绿）  (1124 字符)
✅ 出参不泄漏 user_id / openid  (零泄漏)

==== getShopContext 自测结果：30 通过 / 0 失败 ====
