===== 1. 开关三态语义（核心）=====
✅ 不传 switches → 两开关均为 null（= 不动库）
✅ 合法基线放行
✅ inventory=true → true
✅ 未传的 amortize 仍为 null（不被置 false）
✅ 🔴 inventory=false → **false**（不是 null，必须真写库关闭）
✅ 🔴 false 与 null 可区分（=== 断言，非真假值断言）
✅ 两开关同时给 → 各自保留
✅ switches 非对象（字符串）→ 归一为 null 两枚
===== 2. 入参面 =====
✅ switches.inventory 字符串 "true" → 拒
✅ switches.inventory 数字 1 → 拒
✅ switches.amortize null → 拒（undefined 才是"不动"，null 是非法类型）
✅ name 非字符串 → 归一空串
✅ remark 非字符串 → 归一空串
✅ name 合法回传
✅ 🔴 不传 name → undefined（= 不动库，防只改开关却清空店铺名）
✅ 🔴 不传 remark → undefined（同上）
✅ 🔴 undefined 与 "" 可区分（=== 断言，非真假值断言）
✅ name 显式 "" → ""（保留清空能力）
✅ shop_id 缺失 → 拒
✅ event 为 null → 拒
✅ 支持 { input: {...} } 包裹层
✅ 错误码 = INVALID_PARAM（全局标准码）
===== 3. 跨函数常量守卫（防漂移）=====
✅ saveShopSetting.SWITCH_KEYS.inventory === getShopContext 同名键
✅ saveShopSetting.SWITCH_KEYS.amortize === getShopContext 同名键
✅ 键名 = inventory_switch（与 getLedger 读开关字面量一致）
✅ 键名 = amortize_switch（与 getLedger 读开关字面量一致）
✅ getLedger 读开关用同一字面量（跨函数字面量同源）
===== 4. 静态形状守卫（写操作特有）=====
✅ 顺序：resolveAuth → assertShopOwner → validateInput
✅ 🔴 只对非 null 开关写库：`!== null` 判定存在（防未传开关被置 false）
✅ 开关 upsert 以 shop_id + switch_key 为定位键（唯一键契约）
✅ upsert 冲突回退：update 失败 → add（防竞态丢写）
✅ 店铺名/备注写 shop 表（存在才写）
✅ 🔴 name 写库以 `!== undefined` 判定存在（防未传被写空）
✅ 🔴 remark 写库同样以 `!== undefined` 判定存在
✅ 开关落库为服务端权威（返回体带 switches 供前端同步）

==== saveShopSetting 自测结果：35 通过 / 0 失败 ====
