===== L-a · 规模与形状 =====
✅ L-a 规模 60 <= LEXICON.length <= 80  (length=67)
✅ L-a 每条键集合恰好 = {std_key, std_name, aliases, default_unit}  (67 条均 4 键)
✅ L-a std_key 无重复  (重复 0 个)
✅ L-a aliases 均为数组
===== L-b · 必含 8 条 =====
✅ L-b 必含 8 条（鸡胸肉/土豆/干辣椒/花椒/生抽/老抽/菜籽油/豆瓣酱）  (8/8 齐全)
===== L-c · 建议命中 / 别名 / 空结果 =====
✅ L-c suggestByName('生抽')[0].std_name === '生抽'  (["生抽"])
✅ L-c suggestByName('辣椒')[0].std_name === '干辣椒'（别名命中）  (["干辣椒"])
✅ L-c suggestByName('不存在的东西xyz') → []  (len=0)
✅ L-c getByKey('potato').std_name === '土豆'
✅ L-c 建议条数 ≤5  (len=5)
===== L-d · 不自动替换 =====
✅ L-d 调 suggestByName 前后入参字符串不变  ('辣椒')
✅ L-d 导出名无 auto/replace/apply/normalize 前缀  (module.exports = { LEXICON, suggestByName, getByKey })
✅ L-d 源码无 setData
===== L-e · 单位池 =====
✅ L-e 全部 default_unit ∈ PURCHASE_UNITS（16 项）  (67 条均合法)
===== L-f · 模板 20 道 =====
✅ L-f 模板 20 道  (length=20)
✅ L-f 模板行结构完整（line_name/qty/unit）
✅ L-f 全表无价格类键  (0 处)
✅ L-f 全部 unit ∈ PURCHASE_UNITS  (20 道全部合法)
===== L-g · applyTemplate 返回行结构 =====
✅ L-g applyTemplate 返回行数 === tpl.lines.length  (4)
✅ L-g 返回行不含 price/unit_cost/cost 键  (行只含 line_name/qty/unit)
✅ L-g 返回行键集合 = {line_name, qty, unit}

============================================================
===== M3.20 词库/模板自测结果：21 通过 / 0 失败 =====
