
===== A0 前提护栏（用例表面宽 —— 被改小即转红） =====
  ✅ A0-① 用例表 28 条 ≥ 24
  ✅ A0-② B 组（换行合计，R120 主缺陷面）5 条 ≥ 4
  ✅ A0-③ C 组（只有合计 → 兜底）4 条 ≥ 3
  ✅ A0-④ E 组（误填/吞 0/非金额边界）11 条 ≥ 10

===== A1 逐条实跑（形态 → 期望填入值） =====
  ✅ A1-A1 明细+同行合计（Excel 常规复制） → "7140.00"
  ✅ A1-A2 明细+同行小计（真账单最常见） → "7140.00"
  ✅ A1-A3 明细+同行总计（英文 total） → "7140.00"
  ✅ A1-A4 多平台账单 4 行 + 同行合计 → "9110.50"
  ✅ A1-B1 明细+换行合计（标签一行、数字下行） → "7140.00"
  ✅ A1-B2 明细+换行小计 → "7140.00"
  ✅ A1-B3 换行合计、标签与数字之间夹纯文字行 → "7140.00"
  ✅ A1-B4 换行总计（英文） → "7140.00"
  ✅ A1-B5 换行合计 + 负数扣款行 → "3880.00"
  ✅ A1-C1 只有同行合计 → "7140.00"
  ✅ A1-C2 只有换行合计 → "7140.00"
  ✅ A1-C3 只有总计（英文） → "7140.00"
  ✅ A1-C4 只有同行小计 → "7140.00"
  ✅ A1-D1 两行明细无合计 → "7140.00"
  ✅ A1-D2 单个金额 → "4380.00"
  ✅ A1-D3 千分位 → "1234.56"
  ✅ A1-D4 负数（退款 / 扣款行） → "3880.00"
  ✅ A1-E1 空文本 → 不填 → ""
  ✅ A1-E2 纯表头 → 不填 → ""
  ✅ A1-E3 0 是合法金额（零打包费 / 零补贴） → "0.00"
  ✅ A1-E4 全 0 多行 → 0.00 → "0.00"
  ✅ A1-E5 账期行不得当金额 → ""
  ✅ A1-E6 时间行不得当金额 → ""
  ✅ A1-E7 长单号（≥11 位）不得当金额 → ""
  ✅ A1-E8 合计标签悬空（末尾无数字）→ 取明细 → "4380.00"
  ✅ A1-E9 只有合计标签、无任何数字 → 不填 → ""
  ✅ A1-E10 中文日期不得当金额 → ""
  ✅ A1-E11 账单两列（账期+金额）只取金额 → "4380.00"
  ✅ A1-总 28 条全绿（零红）

===== A2 排除专项（含合计的用例：numbers 不得含 totalValue，且 totalValue 须真被识别） =====
  ✅ A2-① 含合计字样的用例 15 条 ≥ 8
  ✅ A2-A1 numbers 已排除合计值 7140（明细 [4380,2760]）
  ✅ A2-A2 numbers 已排除合计值 7140（明细 [4380,2760]）
  ✅ A2-A3 numbers 已排除合计值 7140（明细 [4380,2760]）
  ✅ A2-A4 numbers 已排除合计值 9110.5（明细 [1110.5,2200,1000,4800]）
  ✅ A2-B1 numbers 已排除合计值 7140（明细 [4380,2760]）
  ✅ A2-B2 numbers 已排除合计值 7140（明细 [4380,2760]）
  ✅ A2-B3 numbers 已排除合计值 7140（明细 [4380,2760]）
  ✅ A2-B4 numbers 已排除合计值 7140（明细 [4380,2760]）
  ✅ A2-B5 numbers 已排除合计值 3880（明细 [4380,-500]）
  ✅ A2-C1 numbers 已排除合计值 7140（明细 []）
  ✅ A2-C2 numbers 已排除合计值 7140（明细 []）
  ✅ A2-C3 numbers 已排除合计值 7140（明细 []）
  ✅ A2-C4 numbers 已排除合计值 7140（明细 []）
  ✅ A2-E8 合计标签无金额 ⇒ totalValue 允许为 null
  ✅ A2-E9 合计标签无金额 ⇒ totalValue 允许为 null

===== A3 兜底专项（也只有合计才兜底） =====
  ✅ A3-C-C1 只有同行合计 → 走合计兜底
  ✅ A3-C-C2 只有换行合计 → 走合计兜底
  ✅ A3-C-C3 只有总计（英文） → 走合计兜底
  ✅ A3-C-C4 只有同行小计 → 走合计兜底
  ✅ A3-D-D1 两行明细无合计 → 正常明细求和（非兜底）
  ✅ A3-D-D2 单个金额 → 正常明细求和（非兜底）
  ✅ A3-D-D3 千分位 → 正常明细求和（非兜底）
  ✅ A3-D-D4 负数（退款 / 扣款行） → 正常明细求和（非兜底）
  ✅ A3-A-A1 明细+同行合计（Excel 常规复制） → 有明细，非兜底
  ✅ A3-A-A2 明细+同行小计（真账单最常见） → 有明细，非兜底
  ✅ A3-A-A3 明细+同行总计（英文 total） → 有明细，非兜底
  ✅ A3-A-A4 多平台账单 4 行 + 同行合计 → 有明细，非兜底

===== A4 不可填边界（值空 ⟺ 非兜底；不得「提示已填而值为空」） =====
  ✅ A4-① 不可填用例 7 条 ≥ 5
  ✅ A4-E1 空文本 → 不填 → 值空且非兜底（提示「未提取到数字」）
  ✅ A4-E2 纯表头 → 不填 → 值空且非兜底（提示「未提取到数字」）
  ✅ A4-E5 账期行不得当金额 → 值空且非兜底（提示「未提取到数字」）
  ✅ A4-E6 时间行不得当金额 → 值空且非兜底（提示「未提取到数字」）
  ✅ A4-E7 长单号（≥11 位）不得当金额 → 值空且非兜底（提示「未提取到数字」）
  ✅ A4-E9 只有合计标签、无任何数字 → 不填 → 值空且非兜底（提示「未提取到数字」）
  ✅ A4-E10 中文日期不得当金额 → 值空且非兜底（提示「未提取到数字」）

===== A5 页面接线与文案单源 =====
  ✅ A5-① 判据走 fill === ''（「最终能不能填出值」）
  ✅ A5-② 页面不再用 numbers.length === 0 作判据
  ✅ A5-③ 页面引用 pasteFilledFromTotal
  ✅ A5-④ 映射 twPasteFromTotal（合计兜底专用提示）
  ✅ A5-⑤ toast 按 fromTotal 分两种提示
  ✅ A5-⑥ 确认弹窗只在「有明细+有合计」时触发（纯兜底不再多问一次）
  ✅ A5-⑦ terms 双副本逐字节一致
  ✅ A5-⑧ pasteFromTotal 非空：已按合计行填入，请核对是否与明细重复
  ✅ A5-⑨ pasteEmpty / pasteDone / pasteConfirmBody 三键仍在（未被误删）

===== A6 前提证明（B/C 组用例对旧实现必须转红 —— 证明本表非恒真） =====
  ✅ A6-① B 组 5 条全部可与「全数字求和」区分（旧实现必转红）
  ✅ A6-② C 组 4 条期望值均非空（旧实现输出空串，必转红）

===== 外卖粘贴形态用例表守卫结果：80 通过 / 0 失败 =====
