===== 1. 入参面 =====
✅ 合法入参放行
✅ shop_id 回传
✅ shop_id 缺失 → 拒
✅ shop_id 空串 → 拒
✅ shop_id 非字符串 → 拒
✅ event 为 null → 拒
✅ event 为数组 → 拒（数组也是 object，须显式拒）  (数组被当作 event 时 shop_id 缺失 → 拒)
✅ month 不是本函数入参（月份列表不需要 month）
✅ 支持 { input: {...} } 包裹层
✅ 错误码 = INVALID_PARAM（全局标准码）
===== 2. 源码形状守卫（去重 / 倒序 / 归档态）=====
✅ 顺序：resolveAuth → assertShopOwner → validateInput
✅ 读 shop_monthly_account 且按 shop_id 过滤
✅ 🔴 按 month 去重（同一月 upsert 理论一条，防御性去重）
✅ 🔴 倒序（新在前）：`a.month < b.month ? 1 : -1`
✅ 出参仅 month + is_archive（不泄漏金额/明细）
✅ is_archive 强制布尔化（!!）
✅ 空 month 行被跳过（不产生 month:"" 条目）

==== getMonthList 自测结果：17 通过 / 0 失败 ====
