# R232 时间口径守卫 —— Excel 日期单元格失准(C-11) + 月份 UTC 铁律(C-10)

===== ① 模块可达（fail-closed） =====
  ✅ 1-① service.js 可加载 —— 20 个导出
  ✅ 1-② fmtCell 已导出（否则守卫无法验证日期口径） —— function
  ✅ 1-③ 生产存在有效的时区偏移（本机应非零，否则本守卫失去意义） —— offset(min) = -480

===== ② C-11 · Excel 日期单元格 → biz_date 不得早一天 =====
  ✅ 2-① fmtCell 对 5 个真实序列号全部读出正确日历日 —— 5/5
  ✅ 2-② 非 Date 入参仍走字符串分支（不得误伤） —— '2026-09-13' / null / 123 均正确

===== ③ 自失效护栏（样本有效性 —— 防止本守卫恒绿） =====
  ✅ 3-① 传入的确实是 Date 实例（会命中 instanceof Date 分支） —— instanceof Date = true
  ✅ 3-② 样本确实带历史时区偏移（SheetJS 引入缺陷的前提仍成立） —— 落在 23:54 ⇒ 正是导致早一天的时刻
  ✅ 3-③ basedate 基准为 UTC 构造（不得是 new Date(1899,11,30)） —— EXCEL_UTC_BASE = -2209161600000 ≡ Date.UTC(1899,11,30)

===== ④ C-10 · 月份口径必须走单源 toMonth（UTC 铁律） =====
  ✅ 4-① 单源 utilTime.js 仍用 UTC（getUTC* 取月份） —— toMonth 用 getUTC*
  ✅ 4-② getDishReview **代码里**（非注释）确从 common.utilTime 取 toMonth —— 剥离注释后仍命中 `common.utilTime` + `toMonth`
  ✅ 4-③ getDishReview 代码里不存在本地 YYYY-MM 拼装（不论函数叫什么名） —— 无本地 getFullYear()+getMonth() 拼装
  ✅ 4-④ 单源 toMonth 可达 —— function
  ✅ 4-⑤ 边界时间戳经**单源 toMonth** 归属 2026-09（本地口径会错成 2026-10） —— 2026-09-30T23:00:00.000Z ⇒ 2026-09
  ✅ 4-⑥ 自失效护栏：同一时间戳用本地口径确会得到 2026-10（⇒ 样本有区分力，非恒绿） —— 本地 2026-10 ≠ UTC 2026-09

===== 时间口径守卫结果：14 通过 / 0 失败 =====
