
===== E1 前提与 fail-closed（三份代码源必须都可解析） =====
  ✅ E1-① 云函数种子解析成功（23 项）
  ✅ E1-② 原型副本解析成功（23 项）
  ✅ E1-③ 前端 terms.expense 解析成功（4 类 / 23 项）
  ✅ E1-④ 规范 A.2 营销表解析成功（9 项）

===== E2 同一份种子的两处副本必须逐项一致 =====
  ✅ E2-① 23 项逐项一致（key | 名 | 类 | sort）

===== E3 前端渲染清单 ≡ 后端种子（逐类、项名、保序） =====
  ✅ E3-① 4 类共 23 项逐项同名同序

===== E4 规范 A.2 营销表 ≡ 代码 marketing 项（集合双向） =====
  ✅ E4-① 规范 A.2 与代码 marketing 集合相等（各 9 项）
  ✅ E4-② 规范侧项数 9 ≥ 2

===== E5 下界护栏（防整体缩水 / 类被清空后仍判绿） =====
  ✅ E5-① 种子总项数 23 ≥ 下界 20
  ✅ E5-② 4 个 category 项数均 ≥ 2

===== E6 前提证明（两侧非空且数量相等，否则前面的比对是空转） =====
  ✅ E6-① 前端 23 项 ≡ 种子 23 项（非空且相等）

===== E7 项名当机器键：铺行名单 / 行内注键 / 缺项提示名单 必须命中种子 =====
  ✅ E7-① 四处名单均解析成功（固定 4 / 波动 3 / 行内注 13 / 缺项提示 3）
  ✅ E7-② 常规科目预置名单 7 项全部命中种子
  ✅ E7-③ 行内注 13 个键全部命中种子
  ✅ E7-④ 缺项提示名单 3 项全部命中种子
  ✅ E7-⑤ 判据自证：假项名报 1 条、真项名报 0 条（missingFrom 有分辨力）
  ✅ E7-⑥ 运营类行内注覆盖 7 项 ≥ 下界 6（实测 7 的保守下沿）

===== 费用项清单口径守卫结果：17 通过 / 0 失败 =====
