===== 2026-09-26 00:25:40  目标：getMaterial  ENV=cloud1-d4gphpoxy337f2a25 =====

--- [1/1] getMaterial ---
$ C:/Program Files (x86)/Tencent/微信web开发者工具/cli.bat cloud functions deploy --project C:/Users/lzj/WorkBuddy/Claw/catering-profit -e cloud1-d4gphpoxy337f2a25 --names getMaterial -r
- initialize

(node:62952) [DEP0040] DeprecationWarning: The `punycode` module is deprecated. Please use a userland alternative instead.
(Use `微信开发者工具 --trace-deprecation ...` to show where the warning was created)
× IDE may already started at port 35237, trying to connect

√ IDE server started successfully, listening on http://127.0.0.1:35237
- deploy cloudfunctions
- fetching cloud env list
- [getMaterial] Fetching info of cloudfunction getMaterial
√ [getMaterial] cloudfunction getMaterial exists in the cloud, will update it
- [getMaterial] upload cloud function getMaterial - preparing
√ [getMaterial] upload cloud function getMaterial - deploy
√ deploy cloudfunctions

┌─────────────┬─────────┬────────────┬───────────┐
│ (index)     │ success │ filesCount │ packSize  │
├─────────────┼─────────┼────────────┼───────────┤
│ getMaterial │ true    │ 16         │ '29.2 KB' │
└─────────────┴─────────┴────────────┴───────────┘

>>> rc=0 用时=56.7s 

===== 汇总 =====
getMaterial          rc=0  用时=56.7s
ALL_OK = True
