===== 2026-09-26 00:27:59  目标：saveCostCard  ENV=cloud1-d4gphpoxy337f2a25 =====

--- [1/1] saveCostCard ---
$ C:/Program Files (x86)/Tencent/微信web开发者工具/cli.bat cloud functions deploy --project C:/Users/lzj/WorkBuddy/Claw/catering-profit -e cloud1-d4gphpoxy337f2a25 --names saveCostCard -r
- initialize

(node:66112) [DEP0040] DeprecationWarning: The `punycode` module is deprecated. Please use a userland alternative instead.
(Use `微信开发者工具 --trace-deprecation ...` to show where the warning was created)
× IDE may already started at port 35237, trying to connect

√ IDE server started successfully, listening on http://127.0.0.1:35237
- deploy cloudfunctions
- fetching cloud env list
- [saveCostCard] Fetching info of cloudfunction saveCostCard
√ [saveCostCard] cloudfunction saveCostCard exists in the cloud, will update it
- [saveCostCard] upload cloud function saveCostCard - preparing
√ [saveCostCard] upload cloud function saveCostCard - deploy
√ deploy cloudfunctions

┌──────────────┬─────────┬────────────┬───────────┐
│ (index)      │ success │ filesCount │ packSize  │
├──────────────┼─────────┼────────────┼───────────┤
│ saveCostCard │ true    │ 16         │ '42.1 KB' │
└──────────────┴─────────┴────────────┴───────────┘

>>> rc=0 用时=49.4s 

===== 汇总 =====
saveCostCard         rc=0  用时=49.4s
ALL_OK = True
