
===== S · 扫描面（service.js 可加载 + 真样例 dump 可读） =====
  ✅ S-① service.js 可加载且导出 parseDishSalesC(function) / DISH_SHAPES.C / saleDocId —— DISH_SHAPES.C=waimai_goods（xlsx 空桩）
  ✅ S-② 真样例 dump 可读且数据行 ≥ 355（R1 表头 + R2~R355 数据） —— 355 行

===== R-C1 · 真样例复算（Σ销量/Σ销售额/行数/天数/商品数/零价行） =====
  ✅ R-C1-① 行数 = 354（单行表头 R1，数据 R2 起） —— 354 行
  ✅ R-C1-② Σ销量 = 118 —— 118
  ✅ R-C1-③ Σ销售额 = 1823.08（amountFen=182308） —— 182308 分
  ✅ R-C1-④ 天数 = 7（按 bizDate 分 7 组） —— 7 组
  ✅ R-C1-⑤ 商品数 = 51（去重） —— 51 个
  ✅ R-C1-⑥ zeroAmountQty 恰 1 条（来点辣椒吗 qty=43） —— [{"name":"来点辣椒吗","qty":43}]
  ✅ R-C1-⑦ 组日期序正确（首末 = 09-07 / 09-13） —— 2026-09-07~2026-09-08~2026-09-09~2026-09-10~2026-09-11~2026-09-12~2026-09-13

===== R-C2 · 反例（改回错写法 ⇒ 数字必须变，证明规则非恒真） =====
  ✅ R-C2-① 反例：误用「订单交易额」Σ=2974.91 ≠ 正确 1823.08（禁止订单交易额有意义） —— 2974.91 vs 1823.08
  ✅ R-C2-② 反例：网格 51×7=357 ≠ 实得 354（禁止补零有意义） —— 51×7=357 vs 354
  ✅ R-C2-③ 反例：销量列全为文本（Number.isFinite("43")=false 会误杀）⇒ 必须 toNum —— qtyAllText=true / isFinite("43")=false

===== R-C3 · 幂等（同表重导 ⇒ _id 集合逐字节相同） =====
  ✅ R-C3-① 同表重导 ⇒ _id 集合逐字节相同 —— idCount=354

===== R-C4 · 自失效护栏（扫描面非退化 + 关键锚点在场） =====
  ✅ R-C4-① 扫描面非退化：dump 行数 ≥ 355 —— 355 行
  ✅ R-C4-② 表头 18 列且含 5 白名单列 —— 18 列
  ✅ R-C4-③ 关键锚点在场：形态 C 判定不回归（detectDishShape=waimai_goods） —— waimai_goods

===== R-C5 · 美团真样例·别名列名（R245 P7：商品名/商品销量/商品销售额） =====
  ✅ R-C5-① 美团真样例矩阵在场（11 行 × 14 列；缺失即红） —— 11 行 × 14 列
  ✅ R-C5-② 行数 = 10（单行表头 R1，数据 R2 起） —— 10 行
  ✅ R-C5-③ Σ销量 = 12（别名列「商品销量」取得到 ⇒ 不是 0） —— 12
  ✅ R-C5-④ Σ商品销售额 = 270.00（amountFen=27000；别名列「商品销售额」取得到） —— 27000 分
  ✅ R-C5-⑤ 天数 = 3 且首末 = 2026-09-10 / 2026-09-13（R245 P8 紧凑 8 位「20260910」归一） —— 2026-09-10~2026-09-12~2026-09-13
  ✅ R-C5-⑥ zeroAmountQty 恰 1 条「来点辣椒?吗」qty=4（0910×1 + 0912×3，按名聚合） —— [{"name":"来点辣椒?吗","qty":4}]
  ✅ R-C5-⑦ 自失效护栏：真表头**零正名**命中（删别名 ⇒ 取列全 -1 ⇒ 上列数字必变） —— 命中=零命中 ✓

===== R-C6 · normalizeDate 紧凑 8 位（R245 P8） =====
  ✅ R-C6-① 20260910 ⇒ 2026-09-10（美团商品表真格式） —— 2026-09-10
  ✅ R-C6-② 2026/9/7 ⇒ 2026-09-07（旧形态不回归） —— 2026-09-07
  ✅ R-C6-③ 2026091（7 位）⇒ 原样返回（fail-closed，不猜） —— 2026091
  ✅ R-C6-④ abc ⇒ 原样返回（非日期不改写） —— abc

===== formc-parse 守卫结果：27 通过 / 0 失败 =====
