===== round204 · 原料批量录入守卫 =====
  ✅ A-① Excel 六列（Tab 分隔）逐字段还原 —— {"name":"炸鸡腿","brand_spec":"箱装24","purchase_unit":"件","purchase_price_fen":19500,"convert_factor":24000,"yield_rate":95,"is_virtual":false,"category":"other","aliases":"[]","remark":"","std_key":""}
  ✅ A-② 首行表头自动跳过且不丢数据行 —— headerSkipped=true 行数=2
  ✅ A-③ 两列速记（名称·单价）第 2 列当单价、单位取默认 —— 斤 / 1850 分
  ✅ A-④ 计数族缺换算系数判错（箱/件没有通用换算，绝不替老板猜） —— ["换算系数必填（箱 没有通用换算）"]
  ✅ A-⑤ 非法单位判错且不叠「换算系数必填」噪音（根因只有单位） —— ["单位不在可选池：坛"]
  ✅ A-⑥ 出成率越界判错 —— ["出成率需在 0~100：120"]
  ✅ A-⑦ 元 → 分整数（18.5 元 ⇒ 1850 分，不留浮点） —— 18.5→1850 / 42→4200
  ✅ A-⑧ 名称内含空格时保留完整（双空格才作列分隔，单空格不拆列） —— 耙 牛肉 | 箱装
  ✅ A-⑨ 空行不计入行集合 —— 行数=2 空行=2
  ✅ B-① 批量页四件套齐全 —— 4 个齐全
  ✅ B-② 批量页已在 app.json::pages 注册 —— app.json 共 23 页
  ✅ B-③ 原料库列表页有批量入口（wxml 按钮 + js 跳转，两处都在） —— wxml=true js=true
  ✅ B-④ 保存复用既有 saveMaterial（不新增云函数，避免牵动四处同步面） —— 命中 saveMaterial 调用
  ✅ B-⑤ 幂等键每条唯一（同一批第 k 条不同键，重放不互相顶掉） —— 命中 matb_ + stamp 形态
  ✅ B-⑥ 解析有问题的行默认不勾选（fail-closed：脏数据不许混进导入） —— 命中 checked: x.ok
  ✅ B-⑦ 页面调纯函数解析，不在页面里内联重写一套解析 —— 命中 parsePaste 调用
  ✅ B-⑧ WXML 插值内不调方法（微信不支持，且恒 false 不报错） —— 零命中
  ✅ C-① 扫描面非退化（pages/material 下文件数 ≥ 8） —— 16 个
  ✅ C-② 解析纯函数可 require 且导出 parsePaste —— parsePaste + buildRow 就位
  ✅ C-③ 空输入零行（防「扫描面空 ⇒ 恒绿」） —— 行数=0
  ✅ C-④ 反恒真：计数族单位仍然没有通用换算建议值（一旦有了 ⇒ A-④ 判据基础消失，必须改判据） —— 箱/桶/件 仍为 null
  ✅ D-① 正样本：「斤」自动带出建议换算 500 且可直接导入 —— 换算=500
  ✅ D-② 负样本：单价不是数字必红（不静默当 0） —— ["单价不是数字：三元"]

===== round204 · 原料批量录入守卫：23 通过 / 0 失败 =====
