git keys: 11
  git ls-files  rc=0 len(out)=293485
  git -c core.quotepath=false ls-files  rc=0 len(out)=256915
  git status --porcelain cloudfunctions/  rc=128 len(out)=0  <-- rc 0 -> 128
  git status --porcelain  rc=0 len(out)=30
  git rev-parse --is-inside-work-tree  rc=0 len(out)=5
  git log --oneline -8  rc=128 len(out)=0  <-- rc 0 -> 128
Traceback (most recent call last):
  File "C:\Users\lzj\WorkBuddy\Claw\catering-profit\review\evidence\r226_gate\mk_git_keys.py", line 21, in <module>
    r = subprocess.run([exe] + args, cwd=REPO, capture_output=True, text=True,
                       encoding="utf-8", errors="replace", env=ENV, timeout=120)
  File "C:\Users\lzj\.workbuddy\binaries\python\versions\3.13.12\Lib\subprocess.py", line 554, in run
    with Popen(*popenargs, **kwargs) as process:
         ~~~~~^^^^^^^^^^^^^^^^^^^^^^
  File "C:\Users\lzj\.workbuddy\binaries\python\versions\3.13.12\Lib\subprocess.py", line 1039, in __init__
    self._execute_child(args, executable, preexec_fn, close_fds,
    ~~~~~~~~~~~~~~~~~~~^^^^^^^^^^^^^^^^^^^^^^^^^^^^^^^^^^^^^^^^^
                        pass_fds, cwd, env,
                        ^^^^^^^^^^^^^^^^^^^
    ...<5 lines>...
                        gid, gids, uid, umask,
                        ^^^^^^^^^^^^^^^^^^^^^^
                        start_new_session, process_group)
                        ^^^^^^^^^^^^^^^^^^^^^^^^^^^^^^^^^
  File "C:\Users\lzj\.workbuddy\binaries\python\versions\3.13.12\Lib\subprocess.py", line 1554, in _execute_child
    hp, ht, pid, tid = _winapi.CreateProcess(executable, args,
                       ~~~~~~~~~~~~~~~~~~~~~^^^^^^^^^^^^^^^^^^
                             # no special security
                             ^^^^^^^^^^^^^^^^^^^^^
    ...<4 lines>...
                             cwd,
                             ^^^^
                             startupinfo)
                             ^^^^^^^^^^^^
PermissionError: [WinError 5] 拒绝访问。
