===== detectPlatform（按列名，不看文件名）=====
✅ detectPlatform 淘宝表头 → taobao  (taobao)
✅ detectPlatform 美团表头 → meituan  (meituan)
✅ detectPlatform 空表头 → null
✅ detectPlatform 未知表头 → null
===== 淘宝锚点 =====
✅ 淘宝 行数 156（totals.rowCount）  (got 156)
✅ 淘宝 到手 3779.65 元 = 377965 分  (got 377965)
✅ 淘宝 有效订单数 150（不含退单 6）  (got 150)
✅ 淘宝 归月 months 含 2026-08  (["2026-08"])
===== 美团锚点 =====
✅ 美团 筛后 50 行（totals.rowCount）  (got 50)
✅ 美团 应收 1826.64 元 = 182664 分  (got 182664)
✅ 美团 有效订单数 50  (got 50)
✅ 美团 排除 47 行（全 97 − 筛后 50）  (got 47)
✅ 美团 不筛直接 Σ 会得 1747.95（≠ 收入，已通过筛选避开）  (应收=182664)
===== guessHeader（前 5 行非空文本格最多）=====
✅ guessHeader 淘宝 → 0  (0)
✅ guessHeader 美团 → 0  (0)

============================================================
===== 账单解析自测结果：15 通过 / 0 失败 =====
