===== S1 集合清单一致（collections.js ↔ init_db.js）=====
✅ S1 集合数一致  (单源 27 / 镜像 27)
✅ S1 镜像无缺失集合  (无)
✅ S1 镜像无多余集合  (无)
✅ S1 顺序一致  (（顺序不影响正确性，仅提示）)

===== S2 索引清单一致（逐集合，顺序无关）=====
✅ S2 user  (2 条一致)
✅ S2 shop  (2 条一致)
✅ S2 shop_entitlement  (2 条一致)
✅ S2 shop_subscription  (1 条一致)
✅ S2 shop_payment_flow  (3 条一致)
✅ S2 order_refund  (2 条一致)
✅ S2 shop_monthly_account  (2 条一致)
✅ S2 shop_monthly_income  (1 条一致)
✅ S2 shop_monthly_expense  (1 条一致)
✅ S2 shop_inventory  (1 条一致)
✅ S2 shop_cost_card  (2 条一致)
✅ S2 shop_cost_card_line  (1 条一致)
✅ S2 shop_material  (2 条一致)
✅ S2 shop_sandbox  (2 条一致)
✅ S2 shop_amortize  (1 条一致)
✅ S2 shop_switch  (1 条一致)
✅ S2 audit_log  (4 条一致)
✅ S2 admin_user  (1 条一致)
✅ S2 admin_login_log  (1 条一致)
✅ S2 subscription_plan  (1 条一致)
✅ S2 feature_permissions  (1 条一致)
✅ S2 shop_stored_value  (2 条一致)
✅ S2 shop_credit_ledger  (2 条一致)
✅ S2 shop_income_item  (1 条一致)
✅ S2 shop_expense_item  (1 条一致)
✅ S2 external_sales_daily  (3 条一致)
✅ S2 shop_dish_mapping  (2 条一致)
✅ S2 索引总数一致  (单源 45 / 镜像 45)

===== S3 单源结构不变量（collections.js 自身）=====
✅ S3 INDEXES 的键都是已声明的集合  (覆盖 27 张集合)
✅ S3 每条索引都有 keys  (无空 keys)
✅ S3 unique 只取 true/未写

===== S4 文档声明计数 == 实测 =====
✅ S4 手册·索引总数 至少声明一次  (命中 1 处)
✅ S4 手册·索引总数 声明值 == 实测索引总数  (45)
✅ S4 手册·unique 数 至少声明一次  (命中 1 处)
✅ S4 手册·unique 数 声明值 == 实测unique 数  (12)
✅ S4 工序清单·标题条数 至少声明一次  (命中 1 处)
✅ S4 工序清单·标题条数 声明值 == 实测索引总数  (45)
✅ S4 工序清单·正文条数 至少声明一次  (命中 1 处)
✅ S4 工序清单·正文条数 声明值 == 实测索引总数  (45)
✅ S4 工序清单·重复次数 至少声明一次  (命中 1 处)
✅ S4 工序清单·重复次数 声明值 == 实测索引总数  (45)
✅ S4 工序清单·表说明条数 至少声明一次  (命中 1 处)
✅ S4 工序清单·表说明条数 声明值 == 实测索引总数  (45)
✅ S4 工序清单·集合数 至少声明一次  (命中 1 处)
✅ S4 工序清单·集合数 声明值 == 实测集合数  (27)
✅ S4 重启键·活声明至少一处（fail-closed）  (命中 3 行)
✅ S4 重启键·活声明计数 == 实测索引总数  (L627=45 L640=45 L834=45)
✅ S4 重启键·豁免仍生效「R74 建库单源同步（」  (2 处 · R74 条目：叙述 39→40 的变更本身 + 引用 Runbook 历史快照（该行含 2 处旧值）)
✅ S4 重启键·豁免仍生效「2026-09-14 云端实测」  (1 处 · A7 定案的**历史实测记录**（记录当日实际值，非当前态声明）)
✅ S4 重启键·豁免仍生效「R74 建库单源同步守卫」  (1 处 · §1.3 ⑨ 对 R74 的复盘，引用旧值作为教训)
✅ S4 重启键·豁免仍生效「R75 自检脚本的期望值」  (1 处 · R75/R76 条目本身：叙述"期望值改派生 + 重启键改 40"的变更，合法引用旧值)
✅ S4 重启键·unique 数 至少声明一次  (命中 1 处)
✅ S4 重启键·unique 数 声明值 == 实测unique 数  (12)
✅ S4 verify_docx.py 无写死的「计数类期望值」（须从同名 .md 派生）  (0 处（已全部派生）)

===== S5 工序清单「逐条对照表」≡ 单源 =====
✅ S5 定位到「逐条对照表」  (47 行（含表头/分隔线）)
✅ S5 无无法解析的表格行  (0 行)
✅ S5 对照表行数 == 索引总数  (表 45 行 / 单源 45 条)
✅ S5 行号连续 1..N  (1..45)
✅ S5 表内索引名无重复
✅ S5 每条单源索引都在表中  (45 条)
✅ S5 表中无单源之外的索引  (无)
✅ S5 逐行字段（集合／索引名／升序降序／唯一）全等单源

===== 建库单源同步守卫结果：66 通过 / 0 失败 =====
