===== 用例 A · 宫保鸡丁（单份 · 第 0 层）=====
✅ 鸡胸肉 15元/斤 出成率90% → 净料单位成本 4 位=0.0333(万分333)  (net=333)
✅ 花生米 → 万分200 / 干辣椒 → 万分400 / 葱姜蒜 → 万分100 / 调料油 → 万分200
✅ 明细净料成本合计=8.76(876分)  (=876分)
✅ 🏆 宫保总成本 = 9.75 (975分)  (=975分)
🔍 [变异回验] 宫保总成本：期望±1分均判红，±1 分鉴别力 = ✅
✅ 单品毛利 = 18.25 (1825分)  (=1825分)
✅ 单品毛利率 = 65.18%  (=65.18%)
✅ 反算售价(目标毛利60%) = 24.38 (2438分)  (=2438分)
🔍 [变异回验] 反算售价：期望±1分均判红，±1 分鉴别力 = ✅

===== 用例 B · 红油底料（批量预制 · 第 1 层）=====
✅ 牛油/花椒/豆瓣酱/香料 万分正确
✅ 红油原料合计 = 42.80 (4280分)  (=4280分)
✅ 整批总成本 = 44.80 (4480分)  (=4480分)
✅ 🏆 红油单份半成品 = 4.48 (448分)  (=448分)
🔍 [变异回验] 红油单份：期望±1分均判红，±1 分鉴别力 = ✅

===== 用例 C · 麻辣香锅（引用半成品 · 第 2 层）=====
✅ 时蔬万分60 / 肉丸万分400 / 红油虚拟万分44800
✅ 麻辣明细合计 = 11.48 (1148分)  (=1148分)
✅ 🏆 麻辣香锅总成本 = 12.35 (1235分)  (=1235分)
🔍 [变异回验] 麻辣香锅总成本：期望±1分均判红，±1 分鉴别力 = ✅
✅ 麻辣毛利 = 25.65 (2565分)  (=2565分)
✅ 麻辣毛利率 = 67.50%  (=67.5%)

===== 用例 E · 同步至最新价（鸡胸肉 15→20 元/斤）=====
✅ 鸡胸肉 20元/斤 → 净料=0.0444(万分444)  (net=444)
✅ 新明细合计 = 10.98 (1098分)  (=1098分)
✅ 🏆 同步后新版本总成本 = 12.08 (1208分)  (=1208分)
🔍 [变异回验] 同步后新版本总成本：期望±1分均判红，±1 分鉴别力 = ✅
✅ ⚠️ 反证：辅料不随损耗放大会得 9.73（正确实现必须 ≠9.73）  (辅助放大法=9.221052631578948元, 正确答案=9.75)

===== R38 判据缺口回归：防「逐行 round」（规范 service.js:16）=====
✅ R38：高精度累积 → unit_cost_fen = 2498（非 2499）  (=2498分)
🔍 [变异回验] R38 高精度累积：期望±1分均判红，±1 分鉴别力 = ✅
✅ R38 变异：逐行 round 会得 2499 ≠ 规范值 2498（判据能抓住此 bug）  (逐行 round=2499分, 正确=2498分)
✅ R38 总成本即明细合计（无损耗无辅料）

===== R81 · mode 白名单（预览入口 + 引擎）=====
✅ 预览入口：mode="b" → INVALID_PARAM  (实际=INVALID_PARAM)
✅ 预览入口：mode=2 → INVALID_PARAM  (实际=INVALID_PARAM)
✅ 预览入口：mode="C" → INVALID_PARAM  (实际=INVALID_PARAM)
✅ 预览入口：mode="" → INVALID_PARAM  (实际=INVALID_PARAM)
✅ 预览入口：mode 缺失 → INVALID_PARAM
✅ 预览入口反向：mode='A' 放行
✅ 引擎：mode="b" → 抛 INVALID_PARAM  (实际=INVALID_PARAM)
✅ 引擎：mode=2 → 抛 INVALID_PARAM  (实际=INVALID_PARAM)
✅ 引擎：mode="C" → 抛 INVALID_PARAM  (实际=INVALID_PARAM)
✅ 引擎：mode="" → 抛 INVALID_PARAM  (实际=INVALID_PARAM)
✅ 引擎反向：mode='B' 不抛

==== calcBom 批次 3 自测结果：40 通过 / 0 失败 ====
