- initialize

(node:23508) [DEP0040] DeprecationWarning: The `punycode` module is deprecated. Please use a userland alternative instead.
(Use `微信开发者工具 --trace-deprecation ...` to show where the warning was created)
√ IDE server has started, listening on http://127.0.0.1:39721
- deploy cloudfunctions
- fetching cloud env list
- [importSalesBill] Fetching info of cloudfunction importSalesBill
√ [importSalesBill] cloudfunction importSalesBill exists in the cloud, will update it
- [importSalesBill] upload cloud function importSalesBill - preparing
√ [importSalesBill] upload cloud function importSalesBill - deploy
√ deploy cloudfunctions

┌─────────────────┬─────────┬────────────┬───────────┐
│ (index)         │ success │ filesCount │ packSize  │
├─────────────────┼─────────┼────────────┼───────────┤
│ importSalesBill │ true    │ 18         │ '43.9 KB' │
└─────────────────┴─────────┴────────────┴───────────┘
- initialize

(node:37160) [DEP0040] DeprecationWarning: The `punycode` module is deprecated. Please use a userland alternative instead.
(Use `微信开发者工具 --trace-deprecation ...` to show where the warning was created)
√ IDE server has started, listening on http://127.0.0.1:39721
- deploy cloudfunctions
- fetching cloud env list
- [importSalesBill] Fetching info of cloudfunction importSalesBill
√ [importSalesBill] cloudfunction importSalesBill exists in the cloud, will update it
- [importSalesBill] upload cloud function importSalesBill - preparing
√ [importSalesBill] upload cloud function importSalesBill - deploy
√ deploy cloudfunctions

┌─────────────────┬─────────┬────────────┬───────────┐
│ (index)         │ success │ filesCount │ packSize  │
├─────────────────┼─────────┼────────────┼───────────┤
│ importSalesBill │ true    │ 18         │ '45.5 KB' │
└─────────────────┴─────────┴────────────┴───────────┘
- initialize

(node:33344) [DEP0040] DeprecationWarning: The `punycode` module is deprecated. Please use a userland alternative instead.
(Use `微信开发者工具 --trace-deprecation ...` to show where the warning was created)
√ IDE server has started, listening on http://127.0.0.1:10896
- deploy cloudfunctions
- fetching cloud env list
- [importSalesBill] Fetching info of cloudfunction importSalesBill
√ [importSalesBill] cloudfunction importSalesBill exists in the cloud, will update it
- [importSalesBill] upload cloud function importSalesBill - preparing
√ [importSalesBill] upload cloud function importSalesBill - deploy
√ deploy cloudfunctions

┌─────────────────┬─────────┬────────────┬───────────┐
│ (index)         │ success │ filesCount │ packSize  │
├─────────────────┼─────────┼────────────┼───────────┤
│ importSalesBill │ true    │ 19         │ '52.4 KB' │
└─────────────────┴─────────┴────────────┴───────────┘
- initialize

(node:576) [DEP0040] DeprecationWarning: The `punycode` module is deprecated. Please use a userland alternative instead.
(Use `微信开发者工具 --trace-deprecation ...` to show where the warning was created)
√ IDE server has started, listening on http://127.0.0.1:10896
- deploy cloudfunctions
- fetching cloud env list
- [importSalesBill] Fetching info of cloudfunction importSalesBill
√ [importSalesBill] cloudfunction importSalesBill exists in the cloud, will update it
- [importSalesBill] upload cloud function importSalesBill - preparing
√ [importSalesBill] upload cloud function importSalesBill - deploy
√ deploy cloudfunctions

┌─────────────────┬─────────┬────────────┬───────────┐
│ (index)         │ success │ filesCount │ packSize  │
├─────────────────┼─────────┼────────────┼───────────┤
│ importSalesBill │ true    │ 19         │ '57.8 KB' │
└─────────────────┴─────────┴────────────┴───────────┘
- initialize

(node:27056) [DEP0040] DeprecationWarning: The `punycode` module is deprecated. Please use a userland alternative instead.
(Use `微信开发者工具 --trace-deprecation ...` to show where the warning was created)
√ IDE server has started, listening on http://127.0.0.1:10896
- deploy cloudfunctions
- fetching cloud env list
- [importSalesBill] Fetching info of cloudfunction importSalesBill
√ [importSalesBill] cloudfunction importSalesBill exists in the cloud, will update it
- [importSalesBill] upload cloud function importSalesBill - preparing
√ [importSalesBill] upload cloud function importSalesBill - deploy
√ deploy cloudfunctions

┌─────────────────┬─────────┬────────────┬───────────┐
│ (index)         │ success │ filesCount │ packSize  │
├─────────────────┼─────────┼────────────┼───────────┤
│ importSalesBill │ true    │ 20         │ '62.2 KB' │
└─────────────────┴─────────┴────────────┴───────────┘
